21:19:12 **** Incremental Build of configuration Debug for project dc_motor_command ****
make -j8 all 
arm-none-eabi-gcc "../Core/Src/main.c" -mcpu=cortex-m4 -std=gnu11 -g3 -DDEBUG -DUSE_HAL_DRIVER -DSTM32F429xx -c -I../Core/Inc -I../Drivers/STM32F4xx_HAL_Driver/Inc -I../Drivers/STM32F4xx_HAL_Driver/Inc/Legacy -I../Drivers/CMSIS/Device/ST/STM32F4xx/Include -I../Drivers/CMSIS/Include -O0 -ffunction-sections -fdata-sections -Wall -fstack-usage -fcyclomatic-complexity -MMD -MP -MF"Core/Src/main.d" -MT"Core/Src/main.o" --specs=nano.specs -mfpu=fpv4-sp-d16 -mfloat-abi=hard -mthumb -o "Core/Src/main.o"
arm-none-eabi-gcc -o "dc_motor_command.elf" @"objects.list"   -mcpu=cortex-m4 -T"C:\Users\lthst\Desktop\ICT\dc_motor_command\dc_motor_command\STM32F429ZITX_FLASH.ld" --specs=nosys.specs -Wl,-Map="dc_motor_command.map" -Wl,--gc-sections -static --specs=nano.specs -mfpu=fpv4-sp-d16 -mfloat-abi=hard -mthumb -Wl,--start-group -lc -lm -Wl,--end-group
Finished building target: dc_motor_command.elf
 
arm-none-eabi-size  dc_motor_command.elf 
arm-none-eabi-objdump -h -S dc_motor_command.elf  > "dc_motor_command.list"
   text	   data	    bss	    dec	    hex	filename
  11508	     12	   1660	  13180	   337c	dc_motor_command.elf
Finished building: default.size.stdout
 
Finished building: dc_motor_command.list
 

21:19:14 Build Finished. 0 errors, 0 warnings. (took 1s.703ms)

