2026-08-19 18:01:40,093 [INFO] Activator:176 - 


2026-08-19 18:01:40,096 [INFO] Activator:177 - !SESSION log4j initialized
2026-08-19 18:01:45,188 [INFO] LogOutputStream:77 - [STDOUT_REDIRECT] 
2026-08-19 18:01:50,757 [INFO] ApplicationProperties:184 - Using Application install path: C:\ST\STM32CubeIDE_1.18.0\STM32CubeIDE\plugins\com.st.stm32cube.common.mx_6.14.0.202502271554
2026-08-19 18:01:50,789 [INFO] DbMcusXml:78 - Set database path to: C:\ST\STM32CubeIDE_1.18.0\STM32CubeIDE\plugins\com.st.stm32cube.common.mx_6.14.0.202502271554\\db\/mcu/
2026-08-19 18:01:50,789 [INFO] ApiDb:274 - Set plugin database path to: C:\ST\STM32CubeIDE_1.18.0\STM32CubeIDE\plugins\com.st.stm32cube.common.mx_6.14.0.202502271554\\db\/plugins/boardmanager/
2026-08-19 18:01:50,790 [WARN] ApiDb:259 - Overriding images path with different value:  => C:\ST\STM32CubeIDE_1.18.0\STM32CubeIDE\plugins\com.st.stm32cube.common.mx_6.14.0.202502271554\\db\/plugins/mcufinder/images/
2026-08-19 18:01:50,799 [INFO] ApiDb:250 - Set database path to: C:\Users\lthst\.stmcufinder\plugins\mcufinder//mcu/
2026-08-19 18:01:50,801 [INFO] DbMcusAds:125 - Set database path to: C:\Users\lthst\.stmcufinder\plugins\mcufinder//mcu/
2026-08-19 18:01:50,804 [INFO] CrossReferenceDbSqlite:203 - Set database path to: C:\Users\lthst\.stmcufinder\plugins\mcufinder//mcu/cs/
2026-08-19 18:01:51,048 [INFO] RulesReader:64 - Compatibility file has been processed (301 Rules)
2026-08-19 18:01:51,206 [INFO] DbMcusXml:78 - Set database path to: C:\ST\STM32CubeIDE_1.18.0\STM32CubeIDE\plugins\com.st.stm32cube.common.mx_6.14.0.202502271554\\db\/mcu/
2026-08-19 18:01:51,206 [INFO] ApiDb:274 - Set plugin database path to: C:\ST\STM32CubeIDE_1.18.0\STM32CubeIDE\plugins\com.st.stm32cube.common.mx_6.14.0.202502271554\\db\/plugins/boardmanager/
2026-08-19 18:01:51,206 [INFO] ApiDb:261 - Set plugin images path to: C:\ST\STM32CubeIDE_1.18.0\STM32CubeIDE\plugins\com.st.stm32cube.common.mx_6.14.0.202502271554\\db\/plugins/mcufinder/images/
2026-08-19 18:01:51,207 [WARN] DbFile:41 - Overriding database path with different value: C:\Users\lthst\.stmcufinder\plugins\mcufinder/ => C:\Users\lthst\.stmcufinder\plugins\mcufinder
2026-08-19 18:01:51,207 [INFO] ApiDb:250 - Set database path to: C:\Users\lthst\.stmcufinder\plugins\mcufinder//mcu/
2026-08-19 18:01:51,207 [WARN] DbFile:41 - Overriding database path with different value: C:\Users\lthst\.stmcufinder\plugins\mcufinder/ => C:\Users\lthst\.stmcufinder\plugins\mcufinder
2026-08-19 18:01:51,207 [INFO] DbMcusAds:125 - Set database path to: C:\Users\lthst\.stmcufinder\plugins\mcufinder//mcu/
2026-08-19 18:01:51,207 [WARN] DbFile:41 - Overriding database path with different value: C:\Users\lthst\.stmcufinder\plugins\mcufinder/ => C:\Users\lthst\.stmcufinder\plugins\mcufinder
2026-08-19 18:01:51,208 [WARN] DbFile:41 - Overriding database path with different value: C:\Users\lthst\.stmcufinder\plugins\mcufinder/ => C:\Users\lthst\.stmcufinder\plugins\mcufinder
2026-08-19 18:01:51,208 [INFO] CrossReferenceDbSqlite:203 - Set database path to: C:\Users\lthst\.stmcufinder\plugins\mcufinder//mcu/cs/
2026-08-19 18:01:51,346 [INFO] MainPanel:272 - HeapMemory: 268435456
2026-08-19 18:01:51,526 [INFO] DbMcusXml:78 - Set database path to: C:\ST\STM32CubeIDE_1.18.0\STM32CubeIDE\plugins\com.st.stm32cube.common.mx_6.14.0.202502271554\\db\/mcu/
2026-08-19 18:01:51,526 [INFO] ApiDb:274 - Set plugin database path to: C:\ST\STM32CubeIDE_1.18.0\STM32CubeIDE\plugins\com.st.stm32cube.common.mx_6.14.0.202502271554\\db\/plugins/boardmanager/
2026-08-19 18:01:51,527 [INFO] ApiDb:261 - Set plugin images path to: C:\ST\STM32CubeIDE_1.18.0\STM32CubeIDE\plugins\com.st.stm32cube.common.mx_6.14.0.202502271554\\db\/plugins/mcufinder/images/
2026-08-19 18:01:51,527 [WARN] DbFile:41 - Overriding database path with different value: C:\Users\lthst\.stmcufinder\plugins\mcufinder/ => C:\Users\lthst\.stmcufinder\plugins\mcufinder
2026-08-19 18:01:51,527 [INFO] ApiDb:250 - Set database path to: C:\Users\lthst\.stmcufinder\plugins\mcufinder//mcu/
2026-08-19 18:01:51,527 [WARN] DbFile:41 - Overriding database path with different value: C:\Users\lthst\.stmcufinder\plugins\mcufinder/ => C:\Users\lthst\.stmcufinder\plugins\mcufinder
2026-08-19 18:01:51,528 [INFO] DbMcusAds:125 - Set database path to: C:\Users\lthst\.stmcufinder\plugins\mcufinder//mcu/
2026-08-19 18:01:51,528 [WARN] DbFile:41 - Overriding database path with different value: C:\Users\lthst\.stmcufinder\plugins\mcufinder/ => C:\Users\lthst\.stmcufinder\plugins\mcufinder
2026-08-19 18:01:51,528 [WARN] DbFile:41 - Overriding database path with different value: C:\Users\lthst\.stmcufinder\plugins\mcufinder/ => C:\Users\lthst\.stmcufinder\plugins\mcufinder
2026-08-19 18:01:51,528 [INFO] CrossReferenceDbSqlite:203 - Set database path to: C:\Users\lthst\.stmcufinder\plugins\mcufinder//mcu/cs/
2026-08-19 18:01:51,561 [INFO] ApplicationProperties:184 - Using Application install path: C:\ST\STM32CubeIDE_1.18.0\STM32CubeIDE\plugins\com.st.stm32cube.common.mx_6.14.0.202502271554
2026-08-19 18:01:51,563 [INFO] PluginManage:196 - Search for loadable plugins [exclusion list=, ]
2026-08-19 18:01:51,565 [INFO] PluginManage:310 - Check plugin analytics
2026-08-19 18:01:51,923 [INFO] AnalyticsPlugin:253 - Accepted Software Licenses: 
2026-08-19 18:01:51,924 [INFO] AnalyticsPlugin:255 - Accepted CMSIS Pack Licenses: 
2026-08-19 18:01:51,924 [INFO] AnalyticsPlugin:257 - Accepted Firmware Licenses: FW.F4.1.28.0
2026-08-19 18:01:51,929 [INFO] PluginManage:359 - Loaded plugin analytics (category:tool,tabindex:-1)
2026-08-19 18:01:51,930 [INFO] PluginManage:310 - Check plugin cadmodel
2026-08-19 18:01:51,960 [INFO] CADModel:105 - Init CAD model plugin
2026-08-19 18:01:51,960 [INFO] PluginManage:359 - Loaded plugin cadmodel (category:power,tabindex:5)
2026-08-19 18:01:51,960 [INFO] PluginManage:310 - Check plugin clock
2026-08-19 18:01:51,996 [INFO] PluginManage:359 - Loaded plugin clock (category:base,tabindex:2)
2026-08-19 18:01:51,996 [INFO] PluginManage:310 - Check plugin ddr
2026-08-19 18:01:52,000 [INFO] PluginManage:359 - Loaded plugin ddr (category:tool,tabindex:6)
2026-08-19 18:01:52,000 [INFO] PluginManage:310 - Check plugin filemanager
2026-08-19 18:01:52,280 [INFO] PluginManage:359 - Loaded plugin filemanager (category:base,tabindex:10)
2026-08-19 18:01:52,281 [INFO] PluginManage:310 - Check plugin ipmanager
2026-08-19 18:01:52,292 [INFO] PluginManage:359 - Loaded plugin ipmanager (category:base,tabindex:5)
2026-08-19 18:01:52,292 [INFO] PluginManage:310 - Check plugin lpbam
2026-08-19 18:01:52,317 [INFO] PluginManage:359 - Loaded plugin lpbam (category:base,tabindex:0)
2026-08-19 18:01:52,318 [INFO] PluginManage:310 - Check plugin memorymap
2026-08-19 18:01:52,351 [INFO] PluginManage:359 - Loaded plugin memorymap (category:base,tabindex:4)
2026-08-19 18:01:52,351 [INFO] PluginManage:310 - Check plugin pinoutandconfiguration
2026-08-19 18:01:52,378 [INFO] PluginManage:359 - Loaded plugin pinoutandconfiguration (category:base,tabindex:1)
2026-08-19 18:01:52,378 [INFO] PluginManage:310 - Check plugin pinoutconfig
2026-08-19 18:01:52,500 [WARN] SupportedApi:132 - Cannot load RTOS API schema: s4s-elt-must-match.1: The content of 'definitions' must match (annotation?, (simpleType | complexType)?, (unique | key | keyref)*)). A problem was found starting at: attribute.
2026-08-19 18:01:52,651 [INFO] PluginManage:359 - Loaded plugin pinoutconfig (category:base,tabindex:0)
2026-08-19 18:01:52,652 [INFO] PluginManage:310 - Check plugin power
2026-08-19 18:01:52,680 [INFO] PluginManage:359 - Loaded plugin power (category:power,tabindex:4)
2026-08-19 18:01:52,680 [INFO] PluginManage:310 - Check plugin projectmanager
2026-08-19 18:01:52,699 [INFO] PluginManage:359 - Loaded plugin projectmanager (category:projectmanager,tabindex:4)
2026-08-19 18:01:52,700 [INFO] PluginManage:310 - Check plugin rif
2026-08-19 18:01:52,722 [INFO] PluginManage:359 - Loaded plugin rif (category:base,tabindex:3)
2026-08-19 18:01:52,723 [INFO] PluginManage:310 - Check plugin thirdparty
2026-08-19 18:01:53,135 [INFO] PluginManage:359 - Loaded plugin thirdparty (category:base,tabindex:-1)
2026-08-19 18:01:53,136 [INFO] PluginManage:310 - Check plugin tools
2026-08-19 18:01:53,135 [WARN] IntegrityCheckThread:84 - waiting for thirdparty lock release [integrity check]
2026-08-19 18:01:53,136 [INFO] IntegrityCheckThread:86 - entering critical section [integrity check]
2026-08-19 18:01:53,136 [INFO] ThirdPartyUpdaterWithRetryManager:70 - Updater plugin not ready yet. [1/15]
2026-08-19 18:01:53,185 [INFO] PluginManage:359 - Loaded plugin tools (category:base,tabindex:7)
2026-08-19 18:01:53,186 [INFO] PluginManage:310 - Check plugin tutovideos
2026-08-19 18:01:53,383 [INFO] PluginManage:359 - Loaded plugin tutovideos (category:base,tabindex:-1)
2026-08-19 18:01:53,383 [INFO] PluginManage:310 - Check plugin updater
2026-08-19 18:01:53,405 [INFO] PluginManage:359 - Loaded plugin updater (category:base,tabindex:12)
2026-08-19 18:01:53,405 [INFO] PluginManage:310 - Check plugin userauth
2026-08-19 18:01:53,409 [INFO] UserAuth:118 - Init User Auth plugin
2026-08-19 18:01:53,410 [INFO] PluginManage:359 - Loaded plugin userauth (category:base,tabindex:14)
2026-08-19 18:01:53,410 [INFO] PluginManage:283 - PluginManage : Loaded plugins [18]
2026-08-19 18:01:53,659 [INFO] PinOutPanel:1589 - setPackage(No Configuration,No Configuration)
2026-08-19 18:01:53,771 [INFO] CADModel:165 - CPN selected for project level
2026-08-19 18:01:53,771 [INFO] CADModel:114 - Register for checkConnection events
2026-08-19 18:01:53,803 [INFO] IPUIPlugin:80 - create IPUIPlugin
2026-08-19 18:01:53,803 [INFO] PluginManager:220 - loadIPPluginJar : add adc
2026-08-19 18:01:53,865 [INFO] IPUIPlugin:80 - create IPUIPlugin
2026-08-19 18:01:53,865 [INFO] PluginManager:220 - loadIPPluginJar : add aes
2026-08-19 18:01:53,933 [INFO] IPUIPlugin:80 - create IPUIPlugin
2026-08-19 18:01:53,934 [INFO] PluginManager:220 - loadIPPluginJar : add can
2026-08-19 18:01:53,971 [INFO] IPUIPlugin:80 - create IPUIPlugin
2026-08-19 18:01:53,972 [INFO] PluginManager:220 - loadIPPluginJar : add comp
2026-08-19 18:01:54,023 [INFO] IPUIPlugin:80 - create IPUIPlugin
2026-08-19 18:01:54,023 [INFO] PluginManager:220 - loadIPPluginJar : add cryp
2026-08-19 18:01:54,041 [INFO] IPUIPlugin:80 - create IPUIPlugin
2026-08-19 18:01:54,041 [INFO] PluginManager:220 - loadIPPluginJar : add ddr_ctrl_phy
2026-08-19 18:01:54,086 [INFO] IPUIPlugin:80 - create IPUIPlugin
2026-08-19 18:01:54,086 [INFO] PluginManager:220 - loadIPPluginJar : add dfsdm
2026-08-19 18:01:54,102 [INFO] IPUIPlugin:80 - create IPUIPlugin
2026-08-19 18:01:54,102 [INFO] PluginManager:220 - loadIPPluginJar : add dma
2026-08-19 18:01:54,160 [INFO] IPUIPlugin:80 - create IPUIPlugin
2026-08-19 18:01:54,161 [INFO] PluginManager:220 - loadIPPluginJar : add dma3
2026-08-19 18:01:54,238 [INFO] IPUIPlugin:80 - create IPUIPlugin
2026-08-19 18:01:54,238 [INFO] PluginManager:220 - loadIPPluginJar : add extmemmanager
2026-08-19 18:01:54,268 [INFO] IPUIPlugin:80 - create IPUIPlugin
2026-08-19 18:01:54,268 [INFO] PluginManager:220 - loadIPPluginJar : add fatfs
2026-08-19 18:01:54,334 [INFO] IPUIPlugin:80 - create IPUIPlugin
2026-08-19 18:01:54,335 [INFO] PluginManager:220 - loadIPPluginJar : add fmc
2026-08-19 18:01:54,351 [INFO] IPUIPlugin:80 - create IPUIPlugin
2026-08-19 18:01:54,352 [INFO] PluginManager:220 - loadIPPluginJar : add freertos
2026-08-19 18:01:54,379 [INFO] IPUIPlugin:80 - create IPUIPlugin
2026-08-19 18:01:54,379 [INFO] PluginManager:220 - loadIPPluginJar : add genericplugin
2026-08-19 18:01:54,507 [INFO] IPUIPlugin:80 - create IPUIPlugin
2026-08-19 18:01:54,508 [INFO] PluginManager:220 - loadIPPluginJar : add gfxmmu
2026-08-19 18:01:54,675 [INFO] IPUIPlugin:80 - create IPUIPlugin
2026-08-19 18:01:54,675 [INFO] PluginManager:220 - loadIPPluginJar : add gic
2026-08-19 18:01:54,691 [INFO] IPUIPlugin:80 - create IPUIPlugin
2026-08-19 18:01:54,692 [INFO] PluginManager:220 - loadIPPluginJar : add gpio
2026-08-19 18:01:54,820 [INFO] IPUIPlugin:80 - create IPUIPlugin
2026-08-19 18:01:54,820 [INFO] PluginManager:220 - loadIPPluginJar : add gtzc
2026-08-19 18:01:54,861 [INFO] IPUIPlugin:80 - create IPUIPlugin
2026-08-19 18:01:54,862 [INFO] PluginManager:220 - loadIPPluginJar : add hash
2026-08-19 18:01:54,931 [INFO] IPUIPlugin:80 - create IPUIPlugin
2026-08-19 18:01:54,931 [INFO] PluginManager:220 - loadIPPluginJar : add i2c
2026-08-19 18:01:54,980 [INFO] IPUIPlugin:80 - create IPUIPlugin
2026-08-19 18:01:54,980 [INFO] PluginManager:220 - loadIPPluginJar : add i2s
2026-08-19 18:01:55,034 [INFO] IPUIPlugin:80 - create IPUIPlugin
2026-08-19 18:01:55,034 [INFO] PluginManager:220 - loadIPPluginJar : add i3c
2026-08-19 18:01:55,170 [INFO] IPUIPlugin:80 - create IPUIPlugin
2026-08-19 18:01:55,170 [INFO] PluginManager:220 - loadIPPluginJar : add ipddr
2026-08-19 18:01:55,285 [INFO] IPUIPlugin:80 - create IPUIPlugin
2026-08-19 18:01:55,285 [INFO] PluginManager:220 - loadIPPluginJar : add linkedlist
2026-08-19 18:01:55,341 [INFO] IPUIPlugin:80 - create IPUIPlugin
2026-08-19 18:01:55,341 [INFO] PluginManager:220 - loadIPPluginJar : add lorawan
2026-08-19 18:01:55,389 [INFO] IPUIPlugin:80 - create IPUIPlugin
2026-08-19 18:01:55,389 [INFO] PluginManager:220 - loadIPPluginJar : add ltdc
2026-08-19 18:01:55,406 [INFO] IPUIPlugin:80 - create IPUIPlugin
2026-08-19 18:01:55,406 [INFO] PluginManager:220 - loadIPPluginJar : add mdma
2026-08-19 18:01:55,420 [INFO] IPUIPlugin:80 - create IPUIPlugin
2026-08-19 18:01:55,420 [INFO] PluginManager:220 - loadIPPluginJar : add nvic
2026-08-19 18:01:55,466 [INFO] IPUIPlugin:80 - create IPUIPlugin
2026-08-19 18:01:55,467 [INFO] PluginManager:220 - loadIPPluginJar : add opamp
2026-08-19 18:01:55,551 [INFO] IPUIPlugin:80 - create IPUIPlugin
2026-08-19 18:01:55,551 [INFO] PluginManager:220 - loadIPPluginJar : add openamp
2026-08-19 18:01:55,606 [INFO] IPUIPlugin:80 - create IPUIPlugin
2026-08-19 18:01:55,606 [INFO] PluginManager:220 - loadIPPluginJar : add pdm2pcm
2026-08-19 18:01:55,623 [INFO] IPUIPlugin:80 - create IPUIPlugin
2026-08-19 18:01:55,625 [INFO] PluginManager:220 - loadIPPluginJar : add plateformsettings
2026-08-19 18:01:55,652 [INFO] IPUIPlugin:80 - create IPUIPlugin
2026-08-19 18:01:55,652 [INFO] PluginManager:220 - loadIPPluginJar : add quadspi
2026-08-19 18:01:55,685 [INFO] IPUIPlugin:80 - create IPUIPlugin
2026-08-19 18:01:55,686 [INFO] PluginManager:220 - loadIPPluginJar : add radio
2026-08-19 18:01:55,701 [INFO] IPUIPlugin:80 - create IPUIPlugin
2026-08-19 18:01:55,701 [INFO] PluginManager:220 - loadIPPluginJar : add resmgrutility
2026-08-19 18:01:55,765 [INFO] IPUIPlugin:80 - create IPUIPlugin
2026-08-19 18:01:55,765 [INFO] PluginManager:220 - loadIPPluginJar : add sai
2026-08-19 18:01:55,816 [INFO] IPUIPlugin:80 - create IPUIPlugin
2026-08-19 18:01:55,816 [INFO] PluginManager:220 - loadIPPluginJar : add spi
2026-08-19 18:01:55,928 [INFO] IPUIPlugin:80 - create IPUIPlugin
2026-08-19 18:01:55,928 [INFO] PluginManager:220 - loadIPPluginJar : add stm32_wpan
2026-08-19 18:01:55,957 [INFO] IPUIPlugin:80 - create IPUIPlugin
2026-08-19 18:01:55,958 [INFO] PluginManager:220 - loadIPPluginJar : add tim
2026-08-19 18:01:56,037 [INFO] IPUIPlugin:80 - create IPUIPlugin
2026-08-19 18:01:56,037 [INFO] PluginManager:220 - loadIPPluginJar : add touchsensing
2026-08-19 18:01:56,066 [INFO] IPUIPlugin:80 - create IPUIPlugin
2026-08-19 18:01:56,066 [INFO] PluginManager:220 - loadIPPluginJar : add tracer_emb
2026-08-19 18:01:56,094 [INFO] IPUIPlugin:80 - create IPUIPlugin
2026-08-19 18:01:56,094 [INFO] PluginManager:220 - loadIPPluginJar : add ts
2026-08-19 18:01:56,119 [INFO] IPUIPlugin:80 - create IPUIPlugin
2026-08-19 18:01:56,120 [INFO] PluginManager:220 - loadIPPluginJar : add tsc
2026-08-19 18:01:56,138 [INFO] ThirdPartyUpdaterWithRetryManager:70 - Updater plugin not ready yet. [2/15]
2026-08-19 18:01:56,149 [INFO] IPUIPlugin:80 - create IPUIPlugin
2026-08-19 18:01:56,149 [INFO] PluginManager:220 - loadIPPluginJar : add ucpd
2026-08-19 18:01:56,207 [INFO] IPUIPlugin:80 - create IPUIPlugin
2026-08-19 18:01:56,207 [INFO] PluginManager:220 - loadIPPluginJar : add usart
2026-08-19 18:01:56,262 [INFO] IPUIPlugin:80 - create IPUIPlugin
2026-08-19 18:01:56,262 [INFO] PluginManager:220 - loadIPPluginJar : add usbx
2026-08-19 18:01:56,382 [FATAL] Updater:351 - Updater called before beeing initialized
2026-08-19 18:01:56,405 [INFO] RulesReader:64 - Compatibility file has been processed (301 Rules)
2026-08-19 18:01:56,415 [INFO] RulesReader:64 - Compatibility file has been processed (301 Rules)
2026-08-19 18:01:56,421 [INFO] CADModel:165 - CPN selected for project level
2026-08-19 18:01:56,421 [INFO] CADModel:114 - Register for checkConnection events
2026-08-19 18:01:56,422 [FATAL] Updater:351 - Updater called before beeing initialized
2026-08-19 18:01:56,422 [ERROR] CADModel:125 - Updater not yet initialized, retry later 
2026-08-19 18:01:56,564 [FATAL] Updater:351 - Updater called before beeing initialized
2026-08-19 18:01:56,566 [INFO] CADModel:165 - CPN selected for project level
2026-08-19 18:01:56,566 [INFO] CADModel:114 - Register for checkConnection events
2026-08-19 18:01:56,566 [FATAL] Updater:351 - Updater called before beeing initialized
2026-08-19 18:01:56,566 [ERROR] CADModel:125 - Updater not yet initialized, retry later 
2026-08-19 18:01:56,569 [FATAL] Updater:351 - Updater called before beeing initialized
2026-08-19 18:01:56,703 [FATAL] Updater:351 - Updater called before beeing initialized
2026-08-19 18:01:56,718 [INFO] DbMcusAds:53 - JSON generation date=Wed Jul 15 18:44:54 KST 2026 (1784108694001)
2026-08-19 18:01:56,719 [FATAL] Updater:351 - Updater called before beeing initialized
2026-08-19 18:01:56,760 [WARN] DetailPanel:346 - Failed to get advertising image, set to default
2026-08-19 18:01:57,067 [FATAL] Updater:351 - Updater called before beeing initialized
2026-08-19 18:01:57,070 [FATAL] Updater:351 - Updater called before beeing initialized
2026-08-19 18:01:57,070 [FATAL] Updater:351 - Updater called before beeing initialized
2026-08-19 18:01:57,070 [WARN] DetailPanel:346 - Failed to get advertising image, set to default
2026-08-19 18:01:57,071 [FATAL] Updater:351 - Updater called before beeing initialized
2026-08-19 18:01:57,136 [ERROR] Updater:1198 - MainUpdater not yet initialized. External WinMGr cannot be set.
2026-08-19 18:01:57,151 [INFO] Updater:1134 - Updater Version found : 6.14.0
2026-08-19 18:01:57,169 [INFO] ApplicationProperties:184 - Using Application install path: C:\ST\STM32CubeIDE_1.18.0\STM32CubeIDE\plugins\com.st.stm32cube.common.mx_6.14.0.202502271554
2026-08-19 18:01:57,638 [INFO] MainUpdater:2872 - connection check result : 10
2026-08-19 18:01:57,639 [INFO] MainUpdater:289 - Updater Check For Update Now.
2026-08-19 18:01:57,639 [INFO] MicroXplorer:498 - Change Database Version : DB.6.0.140
2026-08-19 18:01:57,661 [INFO] McuFinderGlobals:63 - Set McuFinder mode to 2 (CubeIDE integrated)
2026-08-19 18:01:57,672 [INFO] UserAuth:486 - Internet connection configuration mode: 1
2026-08-19 18:01:57,717 [INFO] JxBrowserEngine:152 - Initiate JxBrowser Engine with user profile folder
2026-08-19 18:01:57,912 [INFO] CheckServerUpdateThread:120 - End of CheckServer Thread
2026-08-19 18:01:58,776 [INFO] WebApp:169 - Instantiating new browser for Auth
2026-08-19 18:01:59,860 [WARN] PackLoader:240 - Cannot read IP mode file for STMicroelectronics.X-CUBE-AZRTOS-H7.3.5.0
2026-08-19 18:01:59,914 [WARN] PackLoader:240 - Cannot read IP mode file for STMicroelectronics.FP-SNS-MOTENVWB1.1.4.0
2026-08-19 18:01:59,969 [WARN] PackLoader:240 - Cannot read IP mode file for STMicroelectronics.FP-ATR-ASTRA1.2.0.3
2026-08-19 18:01:59,998 [WARN] PackLoader:240 - Cannot read IP mode file for STMicroelectronics.FP-ATR-ASTRA1.2.0.2
2026-08-19 18:02:00,042 [ERROR] Engine:466 - C:\Users\lthst\.stm32cubemx\thirdparties\pdsc\STMicroelectronics.X-CUBE-SMBUS.2.1.1.pdsc: PDSC version is not supported
2026-08-19 18:02:00,076 [WARN] PackLoader:240 - Cannot read IP mode file for STMicroelectronics.X-CUBE-SMBUS.2.1.0
2026-08-19 18:02:00,119 [WARN] PackLoader:240 - Cannot read IP mode file for STMicroelectronics.X-CUBE-WB05N.1.1.0
2026-08-19 18:02:00,156 [WARN] PackLoader:240 - Cannot read IP mode file for STMicroelectronics.X-CUBE-ST60.1.0.0
2026-08-19 18:02:00,246 [WARN] PackLoader:240 - Cannot read IP mode file for STMicroelectronics.X-CUBE-AZRTOS-F7.1.1.0
2026-08-19 18:02:00,293 [ERROR] Engine:466 - C:\Users\lthst\.stm32cubemx\thirdparties\pdsc\STMicroelectronics.X-CUBE-FREERTOS.1.6.0.pdsc: PDSC version is not supported
2026-08-19 18:02:00,329 [ERROR] Engine:466 - C:\Users\lthst\.stm32cubemx\thirdparties\pdsc\STMicroelectronics.FP-SNS-MOTENV1.5.1.0.pdsc: PDSC version is not supported
2026-08-19 18:02:00,491 [WARN] PackLoader:240 - Cannot read IP mode file for STMicroelectronics.X-CUBE-AZRTOS-H7RS.1.3.0
2026-08-19 18:02:00,585 [WARN] PackLoader:240 - Cannot read IP mode file for Infineon.AIROC-Wi-Fi-Bluetooth-STM32.1.7.0
2026-08-19 18:02:00,907 [INFO] WebApp:463 - Apply proxy settings
2026-08-19 18:02:00,908 [INFO] WebApp:548 - Chromium requires no authentication
2026-08-19 18:02:00,958 [WARN] PackLoader:240 - Cannot read IP mode file for STMicroelectronics.X-CUBE-AZRTOS-H7.3.4.0
2026-08-19 18:02:00,987 [INFO] WebApp:491 - Direct internet connection detected
2026-08-19 18:02:01,065 [WARN] PackLoader:240 - Cannot read IP mode file for STMicroelectronics.X-CUBE-DISPLAY.3.0.0
2026-08-19 18:02:01,142 [WARN] PackLoader:240 - Cannot read IP mode file for STMicroelectronics.X-CUBE-GNSS1.7.1.1
2026-08-19 18:02:01,165 [INFO] WebApp:894 - Register for checkConnection events
2026-08-19 18:02:01,170 [INFO] WebApp:463 - Apply proxy settings
2026-08-19 18:02:01,170 [INFO] WebApp:548 - Chromium requires no authentication
2026-08-19 18:02:01,175 [INFO] WebApp:491 - Direct internet connection detected
2026-08-19 18:02:01,192 [ERROR] Engine:466 - C:\Users\lthst\.stm32cubemx\thirdparties\pdsc\STMicroelectronics.FP-SNS-MOTENVWB1.1.5.0.pdsc: PDSC version is not supported
2026-08-19 18:02:01,255 [WARN] PackLoader:240 - Cannot read IP mode file for STMicroelectronics.X-CUBE-NFC10.1.0.0
2026-08-19 18:02:01,354 [WARN] PackLoader:240 - Cannot read IP mode file for STMicroelectronics.X-CUBE-BLEMGR.4.0.0
2026-08-19 18:02:01,427 [WARN] PackLoader:240 - Cannot read IP mode file for STMicroelectronics.X-CUBE-ST60.1.1.0
2026-08-19 18:02:01,490 [WARN] PackLoader:240 - Cannot read IP mode file for emotas.I-CUBE-CANOPEN.1.3.0
2026-08-19 18:02:01,529 [ERROR] Engine:466 - C:\Users\lthst\.stm32cubemx\thirdparties\pdsc\STMicroelectronics.X-CUBE-WBA.1.1.0.pdsc: PDSC version is not supported
2026-08-19 18:02:01,574 [WARN] PackLoader:240 - Cannot read IP mode file for STMicroelectronics.X-CUBE-GNSS1.7.1.0
2026-08-19 18:02:01,632 [INFO] WebApp:191 - Connection restablished
2026-08-19 18:02:01,673 [WARN] ConditionMgr:438 - getConditionDescription Invalid condition id : Cortex-A Device cause : null
2026-08-19 18:02:01,962 [WARN] ConditionMgr:1044 - genDependencies : Invalid condition id : Cortex-A Device cause : null
2026-08-19 18:02:01,962 [WARN] ConditionMgr:1044 - genDependencies : Invalid condition id : Cortex-A Device cause : null
2026-08-19 18:02:01,962 [WARN] ConditionMgr:1044 - genDependencies : Invalid condition id : Cortex-A Device cause : null
2026-08-19 18:02:02,043 [WARN] PackLoader:240 - Cannot read IP mode file for STMicroelectronics.X-CUBE-AI.10.0.0
2026-08-19 18:02:02,270 [ERROR] Engine:466 - C:\Users\lthst\.stm32cubemx\thirdparties\pdsc\STMicroelectronics.FP-SNS-STBOX1.2.1.0.pdsc: PDSC version is not supported
2026-08-19 18:02:02,339 [ERROR] LogOutputStream:75 - [STDERR_REDIRECT] 
2026-08-19 18:02:02,444 [WARN] PackLoader:240 - Cannot read IP mode file for STMicroelectronics.FP-SNS-SMARTAG2.1.2.0
2026-08-19 18:02:02,523 [WARN] PackLoader:240 - Cannot read IP mode file for STMicroelectronics.FP-SNS-FLIGHT1.5.1.0
