2026-08-19 18:05:29,776 [INFO] Activator:176 - 


2026-08-19 18:05:29,779 [INFO] Activator:177 - !SESSION log4j initialized
2026-08-19 18:05:33,355 [INFO] LogOutputStream:77 - [STDOUT_REDIRECT] 
2026-08-19 18:06:23,449 [INFO] ApplicationProperties:184 - Using Application install path: C:\ST\STM32CubeIDE_1.18.0\STM32CubeIDE\plugins\com.st.stm32cube.common.mx_6.14.0.202502271554
2026-08-19 18:06:23,469 [INFO] DbMcusXml:78 - Set database path to: C:\ST\STM32CubeIDE_1.18.0\STM32CubeIDE\plugins\com.st.stm32cube.common.mx_6.14.0.202502271554\\db\/mcu/
2026-08-19 18:06:23,469 [INFO] ApiDb:274 - Set plugin database path to: C:\ST\STM32CubeIDE_1.18.0\STM32CubeIDE\plugins\com.st.stm32cube.common.mx_6.14.0.202502271554\\db\/plugins/boardmanager/
2026-08-19 18:06:23,469 [WARN] ApiDb:259 - Overriding images path with different value:  => C:\ST\STM32CubeIDE_1.18.0\STM32CubeIDE\plugins\com.st.stm32cube.common.mx_6.14.0.202502271554\\db\/plugins/mcufinder/images/
2026-08-19 18:06:23,476 [INFO] ApiDb:250 - Set database path to: C:\Users\lthst\.stmcufinder\plugins\mcufinder//mcu/
2026-08-19 18:06:23,476 [INFO] DbMcusAds:125 - Set database path to: C:\Users\lthst\.stmcufinder\plugins\mcufinder//mcu/
2026-08-19 18:06:23,485 [INFO] CrossReferenceDbSqlite:203 - Set database path to: C:\Users\lthst\.stmcufinder\plugins\mcufinder//mcu/cs/
2026-08-19 18:06:23,671 [INFO] RulesReader:64 - Compatibility file has been processed (301 Rules)
2026-08-19 18:06:23,782 [INFO] DbMcusXml:78 - Set database path to: C:\ST\STM32CubeIDE_1.18.0\STM32CubeIDE\plugins\com.st.stm32cube.common.mx_6.14.0.202502271554\\db\/mcu/
2026-08-19 18:06:23,782 [INFO] ApiDb:274 - Set plugin database path to: C:\ST\STM32CubeIDE_1.18.0\STM32CubeIDE\plugins\com.st.stm32cube.common.mx_6.14.0.202502271554\\db\/plugins/boardmanager/
2026-08-19 18:06:23,782 [INFO] ApiDb:261 - Set plugin images path to: C:\ST\STM32CubeIDE_1.18.0\STM32CubeIDE\plugins\com.st.stm32cube.common.mx_6.14.0.202502271554\\db\/plugins/mcufinder/images/
2026-08-19 18:06:23,782 [WARN] DbFile:41 - Overriding database path with different value: C:\Users\lthst\.stmcufinder\plugins\mcufinder/ => C:\Users\lthst\.stmcufinder\plugins\mcufinder
2026-08-19 18:06:23,782 [INFO] ApiDb:250 - Set database path to: C:\Users\lthst\.stmcufinder\plugins\mcufinder//mcu/
2026-08-19 18:06:23,782 [WARN] DbFile:41 - Overriding database path with different value: C:\Users\lthst\.stmcufinder\plugins\mcufinder/ => C:\Users\lthst\.stmcufinder\plugins\mcufinder
2026-08-19 18:06:23,782 [INFO] DbMcusAds:125 - Set database path to: C:\Users\lthst\.stmcufinder\plugins\mcufinder//mcu/
2026-08-19 18:06:23,782 [WARN] DbFile:41 - Overriding database path with different value: C:\Users\lthst\.stmcufinder\plugins\mcufinder/ => C:\Users\lthst\.stmcufinder\plugins\mcufinder
2026-08-19 18:06:23,782 [WARN] DbFile:41 - Overriding database path with different value: C:\Users\lthst\.stmcufinder\plugins\mcufinder/ => C:\Users\lthst\.stmcufinder\plugins\mcufinder
2026-08-19 18:06:23,782 [INFO] CrossReferenceDbSqlite:203 - Set database path to: C:\Users\lthst\.stmcufinder\plugins\mcufinder//mcu/cs/
2026-08-19 18:06:23,881 [INFO] MainPanel:272 - HeapMemory: 268435456
2026-08-19 18:06:23,991 [INFO] DbMcusXml:78 - Set database path to: C:\ST\STM32CubeIDE_1.18.0\STM32CubeIDE\plugins\com.st.stm32cube.common.mx_6.14.0.202502271554\\db\/mcu/
2026-08-19 18:06:23,991 [INFO] ApiDb:274 - Set plugin database path to: C:\ST\STM32CubeIDE_1.18.0\STM32CubeIDE\plugins\com.st.stm32cube.common.mx_6.14.0.202502271554\\db\/plugins/boardmanager/
2026-08-19 18:06:23,991 [INFO] ApiDb:261 - Set plugin images path to: C:\ST\STM32CubeIDE_1.18.0\STM32CubeIDE\plugins\com.st.stm32cube.common.mx_6.14.0.202502271554\\db\/plugins/mcufinder/images/
2026-08-19 18:06:23,991 [WARN] DbFile:41 - Overriding database path with different value: C:\Users\lthst\.stmcufinder\plugins\mcufinder/ => C:\Users\lthst\.stmcufinder\plugins\mcufinder
2026-08-19 18:06:23,991 [INFO] ApiDb:250 - Set database path to: C:\Users\lthst\.stmcufinder\plugins\mcufinder//mcu/
2026-08-19 18:06:23,991 [WARN] DbFile:41 - Overriding database path with different value: C:\Users\lthst\.stmcufinder\plugins\mcufinder/ => C:\Users\lthst\.stmcufinder\plugins\mcufinder
2026-08-19 18:06:23,991 [INFO] DbMcusAds:125 - Set database path to: C:\Users\lthst\.stmcufinder\plugins\mcufinder//mcu/
2026-08-19 18:06:23,991 [WARN] DbFile:41 - Overriding database path with different value: C:\Users\lthst\.stmcufinder\plugins\mcufinder/ => C:\Users\lthst\.stmcufinder\plugins\mcufinder
2026-08-19 18:06:23,991 [WARN] DbFile:41 - Overriding database path with different value: C:\Users\lthst\.stmcufinder\plugins\mcufinder/ => C:\Users\lthst\.stmcufinder\plugins\mcufinder
2026-08-19 18:06:23,991 [INFO] CrossReferenceDbSqlite:203 - Set database path to: C:\Users\lthst\.stmcufinder\plugins\mcufinder//mcu/cs/
2026-08-19 18:06:24,019 [INFO] ApplicationProperties:184 - Using Application install path: C:\ST\STM32CubeIDE_1.18.0\STM32CubeIDE\plugins\com.st.stm32cube.common.mx_6.14.0.202502271554
2026-08-19 18:06:24,021 [INFO] PluginManage:196 - Search for loadable plugins [exclusion list=, ]
2026-08-19 18:06:24,022 [INFO] PluginManage:310 - Check plugin analytics
2026-08-19 18:06:24,254 [INFO] AnalyticsPlugin:253 - Accepted Software Licenses: 
2026-08-19 18:06:24,254 [INFO] AnalyticsPlugin:255 - Accepted CMSIS Pack Licenses: 
2026-08-19 18:06:24,254 [INFO] AnalyticsPlugin:257 - Accepted Firmware Licenses: FW.F4.1.28.0
2026-08-19 18:06:24,258 [INFO] PluginManage:359 - Loaded plugin analytics (category:tool,tabindex:-1)
2026-08-19 18:06:24,258 [INFO] PluginManage:310 - Check plugin cadmodel
2026-08-19 18:06:24,264 [INFO] CADModel:105 - Init CAD model plugin
2026-08-19 18:06:24,264 [INFO] PluginManage:359 - Loaded plugin cadmodel (category:power,tabindex:5)
2026-08-19 18:06:24,264 [INFO] PluginManage:310 - Check plugin clock
2026-08-19 18:06:24,276 [INFO] PluginManage:359 - Loaded plugin clock (category:base,tabindex:2)
2026-08-19 18:06:24,276 [INFO] PluginManage:310 - Check plugin ddr
2026-08-19 18:06:24,276 [INFO] PluginManage:359 - Loaded plugin ddr (category:tool,tabindex:6)
2026-08-19 18:06:24,276 [INFO] PluginManage:310 - Check plugin filemanager
2026-08-19 18:06:24,478 [INFO] PluginManage:359 - Loaded plugin filemanager (category:base,tabindex:10)
2026-08-19 18:06:24,479 [INFO] PluginManage:310 - Check plugin ipmanager
2026-08-19 18:06:24,503 [INFO] PluginManage:359 - Loaded plugin ipmanager (category:base,tabindex:5)
2026-08-19 18:06:24,504 [INFO] PluginManage:310 - Check plugin lpbam
2026-08-19 18:06:24,515 [INFO] PluginManage:359 - Loaded plugin lpbam (category:base,tabindex:0)
2026-08-19 18:06:24,516 [INFO] PluginManage:310 - Check plugin memorymap
2026-08-19 18:06:24,529 [INFO] PluginManage:359 - Loaded plugin memorymap (category:base,tabindex:4)
2026-08-19 18:06:24,529 [INFO] PluginManage:310 - Check plugin pinoutandconfiguration
2026-08-19 18:06:24,539 [INFO] PluginManage:359 - Loaded plugin pinoutandconfiguration (category:base,tabindex:1)
2026-08-19 18:06:24,539 [INFO] PluginManage:310 - Check plugin pinoutconfig
2026-08-19 18:06:24,641 [WARN] SupportedApi:132 - Cannot load RTOS API schema: s4s-elt-must-match.1: The content of 'definitions' must match (annotation?, (simpleType | complexType)?, (unique | key | keyref)*)). A problem was found starting at: attribute.
2026-08-19 18:06:24,791 [INFO] PluginManage:359 - Loaded plugin pinoutconfig (category:base,tabindex:0)
2026-08-19 18:06:24,791 [INFO] PluginManage:310 - Check plugin power
2026-08-19 18:06:24,800 [INFO] PluginManage:359 - Loaded plugin power (category:power,tabindex:4)
2026-08-19 18:06:24,800 [INFO] PluginManage:310 - Check plugin projectmanager
2026-08-19 18:06:24,821 [INFO] PluginManage:359 - Loaded plugin projectmanager (category:projectmanager,tabindex:4)
2026-08-19 18:06:24,821 [INFO] PluginManage:310 - Check plugin rif
2026-08-19 18:06:24,821 [INFO] PluginManage:359 - Loaded plugin rif (category:base,tabindex:3)
2026-08-19 18:06:24,821 [INFO] PluginManage:310 - Check plugin thirdparty
2026-08-19 18:06:24,971 [INFO] PluginManage:359 - Loaded plugin thirdparty (category:base,tabindex:-1)
2026-08-19 18:06:24,971 [INFO] PluginManage:310 - Check plugin tools
2026-08-19 18:06:24,971 [WARN] IntegrityCheckThread:84 - waiting for thirdparty lock release [integrity check]
2026-08-19 18:06:24,971 [INFO] IntegrityCheckThread:86 - entering critical section [integrity check]
2026-08-19 18:06:24,971 [INFO] ThirdPartyUpdaterWithRetryManager:70 - Updater plugin not ready yet. [1/15]
2026-08-19 18:06:24,973 [INFO] PluginManage:359 - Loaded plugin tools (category:base,tabindex:7)
2026-08-19 18:06:24,973 [INFO] PluginManage:310 - Check plugin tutovideos
2026-08-19 18:06:25,162 [INFO] PluginManage:359 - Loaded plugin tutovideos (category:base,tabindex:-1)
2026-08-19 18:06:25,178 [INFO] PluginManage:310 - Check plugin updater
2026-08-19 18:06:25,195 [INFO] PluginManage:359 - Loaded plugin updater (category:base,tabindex:12)
2026-08-19 18:06:25,195 [INFO] PluginManage:310 - Check plugin userauth
2026-08-19 18:06:25,207 [INFO] UserAuth:118 - Init User Auth plugin
2026-08-19 18:06:25,209 [INFO] PluginManage:359 - Loaded plugin userauth (category:base,tabindex:14)
2026-08-19 18:06:25,210 [INFO] PluginManage:283 - PluginManage : Loaded plugins [18]
2026-08-19 18:06:25,530 [INFO] PinOutPanel:1589 - setPackage(No Configuration,No Configuration)
2026-08-19 18:06:25,680 [INFO] CADModel:165 - CPN selected for project level
2026-08-19 18:06:25,680 [INFO] CADModel:114 - Register for checkConnection events
2026-08-19 18:06:25,697 [INFO] IPUIPlugin:80 - create IPUIPlugin
2026-08-19 18:06:25,697 [INFO] PluginManager:220 - loadIPPluginJar : add adc
2026-08-19 18:06:25,716 [INFO] IPUIPlugin:80 - create IPUIPlugin
2026-08-19 18:06:25,716 [INFO] PluginManager:220 - loadIPPluginJar : add aes
2026-08-19 18:06:25,718 [INFO] IPUIPlugin:80 - create IPUIPlugin
2026-08-19 18:06:25,718 [INFO] PluginManager:220 - loadIPPluginJar : add can
2026-08-19 18:06:25,725 [INFO] IPUIPlugin:80 - create IPUIPlugin
2026-08-19 18:06:25,725 [INFO] PluginManager:220 - loadIPPluginJar : add comp
2026-08-19 18:06:25,730 [INFO] IPUIPlugin:80 - create IPUIPlugin
2026-08-19 18:06:25,730 [INFO] PluginManager:220 - loadIPPluginJar : add cryp
2026-08-19 18:06:25,730 [INFO] IPUIPlugin:80 - create IPUIPlugin
2026-08-19 18:06:25,730 [INFO] PluginManager:220 - loadIPPluginJar : add ddr_ctrl_phy
2026-08-19 18:06:25,730 [INFO] IPUIPlugin:80 - create IPUIPlugin
2026-08-19 18:06:25,730 [INFO] PluginManager:220 - loadIPPluginJar : add dfsdm
2026-08-19 18:06:25,748 [INFO] IPUIPlugin:80 - create IPUIPlugin
2026-08-19 18:06:25,748 [INFO] PluginManager:220 - loadIPPluginJar : add dma
2026-08-19 18:06:25,748 [INFO] IPUIPlugin:80 - create IPUIPlugin
2026-08-19 18:06:25,748 [INFO] PluginManager:220 - loadIPPluginJar : add dma3
2026-08-19 18:06:25,763 [INFO] IPUIPlugin:80 - create IPUIPlugin
2026-08-19 18:06:25,763 [INFO] PluginManager:220 - loadIPPluginJar : add extmemmanager
2026-08-19 18:06:25,763 [INFO] IPUIPlugin:80 - create IPUIPlugin
2026-08-19 18:06:25,767 [INFO] PluginManager:220 - loadIPPluginJar : add fatfs
2026-08-19 18:06:25,771 [INFO] IPUIPlugin:80 - create IPUIPlugin
2026-08-19 18:06:25,771 [INFO] PluginManager:220 - loadIPPluginJar : add fmc
2026-08-19 18:06:25,775 [INFO] IPUIPlugin:80 - create IPUIPlugin
2026-08-19 18:06:25,775 [INFO] PluginManager:220 - loadIPPluginJar : add freertos
2026-08-19 18:06:25,777 [INFO] IPUIPlugin:80 - create IPUIPlugin
2026-08-19 18:06:25,777 [INFO] PluginManager:220 - loadIPPluginJar : add genericplugin
2026-08-19 18:06:25,780 [INFO] IPUIPlugin:80 - create IPUIPlugin
2026-08-19 18:06:25,780 [INFO] PluginManager:220 - loadIPPluginJar : add gfxmmu
2026-08-19 18:06:25,788 [INFO] IPUIPlugin:80 - create IPUIPlugin
2026-08-19 18:06:25,788 [INFO] PluginManager:220 - loadIPPluginJar : add gic
2026-08-19 18:06:25,794 [INFO] IPUIPlugin:80 - create IPUIPlugin
2026-08-19 18:06:25,794 [INFO] PluginManager:220 - loadIPPluginJar : add gpio
2026-08-19 18:06:25,797 [INFO] IPUIPlugin:80 - create IPUIPlugin
2026-08-19 18:06:25,797 [INFO] PluginManager:220 - loadIPPluginJar : add gtzc
2026-08-19 18:06:25,797 [INFO] IPUIPlugin:80 - create IPUIPlugin
2026-08-19 18:06:25,797 [INFO] PluginManager:220 - loadIPPluginJar : add hash
2026-08-19 18:06:25,797 [INFO] IPUIPlugin:80 - create IPUIPlugin
2026-08-19 18:06:25,797 [INFO] PluginManager:220 - loadIPPluginJar : add i2c
2026-08-19 18:06:25,814 [INFO] IPUIPlugin:80 - create IPUIPlugin
2026-08-19 18:06:25,814 [INFO] PluginManager:220 - loadIPPluginJar : add i2s
2026-08-19 18:06:25,823 [INFO] IPUIPlugin:80 - create IPUIPlugin
2026-08-19 18:06:25,823 [INFO] PluginManager:220 - loadIPPluginJar : add i3c
2026-08-19 18:06:25,831 [INFO] IPUIPlugin:80 - create IPUIPlugin
2026-08-19 18:06:25,831 [INFO] PluginManager:220 - loadIPPluginJar : add ipddr
2026-08-19 18:06:25,847 [INFO] IPUIPlugin:80 - create IPUIPlugin
2026-08-19 18:06:25,847 [INFO] PluginManager:220 - loadIPPluginJar : add linkedlist
2026-08-19 18:06:25,852 [INFO] IPUIPlugin:80 - create IPUIPlugin
2026-08-19 18:06:25,852 [INFO] PluginManager:220 - loadIPPluginJar : add lorawan
2026-08-19 18:06:25,856 [INFO] IPUIPlugin:80 - create IPUIPlugin
2026-08-19 18:06:25,856 [INFO] PluginManager:220 - loadIPPluginJar : add ltdc
2026-08-19 18:06:25,865 [INFO] IPUIPlugin:80 - create IPUIPlugin
2026-08-19 18:06:25,865 [INFO] PluginManager:220 - loadIPPluginJar : add mdma
2026-08-19 18:06:25,871 [INFO] IPUIPlugin:80 - create IPUIPlugin
2026-08-19 18:06:25,871 [INFO] PluginManager:220 - loadIPPluginJar : add nvic
2026-08-19 18:06:25,873 [INFO] IPUIPlugin:80 - create IPUIPlugin
2026-08-19 18:06:25,873 [INFO] PluginManager:220 - loadIPPluginJar : add opamp
2026-08-19 18:06:25,879 [INFO] IPUIPlugin:80 - create IPUIPlugin
2026-08-19 18:06:25,879 [INFO] PluginManager:220 - loadIPPluginJar : add openamp
2026-08-19 18:06:25,886 [INFO] IPUIPlugin:80 - create IPUIPlugin
2026-08-19 18:06:25,886 [INFO] PluginManager:220 - loadIPPluginJar : add pdm2pcm
2026-08-19 18:06:25,894 [INFO] IPUIPlugin:80 - create IPUIPlugin
2026-08-19 18:06:25,894 [INFO] PluginManager:220 - loadIPPluginJar : add plateformsettings
2026-08-19 18:06:25,894 [INFO] IPUIPlugin:80 - create IPUIPlugin
2026-08-19 18:06:25,894 [INFO] PluginManager:220 - loadIPPluginJar : add quadspi
2026-08-19 18:06:25,894 [INFO] IPUIPlugin:80 - create IPUIPlugin
2026-08-19 18:06:25,894 [INFO] PluginManager:220 - loadIPPluginJar : add radio
2026-08-19 18:06:25,910 [INFO] IPUIPlugin:80 - create IPUIPlugin
2026-08-19 18:06:25,910 [INFO] PluginManager:220 - loadIPPluginJar : add resmgrutility
2026-08-19 18:06:25,910 [INFO] IPUIPlugin:80 - create IPUIPlugin
2026-08-19 18:06:25,910 [INFO] PluginManager:220 - loadIPPluginJar : add sai
2026-08-19 18:06:25,928 [INFO] IPUIPlugin:80 - create IPUIPlugin
2026-08-19 18:06:25,928 [INFO] PluginManager:220 - loadIPPluginJar : add spi
2026-08-19 18:06:25,928 [INFO] IPUIPlugin:80 - create IPUIPlugin
2026-08-19 18:06:25,928 [INFO] PluginManager:220 - loadIPPluginJar : add stm32_wpan
2026-08-19 18:06:25,928 [INFO] IPUIPlugin:80 - create IPUIPlugin
2026-08-19 18:06:25,928 [INFO] PluginManager:220 - loadIPPluginJar : add tim
2026-08-19 18:06:25,942 [INFO] IPUIPlugin:80 - create IPUIPlugin
2026-08-19 18:06:25,942 [INFO] PluginManager:220 - loadIPPluginJar : add touchsensing
2026-08-19 18:06:25,942 [INFO] IPUIPlugin:80 - create IPUIPlugin
2026-08-19 18:06:25,942 [INFO] PluginManager:220 - loadIPPluginJar : add tracer_emb
2026-08-19 18:06:25,942 [INFO] IPUIPlugin:80 - create IPUIPlugin
2026-08-19 18:06:25,942 [INFO] PluginManager:220 - loadIPPluginJar : add ts
2026-08-19 18:06:25,942 [INFO] IPUIPlugin:80 - create IPUIPlugin
2026-08-19 18:06:25,942 [INFO] PluginManager:220 - loadIPPluginJar : add tsc
2026-08-19 18:06:25,958 [INFO] IPUIPlugin:80 - create IPUIPlugin
2026-08-19 18:06:25,958 [INFO] PluginManager:220 - loadIPPluginJar : add ucpd
2026-08-19 18:06:25,958 [INFO] IPUIPlugin:80 - create IPUIPlugin
2026-08-19 18:06:25,958 [INFO] PluginManager:220 - loadIPPluginJar : add usart
2026-08-19 18:06:25,958 [INFO] IPUIPlugin:80 - create IPUIPlugin
2026-08-19 18:06:25,958 [INFO] PluginManager:220 - loadIPPluginJar : add usbx
2026-08-19 18:06:26,131 [FATAL] Updater:351 - Updater called before beeing initialized
2026-08-19 18:06:26,162 [INFO] RulesReader:64 - Compatibility file has been processed (301 Rules)
2026-08-19 18:06:26,177 [INFO] RulesReader:64 - Compatibility file has been processed (301 Rules)
2026-08-19 18:06:26,185 [INFO] CADModel:165 - CPN selected for project level
2026-08-19 18:06:26,185 [INFO] CADModel:114 - Register for checkConnection events
2026-08-19 18:06:26,185 [FATAL] Updater:351 - Updater called before beeing initialized
2026-08-19 18:06:26,185 [ERROR] CADModel:125 - Updater not yet initialized, retry later 
2026-08-19 18:06:26,382 [FATAL] Updater:351 - Updater called before beeing initialized
2026-08-19 18:06:26,382 [INFO] CADModel:165 - CPN selected for project level
2026-08-19 18:06:26,382 [INFO] CADModel:114 - Register for checkConnection events
2026-08-19 18:06:26,382 [FATAL] Updater:351 - Updater called before beeing initialized
2026-08-19 18:06:26,382 [ERROR] CADModel:125 - Updater not yet initialized, retry later 
2026-08-19 18:06:26,382 [FATAL] Updater:351 - Updater called before beeing initialized
2026-08-19 18:06:26,517 [FATAL] Updater:351 - Updater called before beeing initialized
2026-08-19 18:06:26,520 [INFO] DbMcusAds:53 - JSON generation date=Wed Jul 15 18:44:54 KST 2026 (1784108694001)
2026-08-19 18:06:26,521 [FATAL] Updater:351 - Updater called before beeing initialized
2026-08-19 18:06:26,550 [WARN] DetailPanel:346 - Failed to get advertising image, set to default
2026-08-19 18:06:26,782 [FATAL] Updater:351 - Updater called before beeing initialized
2026-08-19 18:06:26,783 [FATAL] Updater:351 - Updater called before beeing initialized
2026-08-19 18:06:26,783 [FATAL] Updater:351 - Updater called before beeing initialized
2026-08-19 18:06:26,783 [WARN] DetailPanel:346 - Failed to get advertising image, set to default
2026-08-19 18:06:26,784 [FATAL] Updater:351 - Updater called before beeing initialized
2026-08-19 18:06:26,821 [ERROR] Updater:1198 - MainUpdater not yet initialized. External WinMGr cannot be set.
2026-08-19 18:06:26,822 [INFO] Updater:1134 - Updater Version found : 6.14.0
2026-08-19 18:06:26,834 [INFO] ApplicationProperties:184 - Using Application install path: C:\ST\STM32CubeIDE_1.18.0\STM32CubeIDE\plugins\com.st.stm32cube.common.mx_6.14.0.202502271554
2026-08-19 18:06:27,139 [INFO] MainUpdater:2872 - connection check result : 10
2026-08-19 18:06:27,139 [INFO] MainUpdater:289 - Updater Check For Update Now.
2026-08-19 18:06:27,140 [INFO] MicroXplorer:498 - Change Database Version : DB.6.0.140
2026-08-19 18:06:27,144 [INFO] McuFinderGlobals:63 - Set McuFinder mode to 2 (CubeIDE integrated)
2026-08-19 18:06:27,145 [INFO] UserAuth:486 - Internet connection configuration mode: 1
2026-08-19 18:06:27,158 [INFO] JxBrowserEngine:152 - Initiate JxBrowser Engine with user profile folder
2026-08-19 18:06:27,330 [INFO] CheckServerUpdateThread:120 - End of CheckServer Thread
2026-08-19 18:06:27,769 [INFO] WebApp:169 - Instantiating new browser for Auth
2026-08-19 18:06:28,548 [WARN] PackLoader:240 - Cannot read IP mode file for STMicroelectronics.X-CUBE-AZRTOS-H7.3.5.0
2026-08-19 18:06:28,574 [WARN] PackLoader:240 - Cannot read IP mode file for STMicroelectronics.FP-SNS-MOTENVWB1.1.4.0
2026-08-19 18:06:28,589 [WARN] PackLoader:240 - Cannot read IP mode file for STMicroelectronics.FP-ATR-ASTRA1.2.0.3
2026-08-19 18:06:28,597 [WARN] PackLoader:240 - Cannot read IP mode file for STMicroelectronics.FP-ATR-ASTRA1.2.0.2
2026-08-19 18:06:28,607 [ERROR] Engine:466 - C:\Users\lthst\.stm32cubemx\thirdparties\pdsc\STMicroelectronics.X-CUBE-SMBUS.2.1.1.pdsc: PDSC version is not supported
2026-08-19 18:06:28,617 [WARN] PackLoader:240 - Cannot read IP mode file for STMicroelectronics.X-CUBE-SMBUS.2.1.0
2026-08-19 18:06:28,633 [WARN] PackLoader:240 - Cannot read IP mode file for STMicroelectronics.X-CUBE-WB05N.1.1.0
2026-08-19 18:06:28,647 [WARN] PackLoader:240 - Cannot read IP mode file for STMicroelectronics.X-CUBE-ST60.1.0.0
2026-08-19 18:06:28,693 [WARN] PackLoader:240 - Cannot read IP mode file for STMicroelectronics.X-CUBE-AZRTOS-F7.1.1.0
2026-08-19 18:06:28,705 [ERROR] Engine:466 - C:\Users\lthst\.stm32cubemx\thirdparties\pdsc\STMicroelectronics.X-CUBE-FREERTOS.1.6.0.pdsc: PDSC version is not supported
2026-08-19 18:06:28,708 [ERROR] Engine:466 - C:\Users\lthst\.stm32cubemx\thirdparties\pdsc\STMicroelectronics.FP-SNS-MOTENV1.5.1.0.pdsc: PDSC version is not supported
2026-08-19 18:06:28,755 [WARN] PackLoader:240 - Cannot read IP mode file for STMicroelectronics.X-CUBE-AZRTOS-H7RS.1.3.0
2026-08-19 18:06:28,807 [WARN] PackLoader:240 - Cannot read IP mode file for Infineon.AIROC-Wi-Fi-Bluetooth-STM32.1.7.0
2026-08-19 18:06:28,860 [WARN] PackLoader:240 - Cannot read IP mode file for STMicroelectronics.X-CUBE-AZRTOS-H7.3.4.0
2026-08-19 18:06:28,880 [WARN] PackLoader:240 - Cannot read IP mode file for STMicroelectronics.X-CUBE-DISPLAY.3.0.0
2026-08-19 18:06:28,897 [WARN] PackLoader:240 - Cannot read IP mode file for STMicroelectronics.X-CUBE-GNSS1.7.1.1
2026-08-19 18:06:28,904 [ERROR] Engine:466 - C:\Users\lthst\.stm32cubemx\thirdparties\pdsc\STMicroelectronics.FP-SNS-MOTENVWB1.1.5.0.pdsc: PDSC version is not supported
2026-08-19 18:06:28,915 [WARN] PackLoader:240 - Cannot read IP mode file for STMicroelectronics.X-CUBE-NFC10.1.0.0
2026-08-19 18:06:28,935 [WARN] PackLoader:240 - Cannot read IP mode file for STMicroelectronics.X-CUBE-BLEMGR.4.0.0
2026-08-19 18:06:28,961 [WARN] PackLoader:240 - Cannot read IP mode file for STMicroelectronics.X-CUBE-ST60.1.1.0
2026-08-19 18:06:28,974 [WARN] PackLoader:240 - Cannot read IP mode file for emotas.I-CUBE-CANOPEN.1.3.0
2026-08-19 18:06:28,978 [ERROR] Engine:466 - C:\Users\lthst\.stm32cubemx\thirdparties\pdsc\STMicroelectronics.X-CUBE-WBA.1.1.0.pdsc: PDSC version is not supported
2026-08-19 18:06:28,985 [WARN] PackLoader:240 - Cannot read IP mode file for STMicroelectronics.X-CUBE-GNSS1.7.1.0
2026-08-19 18:06:28,998 [WARN] ConditionMgr:438 - getConditionDescription Invalid condition id : Cortex-A Device cause : null
2026-08-19 18:06:29,027 [WARN] ConditionMgr:1044 - genDependencies : Invalid condition id : Cortex-A Device cause : null
2026-08-19 18:06:29,028 [WARN] ConditionMgr:1044 - genDependencies : Invalid condition id : Cortex-A Device cause : null
2026-08-19 18:06:29,028 [WARN] ConditionMgr:1044 - genDependencies : Invalid condition id : Cortex-A Device cause : null
2026-08-19 18:06:29,035 [WARN] PackLoader:240 - Cannot read IP mode file for STMicroelectronics.X-CUBE-AI.10.0.0
2026-08-19 18:06:29,042 [ERROR] Engine:466 - C:\Users\lthst\.stm32cubemx\thirdparties\pdsc\STMicroelectronics.FP-SNS-STBOX1.2.1.0.pdsc: PDSC version is not supported
2026-08-19 18:06:29,051 [WARN] PackLoader:240 - Cannot read IP mode file for STMicroelectronics.FP-SNS-SMARTAG2.1.2.0
2026-08-19 18:06:29,059 [WARN] PackLoader:240 - Cannot read IP mode file for STMicroelectronics.FP-SNS-FLIGHT1.5.1.0
2026-08-19 18:06:29,146 [WARN] PackLoader:240 - Cannot read IP mode file for STMicroelectronics.X-CUBE-MEMS1.11.1.0
2026-08-19 18:06:29,259 [INFO] WebApp:463 - Apply proxy settings
2026-08-19 18:06:29,260 [INFO] WebApp:548 - Chromium requires no authentication
2026-08-19 18:06:29,276 [INFO] WebApp:491 - Direct internet connection detected
2026-08-19 18:06:29,343 [INFO] WebApp:894 - Register for checkConnection events
2026-08-19 18:06:29,344 [INFO] WebApp:463 - Apply proxy settings
2026-08-19 18:06:29,345 [INFO] WebApp:548 - Chromium requires no authentication
2026-08-19 18:06:29,348 [INFO] WebApp:491 - Direct internet connection detected
2026-08-19 18:06:29,435 [INFO] LogOutputStream:77 - [STDOUT_REDIRECT] 1 : Invalid condition id : UX_CORESTACK_Condition cause : null
2026-08-19 18:06:29,436 [INFO] LogOutputStream:77 - [STDOUT_REDIRECT] 1 : Invalid condition id : UX_CORESTACK_Condition cause : null
2026-08-19 18:06:29,438 [INFO] LogOutputStream:77 - [STDOUT_REDIRECT] 1 : Invalid condition id : UX_CORESTACK_Condition cause : null
2026-08-19 18:06:29,440 [INFO] LogOutputStream:77 - [STDOUT_REDIRECT] 1 : Invalid condition id : UX_CORESTACK_Condition cause : null
2026-08-19 18:06:29,442 [INFO] LogOutputStream:77 - [STDOUT_REDIRECT] 1 : Invalid condition id : UX_CORESTACK_Condition cause : null
2026-08-19 18:06:29,448 [WARN] PackLoader:240 - Cannot read IP mode file for STMicroelectronics.X-CUBE-AZRTOS-WL.2.0.0
2026-08-19 18:06:29,464 [WARN] PackLoader:240 - Cannot read IP mode file for STMicroelectronics.FP-SNS-MOTENV1.5.0.0
2026-08-19 18:06:29,498 [WARN] PackLoader:240 - Cannot read IP mode file for STMicroelectronics.X-CUBE-AZRTOS-H7RS.1.2.0
2026-08-19 18:06:29,519 [WARN] PackLoader:240 - Cannot read IP mode file for WES.I-CUBE-Cesium.1.3.0
2026-08-19 18:06:29,529 [WARN] PackLoader:240 - Cannot read IP mode file for STMicroelectronics.X-CUBE-BLE2.3.3.0
2026-08-19 18:06:29,582 [WARN] PackLoader:240 - Cannot read IP mode file for STMicroelectronics.X-CUBE-NFC9.1.0.0
2026-08-19 18:06:29,594 [WARN] PackLoader:240 - Cannot read IP mode file for STMicroelectronics.X-CUBE-BLE1.7.1.0
2026-08-19 18:06:29,604 [WARN] PackLoader:240 - Cannot read IP mode file for wolfSSL.I-CUBE-wolfMQTT.1.19.2
2026-08-19 18:06:29,609 [ERROR] Engine:466 - C:\Users\lthst\.stm32cubemx\thirdparties\pdsc\STMicroelectronics.X-CUBE-FREERTOS.1.4.0.pdsc: PDSC version is not supported
2026-08-19 18:06:29,622 [WARN] PackLoader:240 - Cannot read IP mode file for STMicroelectronics.X-CUBE-EEPRMA1.5.2.0
2026-08-19 18:06:29,632 [ERROR] Engine:466 - C:\Users\lthst\.stm32cubemx\thirdparties\pdsc\STMicroelectronics.X-CUBE-ST67W61.1.1.0.pdsc: PDSC version is not supported
2026-08-19 18:06:29,637 [WARN] PackLoader:240 - Cannot read IP mode file for STMicroelectronics.X-CUBE-AI.10.1.0
2026-08-19 18:06:29,643 [ERROR] Engine:466 - C:\Users\lthst\.stm32cubemx\thirdparties\pdsc\STMicroelectronics.FP-SNS-STAIOTCFT.1.1.0.pdsc: PDSC version is not supported
2026-08-19 18:06:29,764 [WARN] PackLoader:240 - Cannot read IP mode file for STMicroelectronics.X-CUBE-MEMS1.12.0.0
2026-08-19 18:06:29,875 [INFO] WebApp:191 - Connection restablished
2026-08-19 18:06:29,997 [WARN] PackLoader:240 - Cannot read IP mode file for STMicroelectronics.X-CUBE-MEMS1.11.2.0
2026-08-19 18:06:30,058 [INFO] WebApp:225 - Starting web application
2026-08-19 18:06:30,058 [INFO] WebApp:593 - Web application path used C:\ST\STM32CubeIDE_1.18.0\STM32CubeIDE\plugins\com.st.stm32cube.common.mx_6.14.0.202502271554\db\plugins\mcufinder\reactClient1\index.html
2026-08-19 18:06:30,244 [WARN] PackLoader:240 - Cannot read IP mode file for STMicroelectronics.X-CUBE-AZRTOS-G0.1.1.0
2026-08-19 18:06:30,259 [WARN] PackLoader:240 - Cannot read IP mode file for STMicroelectronics.X-CUBE-SAFEA1.1.2.2
2026-08-19 18:06:30,272 [WARN] PackLoader:240 - Cannot read IP mode file for STMicroelectronics.X-CUBE-NFC4.3.0.0
2026-08-19 18:06:30,289 [WARN] PackLoader:240 - Cannot read IP mode file for EmbeddedOffice.I-CUBE-FS-RTOS.1.0.1
2026-08-19 18:06:30,298 [WARN] PackLoader:240 - Cannot read IP mode file for STMicroelectronics.X-CUBE-WB05N.2.0.0
2026-08-19 18:06:30,308 [WARN] PackLoader:240 - Cannot read IP mode file for wolfSSL.I-CUBE-wolfTPM.3.8.0
2026-08-19 18:06:30,319 [WARN] PackLoader:240 - Cannot read IP mode file for STMicroelectronics.X-CUBE-TCPP.4.2.0
2026-08-19 18:06:30,333 [WARN] PackLoader:240 - Cannot read IP mode file for RealThread.X-CUBE-RT-Thread_Nano.4.1.1
2026-08-19 18:06:30,343 [WARN] PackLoader:240 - Cannot read IP mode file for STMicroelectronics.FP-ATR-SIGFOX1.3.2.0
2026-08-19 18:06:30,352 [WARN] PackLoader:240 - Cannot read IP mode file for STMicroelectronics.X-CUBE-EEPRMA1.5.1.0
2026-08-19 18:06:30,359 [ERROR] Engine:466 - C:\Users\lthst\.stm32cubemx\thirdparties\pdsc\STMicroelectronics.X-CUBE-FREERTOS.1.5.0.pdsc: PDSC version is not supported
2026-08-19 18:06:30,366 [WARN] PackLoader:240 - Cannot read IP mode file for wolfSSL.I-CUBE-wolfSSL.5.7.6
2026-08-19 18:06:30,380 [WARN] PackLoader:240 - Cannot read IP mode file for ITTIA_DB.I-CUBE-ITTIADB.8.9.0
2026-08-19 18:06:30,395 [WARN] PackLoader:240 - Cannot read IP mode file for STMicroelectronics.X-CUBE-NFC6.3.2.0
2026-08-19 18:06:30,411 [WARN] PackLoader:240 - Cannot read IP mode file for STMicroelectronics.X-CUBE-ST67W61.1.0.0
2026-08-19 18:06:30,418 [WARN] PackLoader:240 - Cannot read IP mode file for STMicroelectronics.X-CUBE-AI.10.2.1
2026-08-19 18:06:30,424 [WARN] PackLoader:240 - Cannot read IP mode file for STMicroelectronics.X-CUBE-AI.10.2.0
2026-08-19 18:06:30,518 [WARN] PackLoader:240 - Cannot read IP mode file for STMicroelectronics.X-CUBE-MEMS1.12.1.0
2026-08-19 18:06:30,619 [INFO] UserAuth:486 - Internet connection configuration mode: 1
2026-08-19 18:06:30,702 [WARN] PackLoader:240 - Cannot read IP mode file for SEGGER.I-CUBE-embOS.1.3.1
2026-08-19 18:06:30,777 [WARN] PackLoader:240 - Cannot read IP mode file for STMicroelectronics.X-CUBE-ALGOBUILD.1.4.0
2026-08-19 18:06:30,862 [WARN] PackLoader:240 - Cannot read IP mode file for STMicroelectronics.X-CUBE-MEMS1.11.3.0
2026-08-19 18:06:31,123 [WARN] PackLoader:240 - Cannot read IP mode file for STMicroelectronics.X-CUBE-NFC13.1.0.0
2026-08-19 18:06:31,134 [WARN] PackLoader:240 - Cannot read IP mode file for STMicroelectronics.X-CUBE-PM33A1.1.0.0
2026-08-19 18:06:31,168 [WARN] PackLoader:240 - Cannot read IP mode file for STMicroelectronics.X-CUBE-AZRTOS-F4.1.1.0
2026-08-19 18:06:31,179 [WARN] PackLoader:240 - Cannot read IP mode file for Avnet-IotConnect.X-CUBE-IoTC-DA16k-PMOD.1.0.0
2026-08-19 18:06:31,189 [WARN] PackLoader:240 - Cannot read IP mode file for STMicroelectronics.X-CUBE-ISPU.2.1.0
2026-08-19 18:06:31,201 [ERROR] Engine:466 - C:\Users\lthst\.stm32cubemx\thirdparties\pdsc\STMicroelectronics.X-CUBE-IPS.3.2.0.pdsc: PDSC version is not supported
2026-08-19 18:06:31,208 [WARN] PackLoader:240 - Cannot read IP mode file for STMicroelectronics.eDS-WB_DPC_TT-BIDIR.2.1.1
2026-08-19 18:06:31,221 [WARN] PackLoader:240 - Cannot read IP mode file for STMicroelectronics.X-CUBE-NFC12.1.0.0
2026-08-19 18:06:31,253 [WARN] PackLoader:240 - Cannot read IP mode file for STMicroelectronics.X-CUBE-AZRTOS-L5.2.0.0
2026-08-19 18:06:31,269 [WARN] PackLoader:240 - Cannot read IP mode file for STMicroelectronics.X-CUBE-NFC6.3.1.0
2026-08-19 18:06:31,281 [WARN] PackLoader:240 - Cannot read IP mode file for STMicroelectronics.X-CUBE-ALGOBUILD.1.5.0
2026-08-19 18:06:31,294 [WARN] PackLoader:240 - Cannot read IP mode file for STMicroelectronics.X-CUBE-DPower.1.2.0
2026-08-19 18:06:31,302 [WARN] PackLoader:240 - Cannot read IP mode file for STMicroelectronics.eDS-WB_DPC_VIENNA.1.2.0
2026-08-19 18:06:31,380 [WARN] PackLoader:240 - Cannot read IP mode file for STMicroelectronics.X-CUBE-MEMS1.13.0.0
2026-08-19 18:06:31,513 [WARN] PackLoader:240 - Cannot read IP mode file for STMicroelectronics.eDS-WB_DPC_3PH2L-BIDIR.1.1.1
2026-08-19 18:06:31,518 [ERROR] Engine:466 - C:\Users\lthst\.stm32cubemx\thirdparties\pdsc\STMicroelectronics.X-CUBE-ST67W61.1.3.0.pdsc: PDSC version is not supported
2026-08-19 18:06:31,529 [WARN] PackLoader:240 - Cannot read IP mode file for STMicroelectronics.X-CUBE-FREERTOS.1.3.1
2026-08-19 18:06:31,536 [WARN] PackLoader:240 - Cannot read IP mode file for STMicroelectronics.X-CUBE-FREERTOS.1.3.0
2026-08-19 18:06:31,546 [WARN] PackLoader:240 - Cannot read IP mode file for STMicroelectronics.X-CUBE-NFC7.1.0.1
2026-08-19 18:06:31,556 [WARN] PackLoader:240 - Cannot read IP mode file for STMicroelectronics.X-CUBE-TOUCHGFX.4.26.0
2026-08-19 18:06:31,562 [WARN] PackLoader:240 - Cannot read IP mode file for STMicroelectronics.X-CUBE-TOUCHGFX.4.26.1
2026-08-19 18:06:31,572 [WARN] PackLoader:240 - Cannot read IP mode file for STMicroelectronics.FP-SNS-STAIOTCFT.1.0.0
2026-08-19 18:06:31,582 [WARN] PackLoader:240 - Cannot read IP mode file for STMicroelectronics.X-CUBE-DPower.1.3.0
2026-08-19 18:06:31,614 [WARN] ConditionMgr:438 - getConditionDescription Invalid condition id : LAN8742 Phy interface Condition cause : null
2026-08-19 18:06:31,615 [WARN] PackLoader:240 - Cannot read IP mode file for STMicroelectronics.X-CUBE-AZRTOS-L4.2.0.0
2026-08-19 18:06:31,617 [WARN] ConditionMgr:1044 - genDependencies : Invalid condition id : LAN8742 Phy interface Condition cause : null
2026-08-19 18:06:31,618 [WARN] ConditionMgr:1044 - genDependencies : Invalid condition id : LAN8742 Phy interface Condition cause : null
2026-08-19 18:06:31,619 [WARN] ConditionMgr:1044 - genDependencies : Invalid condition id : LAN8742 Phy interface Condition cause : null
2026-08-19 18:06:31,633 [WARN] PackLoader:240 - Cannot read IP mode file for STMicroelectronics.X-CUBE-SFXS2LP1.4.0.0
2026-08-19 18:06:31,643 [WARN] PackLoader:240 - Cannot read IP mode file for STMicroelectronics.X-CUBE-WB05N.2.1.0
2026-08-19 18:06:31,650 [ERROR] Engine:466 - C:\Users\lthst\.stm32cubemx\thirdparties\pdsc\STMicroelectronics.X-CUBE-ST67W61.1.2.0.pdsc: PDSC version is not supported
2026-08-19 18:06:31,685 [WARN] PackLoader:240 - Cannot read IP mode file for STMicroelectronics.X-CUBE-AZRTOS-H7.3.3.0
2026-08-19 18:06:31,706 [WARN] PackLoader:240 - Cannot read IP mode file for STMicroelectronics.X-CUBE-BLEMGR.4.1.0
2026-08-19 18:06:31,734 [WARN] ConditionMgr:438 - getConditionDescription Invalid condition id : UX DEVICE CLASS RTOS Condition cause : null
2026-08-19 18:06:31,735 [WARN] ConditionMgr:438 - getConditionDescription Invalid condition id : UX DEVICE CLASS RTOS Condition cause : null
2026-08-19 18:06:31,740 [WARN] PackLoader:240 - Cannot read IP mode file for STMicroelectronics.X-CUBE-AZRTOS-WB.2.0.0
2026-08-19 18:06:31,741 [WARN] ConditionMgr:1044 - genDependencies : Invalid condition id : UX DEVICE CLASS RTOS Condition cause : null
2026-08-19 18:06:31,742 [WARN] ConditionMgr:1044 - genDependencies : Invalid condition id : UX DEVICE CLASS RTOS Condition cause : null
2026-08-19 18:06:31,743 [WARN] ConditionMgr:1044 - genDependencies : Invalid condition id : UX DEVICE CLASS RTOS Condition cause : null
2026-08-19 18:06:31,743 [WARN] ConditionMgr:1044 - genDependencies : Invalid condition id : UX DEVICE CLASS RTOS Condition cause : null
2026-08-19 18:06:31,744 [WARN] ConditionMgr:1044 - genDependencies : Invalid condition id : UX DEVICE CLASS RTOS Condition cause : null
2026-08-19 18:06:31,755 [WARN] PackLoader:240 - Cannot read IP mode file for STMicroelectronics.X-CUBE-GNSS1.7.0.1
2026-08-19 18:06:31,762 [WARN] PackLoader:240 - Cannot read IP mode file for STMicroelectronics.X-CUBE-TOUCHGFX.4.25.0
2026-08-19 18:06:31,774 [WARN] PackLoader:240 - Cannot read IP mode file for STMicroelectronics.FP-SNS-STBOX1.2.0.0
2026-08-19 18:06:31,790 [WARN] PackLoader:240 - Cannot read IP mode file for STMicroelectronics.X-CUBE-STSE01.2.0.0
2026-08-19 18:06:31,811 [WARN] PackLoader:240 - Cannot read IP mode file for STMicroelectronics.X-CUBE-SUBG2.5.0.0
2026-08-19 18:06:31,859 [WARN] PackLoader:240 - Cannot read IP mode file for STMicroelectronics.X-CUBE-AZRTOS-H7RS.1.1.0
2026-08-19 18:06:31,872 [WARN] PackLoader:240 - Cannot read IP mode file for Cesanta.I-CUBE-Mongoose.7.13.0
2026-08-19 18:06:31,896 [WARN] PackLoader:240 - Cannot read IP mode file for STMicroelectronics.X-CUBE-AZRTOS-G4.2.0.0
2026-08-19 18:06:31,908 [WARN] PackLoader:240 - Cannot read IP mode file for wolfSSL.I-CUBE-wolfSSH.1.4.20
2026-08-19 18:06:31,914 [WARN] PackLoader:240 - Cannot read IP mode file for STMicroelectronics.X-CUBE-NFC7.2.0.0
2026-08-19 18:06:31,934 [WARN] PackLoader:240 - Cannot read IP mode file for STMicroelectronics.X-CUBE-IPS.3.1.0
2026-08-19 18:06:31,948 [ERROR] Engine:466 - C:\Users\lthst\.stm32cubemx\thirdparties\pdsc\STMicroelectronics.X-CUBE-BLEMGR.4.2.0.pdsc: PDSC version is not supported
2026-08-19 18:06:31,957 [WARN] PackLoader:240 - Cannot read IP mode file for STMicroelectronics.X-CUBE-ALS.1.0.2
2026-08-19 18:06:31,968 [WARN] PackLoader:240 - Cannot read IP mode file for STMicroelectronics.X-CUBE-STSE01.1.0.0
2026-08-19 18:06:31,982 [WARN] PackLoader:240 - Cannot read IP mode file for portGmbH.I-Cube-SoM-uGOAL.1.1.0
2026-08-19 18:06:31,999 [WARN] PackLoader:240 - Cannot read IP mode file for STMicroelectronics.X-CUBE-TOF1.3.4.2
2026-08-19 18:06:32,030 [WARN] PackLoader:240 - Cannot read IP mode file for STMicroelectronics.X-CUBE-TOF1.3.4.3
2026-08-19 18:06:32,046 [INFO] ThirdParty:978 - Integrity check success = true
2026-08-19 18:06:32,046 [INFO] IntegrityCheckThread:100 - exiting critical section [integrity check]
2026-08-19 18:06:32,047 [INFO] IntegrityCheckThread:103 - End integrity checks thread
2026-08-19 18:06:47,326 [ERROR] LogOutputStream:75 - [STDERR_REDIRECT] 
