../Core/Src/command_receiver.c:18:16:CommandReceiver_CalculateCrc8	24	static
../Core/Src/command_receiver.c:45:13:CommandReceiver_StartReceive	8	static
../Core/Src/command_receiver.c:59:13:CommandReceiver_ProcessByte	24	static
../Core/Src/command_receiver.c:114:6:CommandReceiver_Init	16	static
../Core/Src/command_receiver.c:129:6:CommandReceiver_HandleRxComplete	16	static
../Core/Src/command_receiver.c:142:6:CommandReceiver_HandleError	16	static
../Core/Src/command_receiver.c:155:9:CommandReceiver_GetButtons	4	static
../Core/Src/command_receiver.c:160:9:CommandReceiver_GetSequence	4	static
../Core/Src/command_receiver.c:165:6:CommandReceiver_HasReceivedCommand	4	static
../Core/Src/command_receiver.c:170:6:CommandReceiver_IsTimedOut	16	static
