Archive member included to satisfy reference by file (symbol)

C:/ST/STM32CubeIDE_1.18.0/STM32CubeIDE/plugins/com.st.stm32cube.ide.mcu.externaltools.gnu-tools-for-stm32.13.3.rel1.win32_1.0.0.202411081344/tools/bin/../lib/gcc/arm-none-eabi/13.3.1/../../../../arm-none-eabi/lib/thumb/v7e-m+fp/hard\libc_nano.a(libc_a-exit.o)
                              C:/ST/STM32CubeIDE_1.18.0/STM32CubeIDE/plugins/com.st.stm32cube.ide.mcu.externaltools.gnu-tools-for-stm32.13.3.rel1.win32_1.0.0.202411081344/tools/bin/../lib/gcc/arm-none-eabi/13.3.1/../../../../arm-none-eabi/lib/thumb/v7e-m+fp/hard/crt0.o (exit)
C:/ST/STM32CubeIDE_1.18.0/STM32CubeIDE/plugins/com.st.stm32cube.ide.mcu.externaltools.gnu-tools-for-stm32.13.3.rel1.win32_1.0.0.202411081344/tools/bin/../lib/gcc/arm-none-eabi/13.3.1/../../../../arm-none-eabi/lib/thumb/v7e-m+fp/hard\libc_nano.a(libc_a-findfp.o)
                              C:/ST/STM32CubeIDE_1.18.0/STM32CubeIDE/plugins/com.st.stm32cube.ide.mcu.externaltools.gnu-tools-for-stm32.13.3.rel1.win32_1.0.0.202411081344/tools/bin/../lib/gcc/arm-none-eabi/13.3.1/../../../../arm-none-eabi/lib/thumb/v7e-m+fp/hard\libc_nano.a(libc_a-exit.o) (__stdio_exit_handler)
C:/ST/STM32CubeIDE_1.18.0/STM32CubeIDE/plugins/com.st.stm32cube.ide.mcu.externaltools.gnu-tools-for-stm32.13.3.rel1.win32_1.0.0.202411081344/tools/bin/../lib/gcc/arm-none-eabi/13.3.1/../../../../arm-none-eabi/lib/thumb/v7e-m+fp/hard\libc_nano.a(libc_a-fwalk.o)
                              C:/ST/STM32CubeIDE_1.18.0/STM32CubeIDE/plugins/com.st.stm32cube.ide.mcu.externaltools.gnu-tools-for-stm32.13.3.rel1.win32_1.0.0.202411081344/tools/bin/../lib/gcc/arm-none-eabi/13.3.1/../../../../arm-none-eabi/lib/thumb/v7e-m+fp/hard\libc_nano.a(libc_a-findfp.o) (_fwalk_sglue)
C:/ST/STM32CubeIDE_1.18.0/STM32CubeIDE/plugins/com.st.stm32cube.ide.mcu.externaltools.gnu-tools-for-stm32.13.3.rel1.win32_1.0.0.202411081344/tools/bin/../lib/gcc/arm-none-eabi/13.3.1/../../../../arm-none-eabi/lib/thumb/v7e-m+fp/hard\libc_nano.a(libc_a-stdio.o)
                              C:/ST/STM32CubeIDE_1.18.0/STM32CubeIDE/plugins/com.st.stm32cube.ide.mcu.externaltools.gnu-tools-for-stm32.13.3.rel1.win32_1.0.0.202411081344/tools/bin/../lib/gcc/arm-none-eabi/13.3.1/../../../../arm-none-eabi/lib/thumb/v7e-m+fp/hard\libc_nano.a(libc_a-findfp.o) (__sread)
C:/ST/STM32CubeIDE_1.18.0/STM32CubeIDE/plugins/com.st.stm32cube.ide.mcu.externaltools.gnu-tools-for-stm32.13.3.rel1.win32_1.0.0.202411081344/tools/bin/../lib/gcc/arm-none-eabi/13.3.1/../../../../arm-none-eabi/lib/thumb/v7e-m+fp/hard\libc_nano.a(libc_a-memset.o)
                              C:/ST/STM32CubeIDE_1.18.0/STM32CubeIDE/plugins/com.st.stm32cube.ide.mcu.externaltools.gnu-tools-for-stm32.13.3.rel1.win32_1.0.0.202411081344/tools/bin/../lib/gcc/arm-none-eabi/13.3.1/../../../../arm-none-eabi/lib/thumb/v7e-m+fp/hard/crt0.o (memset)
C:/ST/STM32CubeIDE_1.18.0/STM32CubeIDE/plugins/com.st.stm32cube.ide.mcu.externaltools.gnu-tools-for-stm32.13.3.rel1.win32_1.0.0.202411081344/tools/bin/../lib/gcc/arm-none-eabi/13.3.1/../../../../arm-none-eabi/lib/thumb/v7e-m+fp/hard\libc_nano.a(libc_a-closer.o)
                              C:/ST/STM32CubeIDE_1.18.0/STM32CubeIDE/plugins/com.st.stm32cube.ide.mcu.externaltools.gnu-tools-for-stm32.13.3.rel1.win32_1.0.0.202411081344/tools/bin/../lib/gcc/arm-none-eabi/13.3.1/../../../../arm-none-eabi/lib/thumb/v7e-m+fp/hard\libc_nano.a(libc_a-stdio.o) (_close_r)
C:/ST/STM32CubeIDE_1.18.0/STM32CubeIDE/plugins/com.st.stm32cube.ide.mcu.externaltools.gnu-tools-for-stm32.13.3.rel1.win32_1.0.0.202411081344/tools/bin/../lib/gcc/arm-none-eabi/13.3.1/../../../../arm-none-eabi/lib/thumb/v7e-m+fp/hard\libc_nano.a(libc_a-reent.o)
                              C:/ST/STM32CubeIDE_1.18.0/STM32CubeIDE/plugins/com.st.stm32cube.ide.mcu.externaltools.gnu-tools-for-stm32.13.3.rel1.win32_1.0.0.202411081344/tools/bin/../lib/gcc/arm-none-eabi/13.3.1/../../../../arm-none-eabi/lib/thumb/v7e-m+fp/hard\libc_nano.a(libc_a-closer.o) (errno)
C:/ST/STM32CubeIDE_1.18.0/STM32CubeIDE/plugins/com.st.stm32cube.ide.mcu.externaltools.gnu-tools-for-stm32.13.3.rel1.win32_1.0.0.202411081344/tools/bin/../lib/gcc/arm-none-eabi/13.3.1/../../../../arm-none-eabi/lib/thumb/v7e-m+fp/hard\libc_nano.a(libc_a-impure.o)
                              C:/ST/STM32CubeIDE_1.18.0/STM32CubeIDE/plugins/com.st.stm32cube.ide.mcu.externaltools.gnu-tools-for-stm32.13.3.rel1.win32_1.0.0.202411081344/tools/bin/../lib/gcc/arm-none-eabi/13.3.1/../../../../arm-none-eabi/lib/thumb/v7e-m+fp/hard\libc_nano.a(libc_a-reent.o) (_impure_ptr)
C:/ST/STM32CubeIDE_1.18.0/STM32CubeIDE/plugins/com.st.stm32cube.ide.mcu.externaltools.gnu-tools-for-stm32.13.3.rel1.win32_1.0.0.202411081344/tools/bin/../lib/gcc/arm-none-eabi/13.3.1/../../../../arm-none-eabi/lib/thumb/v7e-m+fp/hard\libc_nano.a(libc_a-lseekr.o)
[...]
Memory Configuration

Name             Origin             Length             Attributes
CCMRAM           0x10000000         0x00010000         xrw
RAM              0x20000000         0x00030000         xrw
FLASH            0x08000000         0x00200000         xr
*default*        0x00000000         0xffffffff

Linker script and memory map

LOAD C:/ST/STM32CubeIDE_1.18.0/STM32CubeIDE/plugins/com.st.stm32cube.ide.mcu.externaltools.gnu-tools-for-stm32.13.3.rel1.win32_1.0.0.202411081344/tools/bin/../lib/gcc/arm-none-eabi/13.3.1/thumb/v7e-m+fp/hard/crti.o
LOAD C:/ST/STM32CubeIDE_1.18.0/STM32CubeIDE/plugins/com.st.stm32cube.ide.mcu.externaltools.gnu-tools-for-stm32.13.3.rel1.win32_1.0.0.202411081344/tools/bin/../lib/gcc/arm-none-eabi/13.3.1/thumb/v7e-m+fp/hard/crtbegin.o
LOAD C:/ST/STM32CubeIDE_1.18.0/STM32CubeIDE/plugins/com.st.stm32cube.ide.mcu.externaltools.gnu-tools-for-stm32.13.3.rel1.win32_1.0.0.202411081344/tools/bin/../lib/gcc/arm-none-eabi/13.3.1/../../../../arm-none-eabi/lib/thumb/v7e-m+fp/hard/crt0.o
LOAD ./Core/Src/command_receiver.o
LOAD ./Core/Src/main.o
LOAD ./Core/Src/motor_driver.o
LOAD ./Core/Src/status_led.o
LOAD ./Core/Src/stm32f4xx_hal_msp.o
LOAD ./Core/Src/stm32f4xx_it.o
LOAD ./Core/Src/syscalls.o
LOAD ./Core/Src/sysmem.o
LOAD ./Core/Src/system_stm32f4xx.o
LOAD ./Core/Startup/startup_stm32f429zitx.o
LOAD ./Drivers/STM32F4xx_HAL_Driver/Src/stm32f4xx_hal.o
LOAD ./Drivers/STM32F4xx_HAL_Driver/Src/stm32f4xx_hal_cortex.o
LOAD ./Drivers/STM32F4xx_HAL_Driver/Src/stm32f4xx_hal_dma.o
LOAD ./Drivers/STM32F4xx_HAL_Driver/Src/stm32f4xx_hal_dma_ex.o
LOAD ./Drivers/STM32F4xx_HAL_Driver/Src/stm32f4xx_hal_exti.o
LOAD ./Drivers/STM32F4xx_HAL_Driver/Src/stm32f4xx_hal_flash.o
LOAD ./Drivers/STM32F4xx_HAL_Driver/Src/stm32f4xx_hal_flash_ex.o
LOAD ./Drivers/STM32F4xx_HAL_Driver/Src/stm32f4xx_hal_flash_ramfunc.o
LOAD ./Drivers/STM32F4xx_HAL_Driver/Src/stm32f4xx_hal_gpio.o
LOAD ./Drivers/STM32F4xx_HAL_Driver/Src/stm32f4xx_hal_pwr.o
LOAD ./Drivers/STM32F4xx_HAL_Driver/Src/stm32f4xx_hal_pwr_ex.o
LOAD ./Drivers/STM32F4xx_HAL_Driver/Src/stm32f4xx_hal_rcc.o
LOAD ./Drivers/STM32F4xx_HAL_Driver/Src/stm32f4xx_hal_rcc_ex.o
LOAD ./Drivers/STM32F4xx_HAL_Driver/Src/stm32f4xx_hal_tim.o
LOAD ./Drivers/STM32F4xx_HAL_Driver/Src/stm32f4xx_hal_tim_ex.o
LOAD ./Drivers/STM32F4xx_HAL_Driver/Src/stm32f4xx_hal_uart.o
START GROUP
LOAD C:/ST/STM32CubeIDE_1.18.0/STM32CubeIDE/plugins/com.st.stm32cube.ide.mcu.externaltools.gnu-tools-for-stm32.13.3.rel1.win32_1.0.0.202411081344/tools/bin/../lib/gcc/arm-none-eabi/13.3.1/../../../../arm-none-eabi/lib/thumb/v7e-m+fp/hard\libc_nano.a
LOAD C:/ST/STM32CubeIDE_1.18.0/STM32CubeIDE/plugins/com.st.stm32cube.ide.mcu.externaltools.gnu-tools-for-stm32.13.3.rel1.win32_1.0.0.202411081344/tools/bin/../lib/gcc/arm-none-eabi/13.3.1/../../../../arm-none-eabi/lib/thumb/v7e-m+fp/hard\libm.a
END GROUP
START GROUP
LOAD C:/ST/STM32CubeIDE_1.18.0/STM32CubeIDE/plugins/com.st.stm32cube.ide.mcu.externaltools.gnu-tools-for-stm32.13.3.rel1.win32_1.0.0.202411081344/tools/bin/../lib/gcc/arm-none-eabi/13.3.1/thumb/v7e-m+fp/hard\libgcc.a
LOAD C:/ST/STM32CubeIDE_1.18.0/STM32CubeIDE/plugins/com.st.stm32cube.ide.mcu.externaltools.gnu-tools-for-stm32.13.3.rel1.win32_1.0.0.202411081344/tools/bin/../lib/gcc/arm-none-eabi/13.3.1/../../../../arm-none-eabi/lib/thumb/v7e-m+fp/hard\libc_nano.a
END GROUP
START GROUP
LOAD C:/ST/STM32CubeIDE_1.18.0/STM32CubeIDE/plugins/com.st.stm32cube.ide.mcu.externaltools.gnu-tools-for-stm32.13.3.rel1.win32_1.0.0.202411081344/tools/bin/../lib/gcc/arm-none-eabi/13.3.1/thumb/v7e-m+fp/hard\libgcc.a
LOAD C:/ST/STM32CubeIDE_1.18.0/STM32CubeIDE/plugins/com.st.stm32cube.ide.mcu.externaltools.gnu-tools-for-stm32.13.3.rel1.win32_1.0.0.202411081344/tools/bin/../lib/gcc/arm-none-eabi/13.3.1/../../../../arm-none-eabi/lib/thumb/v7e-m+fp/hard\libc_nano.a
LOAD C:/ST/STM32CubeIDE_1.18.0/STM32CubeIDE/plugins/com.st.stm32cube.ide.mcu.externaltools.gnu-tools-for-stm32.13.3.rel1.win32_1.0.0.202411081344/tools/bin/../lib/gcc/arm-none-eabi/13.3.1/../../../../arm-none-eabi/lib/thumb/v7e-m+fp/hard\libnosys.a
END GROUP
START GROUP
LOAD C:/ST/STM32CubeIDE_1.18.0/STM32CubeIDE/plugins/com.st.stm32cube.ide.mcu.externaltools.gnu-tools-for-stm32.13.3.rel1.win32_1.0.0.202411081344/tools/bin/../lib/gcc/arm-none-eabi/13.3.1/thumb/v7e-m+fp/hard\libgcc.a
LOAD C:/ST/STM32CubeIDE_1.18.0/STM32CubeIDE/plugins/com.st.stm32cube.ide.mcu.externaltools.gnu-tools-for-stm32.13.3.rel1.win32_1.0.0.202411081344/tools/bin/../lib/gcc/arm-none-eabi/13.3.1/../../../../arm-none-eabi/lib/thumb/v7e-m+fp/hard\libc_nano.a
LOAD C:/ST/STM32CubeIDE_1.18.0/STM32CubeIDE/plugins/com.st.stm32cube.ide.mcu.externaltools.gnu-tools-for-stm32.13.3.rel1.win32_1.0.0.202411081344/tools/bin/../lib/gcc/arm-none-eabi/13.3.1/../../../../arm-none-eabi/lib/thumb/v7e-m+fp/hard\libnosys.a
END GROUP
LOAD C:/ST/STM32CubeIDE_1.18.0/STM32CubeIDE/plugins/com.st.stm32cube.ide.mcu.externaltools.gnu-tools-for-stm32.13.3.rel1.win32_1.0.0.202411081344/tools/bin/../lib/gcc/arm-none-eabi/13.3.1/thumb/v7e-m+fp/hard/crtend.o
LOAD C:/ST/STM32CubeIDE_1.18.0/STM32CubeIDE/plugins/com.st.stm32cube.ide.mcu.externaltools.gnu-tools-for-stm32.13.3.rel1.win32_1.0.0.202411081344/tools/bin/../lib/gcc/arm-none-eabi/13.3.1/thumb/v7e-m+fp/hard/crtn.o
                0x20030000                        _estack = (ORIGIN (RAM) + LENGTH (RAM))
                0x00000200                        _Min_Heap_Size = 0x200
                0x00000400                        _Min_Stack_Size = 0x400

.isr_vector     0x08000000      0x1ac
                0x08000000                        . = ALIGN (0x4)
 *(.isr_vector)
 .isr_vector    0x08000000      0x1ac ./Core/Startup/startup_stm32f429zitx.o
                0x08000000                g_pfnVectors
                0x080001ac                        . = ALIGN (0x4)

.text           0x080001ac     0x3de0
                0x080001ac                        . = ALIGN (0x4)
 *(.text)
 .text          0x080001ac       0x40 C:/ST/STM32CubeIDE_1.18.0/STM32CubeIDE/plugins/com.st.stm32cube.ide.mcu.externaltools.gnu-tools-for-stm32.13.3.rel1.win32_1.0.0.202411081344/tools/bin/../lib/gcc/arm-none-eabi/13.3.1/thumb/v7e-m+fp/hard/crtbegin.o
 .text          0x080001ec       0x30 C:/ST/STM32CubeIDE_1.18.0/STM32CubeIDE/plugins/com.st.stm32cube.ide.mcu.externaltools.gnu-tools-for-stm32.13.3.rel1.win32_1.0.0.202411081344/tools/bin/../lib/gcc/arm-none-eabi/13.3.1/thumb/v7e-m+fp/hard\libgcc.a(_aeabi_uldivmod.o)
                0x080001ec                __aeabi_uldivmod
 .text          0x0800021c      0x2f8 C:/ST/STM32CubeIDE_1.18.0/STM32CubeIDE/plugins/com.st.stm32cube.ide.mcu.externaltools.gnu-tools-for-stm32.13.3.rel1.win32_1.0.0.202411081344/tools/bin/../lib/gcc/arm-none-eabi/13.3.1/thumb/v7e-m+fp/hard\libgcc.a(_udivmoddi4.o)
                0x0800021c                __udivmoddi4
 .text          0x08000514        0x4 C:/ST/STM32CubeIDE_1.18.0/STM32CubeIDE/plugins/com.st.stm32cube.ide.mcu.externaltools.gnu-tools-for-stm32.13.3.rel1.win32_1.0.0.202411081344/tools/bin/../lib/gcc/arm-none-eabi/13.3.1/thumb/v7e-m+fp/hard\libgcc.a(_dvmd_tls.o)
                0x08000514                __aeabi_idiv0
                0x08000514                __aeabi_ldiv0
 *(.text*)
 .text.CommandReceiver_CalculateCrc8
                0x08000518       0x6e ./Core/Src/command_receiver.o
 *fill*         0x08000586        0x2 
 .text.CommandReceiver_StartReceive
                0x08000588       0x28 ./Core/Src/command_receiver.o
 .text.CommandReceiver_ProcessByte
                0x080005b0       0xd4 ./Core/Src/command_receiver.o
 .text.CommandReceiver_Init
                0x08000684       0x5c ./Core/Src/command_receiver.o
                0x08000684                CommandReceiver_Init
 .text.CommandReceiver_HandleRxComplete
                0x080006e0       0x34 ./Core/Src/command_receiver.o
                0x080006e0                CommandReceiver_HandleRxComplete
 .text.CommandReceiver_HandleError
                0x08000714       0x30 ./Core/Src/command_receiver.o
                0x08000714                CommandReceiver_HandleError
 .text.CommandReceiver_GetButtons
                0x08000744       0x18 ./Core/Src/command_receiver.o
                0x08000744                CommandReceiver_GetButtons
 .text.CommandReceiver_IsTimedOut
                0x0800075c       0x48 ./Core/Src/command_receiver.o
                0x0800075c                CommandReceiver_IsTimedOut
 .text.main     0x080007a4       0x8c ./Core/Src/main.o
                0x080007a4                main
 .text.SystemClock_Config
                0x08000830       0xd4 ./Core/Src/main.o
                0x08000830                SystemClock_Config
 .text.MX_TIM3_Init
                0x08000904      0x104 ./Core/Src/main.o
 .text.MX_USART3_UART_Init
                0x08000a08       0x54 ./Core/Src/main.o
 .text.MX_GPIO_Init
                0x08000a5c      0x108 ./Core/Src/main.o
 .text.HAL_UART_RxCpltCallback
                0x08000b64       0x16 ./Core/Src/main.o
                0x08000b64                HAL_UART_RxCpltCallback
 .text.HAL_UART_ErrorCallback
                0x08000b7a       0x16 ./Core/Src/main.o
                0x08000b7a                HAL_UART_ErrorCallback
 .text.Error_Handler
                0x08000b90        0xc ./Core/Src/main.o
                0x08000b90                Error_Handler
 .text.MotorDriver_Init
                0x08000b9c       0x80 ./Core/Src/motor_driver.o
                0x08000b9c                MotorDriver_Init
 .text.MotorDriver_Stop
                0x08000c1c       0x30 ./Core/Src/motor_driver.o
                0x08000c1c                MotorDriver_Stop
 .text.StatusLed_Init
                0x08000c4c       0x2c ./Core/Src/status_led.o
                0x08000c4c                StatusLed_Init
 .text.StatusLed_Update
                0x08000c78       0x88 ./Core/Src/status_led.o
                0x08000c78                StatusLed_Update
 .text.HAL_MspInit
                0x08000d00       0x50 ./Core/Src/stm32f4xx_hal_msp.o
                0x08000d00                HAL_MspInit
 .text.HAL_TIM_Base_MspInit
                0x08000d50       0x50 ./Core/Src/stm32f4xx_hal_msp.o
                0x08000d50                HAL_TIM_Base_MspInit
 .text.HAL_TIM_MspPostInit
                0x08000da0       0x74 ./Core/Src/stm32f4xx_hal_msp.o
                0x08000da0                HAL_TIM_MspPostInit
 .text.HAL_UART_MspInit
                0x08000e14       0xa0 ./Core/Src/stm32f4xx_hal_msp.o
                0x08000e14                HAL_UART_MspInit
 .text.NMI_Handler
                0x08000eb4        0x8 ./Core/Src/stm32f4xx_it.o
                0x08000eb4                NMI_Handler
 .text.HardFault_Handler
                0x08000ebc        0x8 ./Core/Src/stm32f4xx_it.o
                0x08000ebc                HardFault_Handler
 .text.MemManage_Handler
                0x08000ec4        0x8 ./Core/Src/stm32f4xx_it.o
                0x08000ec4                MemManage_Handler
 .text.BusFault_Handler
                0x08000ecc        0x8 ./Core/Src/stm32f4xx_it.o
                0x08000ecc                BusFault_Handler
 .text.UsageFault_Handler
                0x08000ed4        0x8 ./Core/Src/stm32f4xx_it.o
                0x08000ed4                UsageFault_Handler
 .text.SVC_Handler
                0x08000edc        0xe ./Core/Src/stm32f4xx_it.o
                0x08000edc                SVC_Handler
 .text.DebugMon_Handler
                0x08000eea        0xe ./Core/Src/stm32f4xx_it.o
                0x08000eea                DebugMon_Handler
 .text.PendSV_Handler
                0x08000ef8        0xe ./Core/Src/stm32f4xx_it.o
                0x08000ef8                PendSV_Handler
 .text.SysTick_Handler
                0x08000f06        0xc ./Core/Src/stm32f4xx_it.o
                0x08000f06                SysTick_Handler
 *fill*         0x08000f12        0x2 
 .text.TIM3_IRQHandler
                0x08000f14       0x14 ./Core/Src/stm32f4xx_it.o
                0x08000f14                TIM3_IRQHandler
 .text.USART3_IRQHandler
                0x08000f28       0x14 ./Core/Src/stm32f4xx_it.o
                0x08000f28                USART3_IRQHandler
 .text.SystemInit
                0x08000f3c       0x24 ./Core/Src/system_stm32f4xx.o
                0x08000f3c                SystemInit
 .text.Reset_Handler
                0x08000f60       0x50 ./Core/Startup/startup_stm32f429zitx.o
                0x08000f60                Reset_Handler
 .text.Default_Handler
                0x08000fb0        0x2 ./Core/Startup/startup_stm32f429zitx.o
                0x08000fb0                RTC_Alarm_IRQHandler
                0x08000fb0                HASH_RNG_IRQHandler
                0x08000fb0                EXTI2_IRQHandler
                0x08000fb0                TIM8_CC_IRQHandler
                0x08000fb0                UART8_IRQHandler
                0x08000fb0                SPI4_IRQHandler
                0x08000fb0                TIM1_CC_IRQHandler
                0x08000fb0                DMA2_Stream5_IRQHandler
                0x08000fb0                DMA1_Stream5_IRQHandler
                0x08000fb0                PVD_IRQHandler
                0x08000fb0                SDIO_IRQHandler
                0x08000fb0                TAMP_STAMP_IRQHandler
                0x08000fb0                CAN2_RX1_IRQHandler
                0x08000fb0                EXTI3_IRQHandler
                0x08000fb0                TIM8_TRG_COM_TIM14_IRQHandler
                0x08000fb0                TIM1_UP_TIM10_IRQHandler
                0x08000fb0                TIM8_UP_TIM13_IRQHandler
                0x08000fb0                I2C3_ER_IRQHandler
                0x08000fb0                EXTI0_IRQHandler
                0x08000fb0                I2C2_EV_IRQHandler
                0x08000fb0                DMA1_Stream2_IRQHandler
                0x08000fb0                CAN1_RX0_IRQHandler
                0x08000fb0                FPU_IRQHandler
                0x08000fb0                OTG_HS_WKUP_IRQHandler
                0x08000fb0                LTDC_ER_IRQHandler
                0x08000fb0                CAN2_SCE_IRQHandler
                0x08000fb0                DMA2_Stream2_IRQHandler
                0x08000fb0                SPI1_IRQHandler
                0x08000fb0                TIM6_DAC_IRQHandler
                0x08000fb0                TIM1_BRK_TIM9_IRQHandler
                0x08000fb0                DCMI_IRQHandler
                0x08000fb0                CAN2_RX0_IRQHandler
                0x08000fb0                DMA2_Stream3_IRQHandler
                0x08000fb0                USART6_IRQHandler
                0x08000fb0                CAN1_RX1_IRQHandler
                0x08000fb0                UART5_IRQHandler
                0x08000fb0                DMA2_Stream0_IRQHandler
                0x08000fb0                TIM4_IRQHandler
                0x08000fb0                I2C1_EV_IRQHandler
                0x08000fb0                DMA1_Stream6_IRQHandler
                0x08000fb0                DMA1_Stream1_IRQHandler
                0x08000fb0                UART4_IRQHandler
                0x08000fb0                RCC_IRQHandler
                0x08000fb0                TIM8_BRK_TIM12_IRQHandler
                0x08000fb0                Default_Handler
                0x08000fb0                EXTI15_10_IRQHandler
                0x08000fb0                ADC_IRQHandler
                0x08000fb0                DMA1_Stream7_IRQHandler
                0x08000fb0                SPI5_IRQHandler
                0x08000fb0                TIM7_IRQHandler
                0x08000fb0                CAN2_TX_IRQHandler
                0x08000fb0                TIM5_IRQHandler
                0x08000fb0                DMA2_Stream7_IRQHandler
                0x08000fb0                I2C3_EV_IRQHandler
                0x08000fb0                EXTI9_5_IRQHandler
                0x08000fb0                RTC_WKUP_IRQHandler
                0x08000fb0                LTDC_IRQHandler
                0x08000fb0                ETH_WKUP_IRQHandler
                0x08000fb0                SPI2_IRQHandler
                0x08000fb0                OTG_HS_EP1_IN_IRQHandler
                0x08000fb0                DMA1_Stream0_IRQHandler
                0x08000fb0                CAN1_TX_IRQHandler
                0x08000fb0                EXTI4_IRQHandler
                0x08000fb0                ETH_IRQHandler
                0x08000fb0                OTG_HS_EP1_OUT_IRQHandler
                0x08000fb0                WWDG_IRQHandler
                0x08000fb0                SPI6_IRQHandler
                0x08000fb0                TIM2_IRQHandler
                0x08000fb0                OTG_FS_WKUP_IRQHandler
                0x08000fb0                TIM1_TRG_COM_TIM11_IRQHandler
                0x08000fb0                OTG_HS_IRQHandler
                0x08000fb0                DMA2D_IRQHandler
                0x08000fb0                EXTI1_IRQHandler
                0x08000fb0                UART7_IRQHandler
                0x08000fb0                USART2_IRQHandler
                0x08000fb0                I2C2_ER_IRQHandler
                0x08000fb0                DMA2_Stream1_IRQHandler
                0x08000fb0                CAN1_SCE_IRQHandler
                0x08000fb0                FLASH_IRQHandler
                0x08000fb0                DMA2_Stream4_IRQHandler
                0x08000fb0                USART1_IRQHandler
                0x08000fb0                OTG_FS_IRQHandler
                0x08000fb0                SPI3_IRQHandler
                0x08000fb0                DMA1_Stream4_IRQHandler
                0x08000fb0                I2C1_ER_IRQHandler
                0x08000fb0                FMC_IRQHandler
                0x08000fb0                DMA2_Stream6_IRQHandler
                0x08000fb0                SAI1_IRQHandler
                0x08000fb0                DMA1_Stream3_IRQHandler
 *fill*         0x08000fb2        0x2 
 .text.HAL_Init
                0x08000fb4       0x44 ./Drivers/STM32F4xx_HAL_Driver/Src/stm32f4xx_hal.o
                0x08000fb4                HAL_Init
 .text.HAL_InitTick
                0x08000ff8       0x60 ./Drivers/STM32F4xx_HAL_Driver/Src/stm32f4xx_hal.o
                0x08000ff8                HAL_InitTick
 .text.HAL_IncTick
                0x08001058       0x28 ./Drivers/STM32F4xx_HAL_Driver/Src/stm32f4xx_hal.o
                0x08001058                HAL_IncTick
 .text.HAL_GetTick
                0x08001080       0x18 ./Drivers/STM32F4xx_HAL_Driver/Src/stm32f4xx_hal.o
                0x08001080                HAL_GetTick
 .text.__NVIC_SetPriorityGrouping
                0x08001098       0x48 ./Drivers/STM32F4xx_HAL_Driver/Src/stm32f4xx_hal_cortex.o
 .text.__NVIC_GetPriorityGrouping
                0x080010e0       0x1c ./Drivers/STM32F4xx_HAL_Driver/Src/stm32f4xx_hal_cortex.o
 .text.__NVIC_EnableIRQ
                0x080010fc       0x3c ./Drivers/STM32F4xx_HAL_Driver/Src/stm32f4xx_hal_cortex.o
 .text.__NVIC_SetPriority
                0x08001138       0x54 ./Drivers/STM32F4xx_HAL_Driver/Src/stm32f4xx_hal_cortex.o
 .text.NVIC_EncodePriority
                0x0800118c       0x66 ./Drivers/STM32F4xx_HAL_Driver/Src/stm32f4xx_hal_cortex.o
 *fill*         0x080011f2        0x2 
 .text.SysTick_Config
                0x080011f4       0x44 ./Drivers/STM32F4xx_HAL_Driver/Src/stm32f4xx_hal_cortex.o
 .text.HAL_NVIC_SetPriorityGrouping
                0x08001238       0x16 ./Drivers/STM32F4xx_HAL_Driver/Src/stm32f4xx_hal_cortex.o
                0x08001238                HAL_NVIC_SetPriorityGrouping
 .text.HAL_NVIC_SetPriority
                0x0800124e       0x38 ./Drivers/STM32F4xx_HAL_Driver/Src/stm32f4xx_hal_cortex.o
                0x0800124e                HAL_NVIC_SetPriority
 .text.HAL_NVIC_EnableIRQ
                0x08001286       0x1c ./Drivers/STM32F4xx_HAL_Driver/Src/stm32f4xx_hal_cortex.o
                0x08001286                HAL_NVIC_EnableIRQ
 .text.HAL_SYSTICK_Config
                0x080012a2       0x18 ./Drivers/STM32F4xx_HAL_Driver/Src/stm32f4xx_hal_cortex.o
                0x080012a2                HAL_SYSTICK_Config
 .text.HAL_DMA_Abort
                0x080012ba       0xe0 ./Drivers/STM32F4xx_HAL_Driver/Src/stm32f4xx_hal_dma.o
                0x080012ba                HAL_DMA_Abort
 .text.HAL_DMA_Abort_IT
                0x0800139a       0x44 ./Drivers/STM32F4xx_HAL_Driver/Src/stm32f4xx_hal_dma.o
                0x0800139a                HAL_DMA_Abort_IT
 *fill*         0x080013de        0x2 
 .text.HAL_GPIO_Init
                0x080013e0      0x358 ./Drivers/STM32F4xx_HAL_Driver/Src/stm32f4xx_hal_gpio.o
                0x080013e0                HAL_GPIO_Init
 .text.HAL_GPIO_WritePin
                0x08001738       0x32 ./Drivers/STM32F4xx_HAL_Driver/Src/stm32f4xx_hal_gpio.o
                0x08001738                HAL_GPIO_WritePin
 *fill*         0x0800176a        0x2 
 .text.HAL_RCC_OscConfig
                0x0800176c      0x4f0 ./Drivers/STM32F4xx_HAL_Driver/Src/stm32f4xx_hal_rcc.o
                0x0800176c                HAL_RCC_OscConfig
 .text.HAL_RCC_ClockConfig
                0x08001c5c      0x1cc ./Drivers/STM32F4xx_HAL_Driver/Src/stm32f4xx_hal_rcc.o
                0x08001c5c                HAL_RCC_ClockConfig
 .text.HAL_RCC_GetSysClockFreq
                0x08001e28      0x20c ./Drivers/STM32F4xx_HAL_Driver/Src/stm32f4xx_hal_rcc.o
                0x08001e28                HAL_RCC_GetSysClockFreq
 .text.HAL_RCC_GetHCLKFreq
                0x08002034       0x18 ./Drivers/STM32F4xx_HAL_Driver/Src/stm32f4xx_hal_rcc.o
                0x08002034                HAL_RCC_GetHCLKFreq
 .text.HAL_RCC_GetPCLK1Freq
                0x0800204c       0x28 ./Drivers/STM32F4xx_HAL_Driver/Src/stm32f4xx_hal_rcc.o
                0x0800204c                HAL_RCC_GetPCLK1Freq
 .text.HAL_RCC_GetPCLK2Freq
                0x08002074       0x28 ./Drivers/STM32F4xx_HAL_Driver/Src/stm32f4xx_hal_rcc.o
                0x08002074                HAL_RCC_GetPCLK2Freq
 .text.HAL_TIM_Base_Init
                0x0800209c       0x9e ./Drivers/STM32F4xx_HAL_Driver/Src/stm32f4xx_hal_tim.o
                0x0800209c                HAL_TIM_Base_Init
 .text.HAL_TIM_PWM_Init
                0x0800213a       0x9e ./Drivers/STM32F4xx_HAL_Driver/Src/stm32f4xx_hal_tim.o
                0x0800213a                HAL_TIM_PWM_Init
 .text.HAL_TIM_PWM_MspInit
                0x080021d8       0x14 ./Drivers/STM32F4xx_HAL_Driver/Src/stm32f4xx_hal_tim.o
                0x080021d8                HAL_TIM_PWM_MspInit
 .text.HAL_TIM_PWM_Start
                0x080021ec      0x190 ./Drivers/STM32F4xx_HAL_Driver/Src/stm32f4xx_hal_tim.o
                0x080021ec                HAL_TIM_PWM_Start
 .text.HAL_TIM_IRQHandler
                0x0800237c      0x1e0 ./Drivers/STM32F4xx_HAL_Driver/Src/stm32f4xx_hal_tim.o
                0x0800237c                HAL_TIM_IRQHandler
 .text.HAL_TIM_PWM_ConfigChannel
                0x0800255c      0x184 ./Drivers/STM32F4xx_HAL_Driver/Src/stm32f4xx_hal_tim.o
                0x0800255c                HAL_TIM_PWM_ConfigChannel
 .text.HAL_TIM_ConfigClockSource
                0x080026e0      0x18e ./Drivers/STM32F4xx_HAL_Driver/Src/stm32f4xx_hal_tim.o
                0x080026e0                HAL_TIM_ConfigClockSource
 .text.HAL_TIM_PeriodElapsedCallback
                0x0800286e       0x14 ./Drivers/STM32F4xx_HAL_Driver/Src/stm32f4xx_hal_tim.o
                0x0800286e                HAL_TIM_PeriodElapsedCallback
 .text.HAL_TIM_OC_DelayElapsedCallback
                0x08002882       0x14 ./Drivers/STM32F4xx_HAL_Driver/Src/stm32f4xx_hal_tim.o
                0x08002882                HAL_TIM_OC_DelayElapsedCallback
 .text.HAL_TIM_IC_CaptureCallback
                0x08002896       0x14 ./Drivers/STM32F4xx_HAL_Driver/Src/stm32f4xx_hal_tim.o
                0x08002896                HAL_TIM_IC_CaptureCallback
 .text.HAL_TIM_PWM_PulseFinishedCallback
                0x080028aa       0x14 ./Drivers/STM32F4xx_HAL_Driver/Src/stm32f4xx_hal_tim.o
                0x080028aa                HAL_TIM_PWM_PulseFinishedCallback
 .text.HAL_TIM_TriggerCallback
                0x080028be       0x14 ./Drivers/STM32F4xx_HAL_Driver/Src/stm32f4xx_hal_tim.o
                0x080028be                HAL_TIM_TriggerCallback
 *fill*         0x080028d2        0x2 
 .text.TIM_Base_SetConfig
                0x080028d4      0x14c ./Drivers/STM32F4xx_HAL_Driver/Src/stm32f4xx_hal_tim.o
                0x080028d4                TIM_Base_SetConfig
 .text.TIM_OC1_SetConfig
                0x08002a20       0xe0 ./Drivers/STM32F4xx_HAL_Driver/Src/stm32f4xx_hal_tim.o
 .text.TIM_OC2_SetConfig
                0x08002b00       0xec ./Drivers/STM32F4xx_HAL_Driver/Src/stm32f4xx_hal_tim.o
                0x08002b00                TIM_OC2_SetConfig
 .text.TIM_OC3_SetConfig
                0x08002bec       0xe8 ./Drivers/STM32F4xx_HAL_Driver/Src/stm32f4xx_hal_tim.o
 .text.TIM_OC4_SetConfig
                0x08002cd4       0xac ./Drivers/STM32F4xx_HAL_Driver/Src/stm32f4xx_hal_tim.o
 .text.TIM_TI1_ConfigInputStage
                0x08002d80       0x5e ./Drivers/STM32F4xx_HAL_Driver/Src/stm32f4xx_hal_tim.o
 .text.TIM_TI2_ConfigInputStage
                0x08002dde       0x60 ./Drivers/STM32F4xx_HAL_Driver/Src/stm32f4xx_hal_tim.o
 .text.TIM_ITRx_SetConfig
                0x08002e3e       0x36 ./Drivers/STM32F4xx_HAL_Driver/Src/stm32f4xx_hal_tim.o
 .text.TIM_ETR_SetConfig
                0x08002e74       0x40 ./Drivers/STM32F4xx_HAL_Driver/Src/stm32f4xx_hal_tim.o
                0x08002e74                TIM_ETR_SetConfig
 .text.TIM_CCxChannelCmd
                0x08002eb4       0x4a ./Drivers/STM32F4xx_HAL_Driver/Src/stm32f4xx_hal_tim.o
                0x08002eb4                TIM_CCxChannelCmd
 *fill*         0x08002efe        0x2 
 .text.HAL_TIMEx_MasterConfigSynchronization
                0x08002f00       0xf8 ./Drivers/STM32F4xx_HAL_Driver/Src/stm32f4xx_hal_tim_ex.o
                0x08002f00                HAL_TIMEx_MasterConfigSynchronization
 .text.HAL_TIMEx_CommutCallback
                0x08002ff8       0x14 ./Drivers/STM32F4xx_HAL_Driver/Src/stm32f4xx_hal_tim_ex.o
                0x08002ff8                HAL_TIMEx_CommutCallback
 .text.HAL_TIMEx_BreakCallback
                0x0800300c       0x14 ./Drivers/STM32F4xx_HAL_Driver/Src/stm32f4xx_hal_tim_ex.o
                0x0800300c                HAL_TIMEx_BreakCallback
 .text.HAL_UART_Init
                0x08003020       0xa0 ./Drivers/STM32F4xx_HAL_Driver/Src/stm32f4xx_hal_uart.o
                0x08003020                HAL_UART_Init
 .text.HAL_UART_Receive_IT
                0x080030c0       0x4a ./Drivers/STM32F4xx_HAL_Driver/Src/stm32f4xx_hal_uart.o
                0x080030c0                HAL_UART_Receive_IT
 *fill*         0x0800310a        0x2 
 .text.HAL_UART_IRQHandler
                0x0800310c      0x554 ./Drivers/STM32F4xx_HAL_Driver/Src/stm32f4xx_hal_uart.o
                0x0800310c                HAL_UART_IRQHandler
 .text.HAL_UART_TxCpltCallback
                0x08003660       0x14 ./Drivers/STM32F4xx_HAL_Driver/Src/stm32f4xx_hal_uart.o
                0x08003660                HAL_UART_TxCpltCallback
 .text.HAL_UARTEx_RxEventCallback
                0x08003674       0x18 ./Drivers/STM32F4xx_HAL_Driver/Src/stm32f4xx_hal_uart.o
                0x08003674                HAL_UARTEx_RxEventCallback
 .text.UART_Start_Receive_IT
                0x0800368c       0x74 ./Drivers/STM32F4xx_HAL_Driver/Src/stm32f4xx_hal_uart.o
                0x0800368c                UART_Start_Receive_IT
 .text.UART_EndRxTransfer
                0x08003700       0xc6 ./Drivers/STM32F4xx_HAL_Driver/Src/stm32f4xx_hal_uart.o
 .text.UART_DMAAbortOnError
                0x080037c6       0x22 ./Drivers/STM32F4xx_HAL_Driver/Src/stm32f4xx_hal_uart.o
 .text.UART_Transmit_IT
                0x080037e8       0xa0 ./Drivers/STM32F4xx_HAL_Driver/Src/stm32f4xx_hal_uart.o
 .text.UART_EndTransmit_IT
                0x08003888       0x30 ./Drivers/STM32F4xx_HAL_Driver/Src/stm32f4xx_hal_uart.o
 .text.UART_Receive_IT
                0x080038b8      0x17c ./Drivers/STM32F4xx_HAL_Driver/Src/stm32f4xx_hal_uart.o
 .text.UART_SetConfig
                0x08003a34      0x4e8 ./Drivers/STM32F4xx_HAL_Driver/Src/stm32f4xx_hal_uart.o
 .text.memset   0x08003f1c       0x10 C:/ST/STM32CubeIDE_1.18.0/STM32CubeIDE/plugins/com.st.stm32cube.ide.mcu.externaltools.gnu-tools-for-stm32.13.3.rel1.win32_1.0.0.202411081344/tools/bin/../lib/gcc/arm-none-eabi/13.3.1/../../../../arm-none-eabi/lib/thumb/v7e-m+fp/hard\libc_nano.a(libc_a-memset.o)
                0x08003f1c                memset
 .text.__libc_init_array
                0x08003f2c       0x48 C:/ST/STM32CubeIDE_1.18.0/STM32CubeIDE/plugins/com.st.stm32cube.ide.mcu.externaltools.gnu-tools-for-stm32.13.3.rel1.win32_1.0.0.202411081344/tools/bin/../lib/gcc/arm-none-eabi/13.3.1/../../../../arm-none-eabi/lib/thumb/v7e-m+fp/hard\libc_nano.a(libc_a-init.o)
                0x08003f2c                __libc_init_array
 *(.glue_7)
 .glue_7        0x08003f74        0x0 linker stubs
 *(.glue_7t)
 .glue_7t       0x08003f74        0x0 linker stubs
 *(.eh_frame)
 .eh_frame      0x08003f74        0x0 C:/ST/STM32CubeIDE_1.18.0/STM32CubeIDE/plugins/com.st.stm32cube.ide.mcu.externaltools.gnu-tools-for-stm32.13.3.rel1.win32_1.0.0.202411081344/tools/bin/../lib/gcc/arm-none-eabi/13.3.1/thumb/v7e-m+fp/hard/crtbegin.o
 *(.init)
 .init          0x08003f74        0x4 C:/ST/STM32CubeIDE_1.18.0/STM32CubeIDE/plugins/com.st.stm32cube.ide.mcu.externaltools.gnu-tools-for-stm32.13.3.rel1.win32_1.0.0.202411081344/tools/bin/../lib/gcc/arm-none-eabi/13.3.1/thumb/v7e-m+fp/hard/crti.o
                0x08003f74                _init
 .init          0x08003f78        0x8 C:/ST/STM32CubeIDE_1.18.0/STM32CubeIDE/plugins/com.st.stm32cube.ide.mcu.externaltools.gnu-tools-for-stm32.13.3.rel1.win32_1.0.0.202411081344/tools/bin/../lib/gcc/arm-none-eabi/13.3.1/thumb/v7e-m+fp/hard/crtn.o
 *(.fini)
 .fini          0x08003f80        0x4 C:/ST/STM32CubeIDE_1.18.0/STM32CubeIDE/plugins/com.st.stm32cube.ide.mcu.externaltools.gnu-tools-for-stm32.13.3.rel1.win32_1.0.0.202411081344/tools/bin/../lib/gcc/arm-none-eabi/13.3.1/thumb/v7e-m+fp/hard/crti.o
                0x08003f80                _fini
 .fini          0x08003f84        0x8 C:/ST/STM32CubeIDE_1.18.0/STM32CubeIDE/plugins/com.st.stm32cube.ide.mcu.externaltools.gnu-tools-for-stm32.13.3.rel1.win32_1.0.0.202411081344/tools/bin/../lib/gcc/arm-none-eabi/13.3.1/thumb/v7e-m+fp/hard/crtn.o
                0x08003f8c                        . = ALIGN (0x4)
                0x08003f8c                        _etext = .

.vfp11_veneer   0x08003f8c        0x0
 .vfp11_veneer  0x08003f8c        0x0 linker stubs

.v4_bx          0x08003f8c        0x0
 .v4_bx         0x08003f8c        0x0 linker stubs

.iplt           0x08003f8c        0x0
 .iplt          0x08003f8c        0x0 C:/ST/STM32CubeIDE_1.18.0/STM32CubeIDE/plugins/com.st.stm32cube.ide.mcu.externaltools.gnu-tools-for-stm32.13.3.rel1.win32_1.0.0.202411081344/tools/bin/../lib/gcc/arm-none-eabi/13.3.1/thumb/v7e-m+fp/hard/crtbegin.o

.rodata         0x08003f8c       0x18
                0x08003f8c                        . = ALIGN (0x4)
 *(.rodata)
 *(.rodata*)
 .rodata.AHBPrescTable
                0x08003f8c       0x10 ./Core/Src/system_stm32f4xx.o
                0x08003f8c                AHBPrescTable
 .rodata.APBPrescTable
                0x08003f9c        0x8 ./Core/Src/system_stm32f4xx.o
                0x08003f9c                APBPrescTable
                0x08003fa4                        . = ALIGN (0x4)

.ARM.extab      0x08003fa4        0x0
                0x08003fa4                        . = ALIGN (0x4)
 *(.ARM.extab* .gnu.linkonce.armextab.*)
                0x08003fa4                        . = ALIGN (0x4)

.ARM            0x08003fa4        0x8
                0x08003fa4                        . = ALIGN (0x4)
                0x08003fa4                        __exidx_start = .
 *(.ARM.exidx*)
 .ARM.exidx     0x08003fa4        0x8 C:/ST/STM32CubeIDE_1.18.0/STM32CubeIDE/plugins/com.st.stm32cube.ide.mcu.externaltools.gnu-tools-for-stm32.13.3.rel1.win32_1.0.0.202411081344/tools/bin/../lib/gcc/arm-none-eabi/13.3.1/thumb/v7e-m+fp/hard\libgcc.a(_udivmoddi4.o)
                0x08003fac                        __exidx_end = .
                0x08003fac                        . = ALIGN (0x4)

.preinit_array  0x08003fac        0x0
                0x08003fac                        . = ALIGN (0x4)
                0x08003fac                        PROVIDE (__preinit_array_start = .)
 *(.preinit_array*)
                0x08003fac                        PROVIDE (__preinit_array_end = .)
                0x08003fac                        . = ALIGN (0x4)

.init_array     0x08003fac        0x4
                0x08003fac                        . = ALIGN (0x4)
                0x08003fac                        PROVIDE (__init_array_start = .)
 *(SORT_BY_NAME(.init_array.*))
 *(.init_array*)
 .init_array    0x08003fac        0x4 C:/ST/STM32CubeIDE_1.18.0/STM32CubeIDE/plugins/com.st.stm32cube.ide.mcu.externaltools.gnu-tools-for-stm32.13.3.rel1.win32_1.0.0.202411081344/tools/bin/../lib/gcc/arm-none-eabi/13.3.1/thumb/v7e-m+fp/hard/crtbegin.o
                0x08003fb0                        PROVIDE (__init_array_end = .)
                0x08003fb0                        . = ALIGN (0x4)

.fini_array     0x08003fb0        0x4
                0x08003fb0                        . = ALIGN (0x4)
                [!provide]                        PROVIDE (__fini_array_start = .)
 *(SORT_BY_NAME(.fini_array.*))
 *(.fini_array*)
 .fini_array    0x08003fb0        0x4 C:/ST/STM32CubeIDE_1.18.0/STM32CubeIDE/plugins/com.st.stm32cube.ide.mcu.externaltools.gnu-tools-for-stm32.13.3.rel1.win32_1.0.0.202411081344/tools/bin/../lib/gcc/arm-none-eabi/13.3.1/thumb/v7e-m+fp/hard/crtbegin.o
                [!provide]                        PROVIDE (__fini_array_end = .)
                0x08003fb4                        . = ALIGN (0x4)
                0x08003fb4                        _sidata = LOADADDR (.data)

.rel.dyn        0x08003fb4        0x0
 .rel.iplt      0x08003fb4        0x0 C:/ST/STM32CubeIDE_1.18.0/STM32CubeIDE/plugins/com.st.stm32cube.ide.mcu.externaltools.gnu-tools-for-stm32.13.3.rel1.win32_1.0.0.202411081344/tools/bin/../lib/gcc/arm-none-eabi/13.3.1/thumb/v7e-m+fp/hard/crtbegin.o

.data           0x20000000        0xc load address 0x08003fb4
                0x20000000                        . = ALIGN (0x4)
                0x20000000                        _sdata = .
 *(.data)
 *(.data*)
 .data.SystemCoreClock
                0x20000000        0x4 ./Core/Src/system_stm32f4xx.o
                0x20000000                SystemCoreClock
 .data.uwTickPrio
                0x20000004        0x4 ./Drivers/STM32F4xx_HAL_Driver/Src/stm32f4xx_hal.o
                0x20000004                uwTickPrio
 .data.uwTickFreq
                0x20000008        0x1 ./Drivers/STM32F4xx_HAL_Driver/Src/stm32f4xx_hal.o
                0x20000008                uwTickFreq
 *(.RamFunc)
 *(.RamFunc*)
                0x2000000c                        . = ALIGN (0x4)
 *fill*         0x20000009        0x3 
                0x2000000c                        _edata = .
                0x08003fc0                        _siccmram = LOADADDR (.ccmram)

.igot.plt       0x2000000c        0x0 load address 0x08003fc0
 .igot.plt      0x2000000c        0x0 C:/ST/STM32CubeIDE_1.18.0/STM32CubeIDE/plugins/com.st.stm32cube.ide.mcu.externaltools.gnu-tools-for-stm32.13.3.rel1.win32_1.0.0.202411081344/tools/bin/../lib/gcc/arm-none-eabi/13.3.1/thumb/v7e-m+fp/hard/crtbegin.o

.ccmram         0x10000000        0x0 load address 0x08003fc0
                0x10000000                        . = ALIGN (0x4)
                0x10000000                        _sccmram = .
 *(.ccmram)
 *(.ccmram*)
                0x10000000                        . = ALIGN (0x4)
                0x10000000                        _eccmram = .
                0x10000000                        . = ALIGN (0x4)

.bss            0x2000000c       0xcc
                0x2000000c                        _sbss = .
                0x2000000c                        __bss_start__ = _sbss
 *(.bss)
 .bss           0x2000000c       0x1c C:/ST/STM32CubeIDE_1.18.0/STM32CubeIDE/plugins/com.st.stm32cube.ide.mcu.externaltools.gnu-tools-for-stm32.13.3.rel1.win32_1.0.0.202411081344/tools/bin/../lib/gcc/arm-none-eabi/13.3.1/thumb/v7e-m+fp/hard/crtbegin.o
 *(.bss*)
 .bss.receiver_uart
                0x20000028        0x4 ./Core/Src/command_receiver.o
 .bss.receive_byte
                0x2000002c        0x1 ./Core/Src/command_receiver.o
 *fill*         0x2000002d        0x3 
 .bss.receive_packet
                0x20000030        0x5 ./Core/Src/command_receiver.o
 .bss.receive_index
                0x20000035        0x1 ./Core/Src/command_receiver.o
 .bss.latest_buttons
                0x20000036        0x1 ./Core/Src/command_receiver.o
 .bss.latest_sequence
                0x20000037        0x1 ./Core/Src/command_receiver.o
 .bss.last_valid_tick
                0x20000038        0x4 ./Core/Src/command_receiver.o
 .bss.command_received
                0x2000003c        0x1 ./Core/Src/command_receiver.o
 *fill*         0x2000003d        0x3 
 .bss.htim3     0x20000040       0x48 ./Core/Src/main.o
                0x20000040                htim3
 .bss.huart3    0x20000088       0x48 ./Core/Src/main.o
                0x20000088                huart3
 .bss.motor_timer
                0x200000d0        0x4 ./Core/Src/motor_driver.o
 .bss.uwTick    0x200000d4        0x4 ./Drivers/STM32F4xx_HAL_Driver/Src/stm32f4xx_hal.o
                0x200000d4                uwTick
 *(COMMON)
                0x200000d8                        . = ALIGN (0x4)
                0x200000d8                        _ebss = .
                0x200000d8                        __bss_end__ = _ebss

._user_heap_stack
                0x200000d8      0x600
                0x200000d8                        . = ALIGN (0x8)
                [!provide]                        PROVIDE (end = .)
                0x200000d8                        PROVIDE (_end = .)
                0x200002d8                        . = (. + _Min_Heap_Size)
 *fill*         0x200000d8      0x200 
                0x200006d8                        . = (. + _Min_Stack_Size)
 *fill*         0x200002d8      0x400 
                0x200006d8                        . = ALIGN (0x8)

/DISCARD/
 libc.a(*)
 libm.a(*)
 libgcc.a(*)

.ARM.attributes
                0x00000000       0x30
 *(.ARM.attributes)
 .ARM.attributes
                0x00000000       0x22 C:/ST/STM32CubeIDE_1.18.0/STM32CubeIDE/plugins/com.st.stm32cube.ide.mcu.externaltools.gnu-tools-for-stm32.13.3.rel1.win32_1.0.0.202411081344/tools/bin/../lib/gcc/arm-none-eabi/13.3.1/thumb/v7e-m+fp/hard/crti.o
 .ARM.attributes
                0x00000022       0x34 C:/ST/STM32CubeIDE_1.18.0/STM32CubeIDE/plugins/com.st.stm32cube.ide.mcu.externaltools.gnu-tools-for-stm32.13.3.rel1.win32_1.0.0.202411081344/tools/bin/../lib/gcc/arm-none-eabi/13.3.1/thumb/v7e-m+fp/hard/crtbegin.o
 .ARM.attributes
                0x00000056       0x34 ./Core/Src/command_receiver.o
 .ARM.attributes
                0x0000008a       0x34 ./Core/Src/main.o
 .ARM.attributes
                0x000000be       0x34 ./Core/Src/motor_driver.o
 .ARM.attributes
                0x000000f2       0x34 ./Core/Src/status_led.o
 .ARM.attributes
                0x00000126       0x34 ./Core/Src/stm32f4xx_hal_msp.o
 .ARM.attributes
                0x0000015a       0x34 ./Core/Src/stm32f4xx_it.o
 .ARM.attributes
                0x0000018e       0x34 ./Core/Src/system_stm32f4xx.o
 .ARM.attributes
                0x000001c2       0x21 ./Core/Startup/startup_stm32f429zitx.o
 .ARM.attributes
                0x000001e3       0x34 ./Drivers/STM32F4xx_HAL_Driver/Src/stm32f4xx_hal.o
 .ARM.attributes
                0x00000217       0x34 ./Drivers/STM32F4xx_HAL_Driver/Src/stm32f4xx_hal_cortex.o
 .ARM.attributes
                0x0000024b       0x34 ./Drivers/STM32F4xx_HAL_Driver/Src/stm32f4xx_hal_dma.o
 .ARM.attributes
                0x0000027f       0x34 ./Drivers/STM32F4xx_HAL_Driver/Src/stm32f4xx_hal_gpio.o
 .ARM.attributes
                0x000002b3       0x34 ./Drivers/STM32F4xx_HAL_Driver/Src/stm32f4xx_hal_rcc.o
 .ARM.attributes
                0x000002e7       0x34 ./Drivers/STM32F4xx_HAL_Driver/Src/stm32f4xx_hal_tim.o
 .ARM.attributes
                0x0000031b       0x34 ./Drivers/STM32F4xx_HAL_Driver/Src/stm32f4xx_hal_tim_ex.o
 .ARM.attributes
                0x0000034f       0x34 ./Drivers/STM32F4xx_HAL_Driver/Src/stm32f4xx_hal_uart.o
 .ARM.attributes
                0x00000383       0x34 C:/ST/STM32CubeIDE_1.18.0/STM32CubeIDE/plugins/com.st.stm32cube.ide.mcu.externaltools.gnu-tools-for-stm32.13.3.rel1.win32_1.0.0.202411081344/tools/bin/../lib/gcc/arm-none-eabi/13.3.1/../../../../arm-none-eabi/lib/thumb/v7e-m+fp/hard\libc_nano.a(libc_a-memset.o)
 .ARM.attributes
                0x000003b7       0x34 C:/ST/STM32CubeIDE_1.18.0/STM32CubeIDE/plugins/com.st.stm32cube.ide.mcu.externaltools.gnu-tools-for-stm32.13.3.rel1.win32_1.0.0.202411081344/tools/bin/../lib/gcc/arm-none-eabi/13.3.1/../../../../arm-none-eabi/lib/thumb/v7e-m+fp/hard\libc_nano.a(libc_a-init.o)
 .ARM.attributes
                0x000003eb       0x22 C:/ST/STM32CubeIDE_1.18.0/STM32CubeIDE/plugins/com.st.stm32cube.ide.mcu.externaltools.gnu-tools-for-stm32.13.3.rel1.win32_1.0.0.202411081344/tools/bin/../lib/gcc/arm-none-eabi/13.3.1/thumb/v7e-m+fp/hard\libgcc.a(_aeabi_uldivmod.o)
 .ARM.attributes
                0x0000040d       0x34 C:/ST/STM32CubeIDE_1.18.0/STM32CubeIDE/plugins/com.st.stm32cube.ide.mcu.externaltools.gnu-tools-for-stm32.13.3.rel1.win32_1.0.0.202411081344/tools/bin/../lib/gcc/arm-none-eabi/13.3.1/thumb/v7e-m+fp/hard\libgcc.a(_udivmoddi4.o)
 .ARM.attributes
                0x00000441       0x22 C:/ST/STM32CubeIDE_1.18.0/STM32CubeIDE/plugins/com.st.stm32cube.ide.mcu.externaltools.gnu-tools-for-stm32.13.3.rel1.win32_1.0.0.202411081344/tools/bin/../lib/gcc/arm-none-eabi/13.3.1/thumb/v7e-m+fp/hard\libgcc.a(_dvmd_tls.o)
 .ARM.attributes
                0x00000463       0x22 C:/ST/STM32CubeIDE_1.18.0/STM32CubeIDE/plugins/com.st.stm32cube.ide.mcu.externaltools.gnu-tools-for-stm32.13.3.rel1.win32_1.0.0.202411081344/tools/bin/../lib/gcc/arm-none-eabi/13.3.1/thumb/v7e-m+fp/hard/crtn.o
OUTPUT(dc_motor.elf elf32-littlearm)
LOAD linker stubs
LOAD C:/ST/STM32CubeIDE_1.18.0/STM32CubeIDE/plugins/com.st.stm32cube.ide.mcu.externaltools.gnu-tools-for-stm32.13.3.rel1.win32_1.0.0.202411081344/tools/bin/../lib/gcc/arm-none-eabi/13.3.1/../../../../arm-none-eabi/lib/thumb/v7e-m+fp/hard\libc.a
LOAD C:/ST/STM32CubeIDE_1.18.0/STM32CubeIDE/plugins/com.st.stm32cube.ide.mcu.externaltools.gnu-tools-for-stm32.13.3.rel1.win32_1.0.0.202411081344/tools/bin/../lib/gcc/arm-none-eabi/13.3.1/../../../../arm-none-eabi/lib/thumb/v7e-m+fp/hard\libm.a
LOAD C:/ST/STM32CubeIDE_1.18.0/STM32CubeIDE/plugins/com.st.stm32cube.ide.mcu.externaltools.gnu-tools-for-stm32.13.3.rel1.win32_1.0.0.202411081344/tools/bin/../lib/gcc/arm-none-eabi/13.3.1/thumb/v7e-m+fp/hard\libgcc.a

.debug_info     0x00000000     0xe1d3
 .debug_info    0x00000000      0x82b ./Core/Src/command_receiver.o
 .debug_info    0x0000082b     0x1262 ./Core/Src/main.o
 .debug_info    0x00001a8d      0x8ca ./Core/Src/motor_driver.o
 .debug_info    0x00002357      0x1f3 ./Core/Src/status_led.o
 .debug_info    0x0000254a      0xfc0 ./Core/Src/stm32f4xx_hal_msp.o
 .debug_info    0x0000350a      0x98b ./Core/Src/stm32f4xx_it.o
 .debug_info    0x00003e95      0x52e ./Core/Src/system_stm32f4xx.o
 .debug_info    0x000043c3       0x30 ./Core/Startup/startup_stm32f429zitx.o
 .debug_info    0x000043f3      0x9ba ./Drivers/STM32F4xx_HAL_Driver/Src/stm32f4xx_hal.o
 .debug_info    0x00004dad      0xdc2 ./Drivers/STM32F4xx_HAL_Driver/Src/stm32f4xx_hal_cortex.o
 .debug_info    0x00005b6f      0x8e7 ./Drivers/STM32F4xx_HAL_Driver/Src/stm32f4xx_hal_dma.o
 .debug_info    0x00006456      0x6db ./Drivers/STM32F4xx_HAL_Driver/Src/stm32f4xx_hal_gpio.o
 .debug_info    0x00006b31      0x8db ./Drivers/STM32F4xx_HAL_Driver/Src/stm32f4xx_hal_rcc.o
 .debug_info    0x0000740c     0x299d ./Drivers/STM32F4xx_HAL_Driver/Src/stm32f4xx_hal_tim.o
 .debug_info    0x00009da9     0x14db ./Drivers/STM32F4xx_HAL_Driver/Src/stm32f4xx_hal_tim_ex.o
 .debug_info    0x0000b284     0x2f4f ./Drivers/STM32F4xx_HAL_Driver/Src/stm32f4xx_hal_uart.o

.debug_abbrev   0x00000000     0x2108
 .debug_abbrev  0x00000000      0x220 ./Core/Src/command_receiver.o
 .debug_abbrev  0x00000220      0x2f2 ./Core/Src/main.o
 .debug_abbrev  0x00000512      0x1f6 ./Core/Src/motor_driver.o
 .debug_abbrev  0x00000708      0x11f ./Core/Src/status_led.o
 .debug_abbrev  0x00000827      0x1de ./Core/Src/stm32f4xx_hal_msp.o
 .debug_abbrev  0x00000a05      0x19c ./Core/Src/stm32f4xx_it.o
 .debug_abbrev  0x00000ba1      0x11a ./Core/Src/system_stm32f4xx.o
 .debug_abbrev  0x00000cbb       0x24 ./Core/Startup/startup_stm32f429zitx.o
 .debug_abbrev  0x00000cdf      0x214 ./Drivers/STM32F4xx_HAL_Driver/Src/stm32f4xx_hal.o
 .debug_abbrev  0x00000ef3      0x31d ./Drivers/STM32F4xx_HAL_Driver/Src/stm32f4xx_hal_cortex.o
 .debug_abbrev  0x00001210      0x264 ./Drivers/STM32F4xx_HAL_Driver/Src/stm32f4xx_hal_dma.o
 .debug_abbrev  0x00001474      0x1d4 ./Drivers/STM32F4xx_HAL_Driver/Src/stm32f4xx_hal_gpio.o
 .debug_abbrev  0x00001648      0x2b7 ./Drivers/STM32F4xx_HAL_Driver/Src/stm32f4xx_hal_rcc.o
 .debug_abbrev  0x000018ff      0x278 ./Drivers/STM32F4xx_HAL_Driver/Src/stm32f4xx_hal_tim.o
 .debug_abbrev  0x00001b77      0x283 ./Drivers/STM32F4xx_HAL_Driver/Src/stm32f4xx_hal_tim_ex.o
 .debug_abbrev  0x00001dfa      0x30e ./Drivers/STM32F4xx_HAL_Driver/Src/stm32f4xx_hal_uart.o

.debug_aranges  0x00000000      0xd18
 .debug_aranges
                0x00000000       0x68 ./Core/Src/command_receiver.o
 .debug_aranges
                0x00000068       0x58 ./Core/Src/main.o
 .debug_aranges
                0x000000c0       0x48 ./Core/Src/motor_driver.o
 .debug_aranges
                0x00000108       0x28 ./Core/Src/status_led.o
 .debug_aranges
                0x00000130       0x48 ./Core/Src/stm32f4xx_hal_msp.o
 .debug_aranges
                0x00000178       0x70 ./Core/Src/stm32f4xx_it.o
 .debug_aranges
                0x000001e8       0x28 ./Core/Src/system_stm32f4xx.o
 .debug_aranges
                0x00000210       0x28 ./Core/Startup/startup_stm32f429zitx.o
 .debug_aranges
                0x00000238      0x100 ./Drivers/STM32F4xx_HAL_Driver/Src/stm32f4xx_hal.o
 .debug_aranges
                0x00000338      0x130 ./Drivers/STM32F4xx_HAL_Driver/Src/stm32f4xx_hal_cortex.o
 .debug_aranges
                0x00000468       0x90 ./Drivers/STM32F4xx_HAL_Driver/Src/stm32f4xx_hal_dma.o
 .debug_aranges
                0x000004f8       0x58 ./Drivers/STM32F4xx_HAL_Driver/Src/stm32f4xx_hal_gpio.o
 .debug_aranges
                0x00000550       0x88 ./Drivers/STM32F4xx_HAL_Driver/Src/stm32f4xx_hal_rcc.o
 .debug_aranges
                0x000005d8      0x3d0 ./Drivers/STM32F4xx_HAL_Driver/Src/stm32f4xx_hal_tim.o
 .debug_aranges
                0x000009a8      0x168 ./Drivers/STM32F4xx_HAL_Driver/Src/stm32f4xx_hal_tim_ex.o
 .debug_aranges
                0x00000b10      0x208 ./Drivers/STM32F4xx_HAL_Driver/Src/stm32f4xx_hal_uart.o

.debug_rnglists
                0x00000000      0xa37
 .debug_rnglists
                0x00000000       0x4a ./Core/Src/command_receiver.o
 .debug_rnglists
                0x0000004a       0x41 ./Core/Src/main.o
 .debug_rnglists
                0x0000008b       0x33 ./Core/Src/motor_driver.o
 .debug_rnglists
                0x000000be       0x1a ./Core/Src/status_led.o
 .debug_rnglists
                0x000000d8       0x32 ./Core/Src/stm32f4xx_hal_msp.o
 .debug_rnglists
                0x0000010a       0x4f ./Core/Src/stm32f4xx_it.o
 .debug_rnglists
                0x00000159       0x1a ./Core/Src/system_stm32f4xx.o
 .debug_rnglists
                0x00000173       0x19 ./Core/Startup/startup_stm32f429zitx.o
 .debug_rnglists
                0x0000018c       0xbb ./Drivers/STM32F4xx_HAL_Driver/Src/stm32f4xx_hal.o
 .debug_rnglists
                0x00000247       0xe0 ./Drivers/STM32F4xx_HAL_Driver/Src/stm32f4xx_hal_cortex.o
 .debug_rnglists
                0x00000327       0x70 ./Drivers/STM32F4xx_HAL_Driver/Src/stm32f4xx_hal_dma.o
 .debug_rnglists
                0x00000397       0x3f ./Drivers/STM32F4xx_HAL_Driver/Src/stm32f4xx_hal_gpio.o
 .debug_rnglists
                0x000003d6       0x66 ./Drivers/STM32F4xx_HAL_Driver/Src/stm32f4xx_hal_rcc.o
 .debug_rnglists
                0x0000043c      0x31a ./Drivers/STM32F4xx_HAL_Driver/Src/stm32f4xx_hal_tim.o
 .debug_rnglists
                0x00000756      0x125 ./Drivers/STM32F4xx_HAL_Driver/Src/stm32f4xx_hal_tim_ex.o
 .debug_rnglists
                0x0000087b      0x1bc ./Drivers/STM32F4xx_HAL_Driver/Src/stm32f4xx_hal_uart.o

.debug_macro    0x00000000    0x230ac
 .debug_macro   0x00000000      0x1f3 ./Core/Src/command_receiver.o
 .debug_macro   0x000001f3      0xad8 ./Core/Src/command_receiver.o
 .debug_macro   0x00000ccb      0x29b ./Core/Src/command_receiver.o
 .debug_macro   0x00000f66       0x2e ./Core/Src/command_receiver.o
 .debug_macro   0x00000f94       0x28 ./Core/Src/command_receiver.o
 .debug_macro   0x00000fbc       0x22 ./Core/Src/command_receiver.o
 .debug_macro   0x00000fde       0x8e ./Core/Src/command_receiver.o
 .debug_macro   0x0000106c       0x51 ./Core/Src/command_receiver.o
 .debug_macro   0x000010bd      0x103 ./Core/Src/command_receiver.o
 .debug_macro   0x000011c0       0x6a ./Core/Src/command_receiver.o
 .debug_macro   0x0000122a      0x1df ./Core/Src/command_receiver.o
 .debug_macro   0x00001409       0x1c ./Core/Src/command_receiver.o
 .debug_macro   0x00001425       0x22 ./Core/Src/command_receiver.o
 .debug_macro   0x00001447       0xfb ./Core/Src/command_receiver.o
 .debug_macro   0x00001542     0x1011 ./Core/Src/command_receiver.o
 .debug_macro   0x00002553      0x11f ./Core/Src/command_receiver.o
 .debug_macro   0x00002672    0x17ff1 ./Core/Src/command_receiver.o
 .debug_macro   0x0001a663       0x6d ./Core/Src/command_receiver.o
 .debug_macro   0x0001a6d0     0x370a ./Core/Src/command_receiver.o
 .debug_macro   0x0001ddda      0x190 ./Core/Src/command_receiver.o
 .debug_macro   0x0001df6a       0x5c ./Core/Src/command_receiver.o
 .debug_macro   0x0001dfc6      0xcba ./Core/Src/command_receiver.o
 .debug_macro   0x0001ec80      0x9e9 ./Core/Src/command_receiver.o
 .debug_macro   0x0001f669      0x115 ./Core/Src/command_receiver.o
 .debug_macro   0x0001f77e      0x156 ./Core/Src/command_receiver.o
 .debug_macro   0x0001f8d4       0xa5 ./Core/Src/command_receiver.o
 .debug_macro   0x0001f979      0x182 ./Core/Src/command_receiver.o
 .debug_macro   0x0001fafb      0x287 ./Core/Src/command_receiver.o
 .debug_macro   0x0001fd82       0x5f ./Core/Src/command_receiver.o
 .debug_macro   0x0001fde1      0x236 ./Core/Src/command_receiver.o
 .debug_macro   0x00020017      0x132 ./Core/Src/command_receiver.o
 .debug_macro   0x00020149      0x41d ./Core/Src/command_receiver.o
 .debug_macro   0x00020566       0x2e ./Core/Src/command_receiver.o
 .debug_macro   0x00020594      0x127 ./Core/Src/command_receiver.o
 .debug_macro   0x000206bb       0xe2 ./Core/Src/command_receiver.o
 .debug_macro   0x0002079d       0x89 ./Core/Src/command_receiver.o
 .debug_macro   0x00020826      0x8ed ./Core/Src/command_receiver.o
 .debug_macro   0x00021113       0x4d ./Core/Src/command_receiver.o
 .debug_macro   0x00021160      0x2aa ./Core/Src/command_receiver.o
 .debug_macro   0x0002140a      0x134 ./Core/Src/command_receiver.o
 .debug_macro   0x0002153e       0x22 ./Core/Src/command_receiver.o
 .debug_macro   0x00021560      0x203 ./Core/Src/main.o
 .debug_macro   0x00021763       0x58 ./Core/Src/main.o
 .debug_macro   0x000217bb       0x10 ./Core/Src/main.o
 .debug_macro   0x000217cb      0x1f3 ./Core/Src/motor_driver.o
 .debug_macro   0x000219be       0x5e ./Core/Src/motor_driver.o
 .debug_macro   0x00021a1c      0x1fc ./Core/Src/status_led.o
 .debug_macro   0x00021c18      0x1dd ./Core/Src/stm32f4xx_hal_msp.o
 .debug_macro   0x00021df5      0x1e7 ./Core/Src/stm32f4xx_it.o
 .debug_macro   0x00021fdc      0x1ce ./Core/Src/system_stm32f4xx.o
 .debug_macro   0x000221aa      0x22e ./Drivers/STM32F4xx_HAL_Driver/Src/stm32f4xx_hal.o
 .debug_macro   0x000223d8      0x1ce ./Drivers/STM32F4xx_HAL_Driver/Src/stm32f4xx_hal_cortex.o
 .debug_macro   0x000225a6      0x1d4 ./Drivers/STM32F4xx_HAL_Driver/Src/stm32f4xx_hal_dma.o
 .debug_macro   0x0002277a      0x1d4 ./Drivers/STM32F4xx_HAL_Driver/Src/stm32f4xx_hal_gpio.o
 .debug_macro   0x0002294e      0x1f2 ./Drivers/STM32F4xx_HAL_Driver/Src/stm32f4xx_hal_rcc.o
 .debug_macro   0x00022b40      0x1cf ./Drivers/STM32F4xx_HAL_Driver/Src/stm32f4xx_hal_tim.o
 .debug_macro   0x00022d0f      0x1ce ./Drivers/STM32F4xx_HAL_Driver/Src/stm32f4xx_hal_tim_ex.o
 .debug_macro   0x00022edd      0x1cf ./Drivers/STM32F4xx_HAL_Driver/Src/stm32f4xx_hal_uart.o

.debug_line     0x00000000     0xf2d1
 .debug_line    0x00000000      0x919 ./Core/Src/command_receiver.o
 .debug_line    0x00000919      0x966 ./Core/Src/main.o
 .debug_line    0x0000127f      0x88a ./Core/Src/motor_driver.o
 .debug_line    0x00001b09      0x78e ./Core/Src/status_led.o
 .debug_line    0x00002297      0x801 ./Core/Src/stm32f4xx_hal_msp.o
 .debug_line    0x00002a98      0x825 ./Core/Src/stm32f4xx_it.o
 .debug_line    0x000032bd      0x7bc ./Core/Src/system_stm32f4xx.o
 .debug_line    0x00003a79       0x7a ./Core/Startup/startup_stm32f429zitx.o
 .debug_line    0x00003af3      0xa6e ./Drivers/STM32F4xx_HAL_Driver/Src/stm32f4xx_hal.o
 .debug_line    0x00004561      0xd08 ./Drivers/STM32F4xx_HAL_Driver/Src/stm32f4xx_hal_cortex.o
 .debug_line    0x00005269      0xfa4 ./Drivers/STM32F4xx_HAL_Driver/Src/stm32f4xx_hal_dma.o
 .debug_line    0x0000620d      0xbb8 ./Drivers/STM32F4xx_HAL_Driver/Src/stm32f4xx_hal_gpio.o
 .debug_line    0x00006dc5      0xe47 ./Drivers/STM32F4xx_HAL_Driver/Src/stm32f4xx_hal_rcc.o
 .debug_line    0x00007c0c     0x37ad ./Drivers/STM32F4xx_HAL_Driver/Src/stm32f4xx_hal_tim.o
 .debug_line    0x0000b3b9     0x1998 ./Drivers/STM32F4xx_HAL_Driver/Src/stm32f4xx_hal_tim_ex.o
 .debug_line    0x0000cd51     0x2580 ./Drivers/STM32F4xx_HAL_Driver/Src/stm32f4xx_hal_uart.o

.debug_str      0x00000000    0xd6da9
 .debug_str     0x00000000    0xd6da9 ./Core/Src/command_receiver.o
                              0xd350a (size before relaxing)
 .debug_str     0x000d6da9    0xd3dab ./Core/Src/main.o
 .debug_str     0x000d6da9    0xd36b3 ./Core/Src/motor_driver.o
 .debug_str     0x000d6da9    0xd30af ./Core/Src/status_led.o
 .debug_str     0x000d6da9    0xd3e5e ./Core/Src/stm32f4xx_hal_msp.o
 .debug_str     0x000d6da9    0xd37a4 ./Core/Src/stm32f4xx_it.o
 .debug_str     0x000d6da9    0xd2f9f ./Core/Src/system_stm32f4xx.o
 .debug_str     0x000d6da9       0x75 ./Core/Startup/startup_stm32f429zitx.o
 .debug_str     0x000d6da9    0xd3bc2 ./Drivers/STM32F4xx_HAL_Driver/Src/stm32f4xx_hal.o
 .debug_str     0x000d6da9    0xd38f0 ./Drivers/STM32F4xx_HAL_Driver/Src/stm32f4xx_hal_cortex.o
 .debug_str     0x000d6da9    0xd33a6 ./Drivers/STM32F4xx_HAL_Driver/Src/stm32f4xx_hal_dma.o
 .debug_str     0x000d6da9    0xd311a ./Drivers/STM32F4xx_HAL_Driver/Src/stm32f4xx_hal_gpio.o
 .debug_str     0x000d6da9    0xd33d3 ./Drivers/STM32F4xx_HAL_Driver/Src/stm32f4xx_hal_rcc.o
 .debug_str     0x000d6da9    0xd4316 ./Drivers/STM32F4xx_HAL_Driver/Src/stm32f4xx_hal_tim.o
 .debug_str     0x000d6da9    0xd3b22 ./Drivers/STM32F4xx_HAL_Driver/Src/stm32f4xx_hal_tim_ex.o
 .debug_str     0x000d6da9    0xd39a1 ./Drivers/STM32F4xx_HAL_Driver/Src/stm32f4xx_hal_uart.o

.comment        0x00000000       0x43
 .comment       0x00000000       0x43 ./Core/Src/command_receiver.o
                                 0x44 (size before relaxing)
 .comment       0x00000043       0x44 ./Core/Src/main.o
 .comment       0x00000043       0x44 ./Core/Src/motor_driver.o
 .comment       0x00000043       0x44 ./Core/Src/status_led.o
 .comment       0x00000043       0x44 ./Core/Src/stm32f4xx_hal_msp.o
 .comment       0x00000043       0x44 ./Core/Src/stm32f4xx_it.o
 .comment       0x00000043       0x44 ./Core/Src/system_stm32f4xx.o
 .comment       0x00000043       0x44 ./Drivers/STM32F4xx_HAL_Driver/Src/stm32f4xx_hal.o
 .comment       0x00000043       0x44 ./Drivers/STM32F4xx_HAL_Driver/Src/stm32f4xx_hal_cortex.o
 .comment       0x00000043       0x44 ./Drivers/STM32F4xx_HAL_Driver/Src/stm32f4xx_hal_dma.o
 .comment       0x00000043       0x44 ./Drivers/STM32F4xx_HAL_Driver/Src/stm32f4xx_hal_gpio.o
 .comment       0x00000043       0x44 ./Drivers/STM32F4xx_HAL_Driver/Src/stm32f4xx_hal_rcc.o
 .comment       0x00000043       0x44 ./Drivers/STM32F4xx_HAL_Driver/Src/stm32f4xx_hal_tim.o
 .comment       0x00000043       0x44 ./Drivers/STM32F4xx_HAL_Driver/Src/stm32f4xx_hal_tim_ex.o
 .comment       0x00000043       0x44 ./Drivers/STM32F4xx_HAL_Driver/Src/stm32f4xx_hal_uart.o

.debug_frame    0x00000000     0x3680
 .debug_frame   0x00000000      0x16c ./Core/Src/command_receiver.o
 .debug_frame   0x0000016c      0x118 ./Core/Src/main.o
 .debug_frame   0x00000284       0xe8 ./Core/Src/motor_driver.o
 .debug_frame   0x0000036c       0x50 ./Core/Src/status_led.o
 .debug_frame   0x000003bc       0xec ./Core/Src/stm32f4xx_hal_msp.o
 .debug_frame   0x000004a8      0x13c ./Core/Src/stm32f4xx_it.o
 .debug_frame   0x000005e4       0x58 ./Core/Src/system_stm32f4xx.o
 .debug_frame   0x0000063c      0x3b4 ./Drivers/STM32F4xx_HAL_Driver/Src/stm32f4xx_hal.o
 .debug_frame   0x000009f0      0x508 ./Drivers/STM32F4xx_HAL_Driver/Src/stm32f4xx_hal_cortex.o
 .debug_frame   0x00000ef8      0x250 ./Drivers/STM32F4xx_HAL_Driver/Src/stm32f4xx_hal_dma.o
 .debug_frame   0x00001148      0x14c ./Drivers/STM32F4xx_HAL_Driver/Src/stm32f4xx_hal_gpio.o
 .debug_frame   0x00001294      0x1f4 ./Drivers/STM32F4xx_HAL_Driver/Src/stm32f4xx_hal_rcc.o
 .debug_frame   0x00001488     0x11c0 ./Drivers/STM32F4xx_HAL_Driver/Src/stm32f4xx_hal_tim.o
 .debug_frame   0x00002648      0x638 ./Drivers/STM32F4xx_HAL_Driver/Src/stm32f4xx_hal_tim_ex.o
 .debug_frame   0x00002c80      0x954 ./Drivers/STM32F4xx_HAL_Driver/Src/stm32f4xx_hal_uart.o
 .debug_frame   0x000035d4       0x20 C:/ST/STM32CubeIDE_1.18.0/STM32CubeIDE/plugins/com.st.stm32cube.ide.mcu.externaltools.gnu-tools-for-stm32.13.3.rel1.win32_1.0.0.202411081344/tools/bin/../lib/gcc/arm-none-eabi/13.3.1/../../../../arm-none-eabi/lib/thumb/v7e-m+fp/hard\libc_nano.a(libc_a-memset.o)
 .debug_frame   0x000035f4       0x2c C:/ST/STM32CubeIDE_1.18.0/STM32CubeIDE/plugins/com.st.stm32cube.ide.mcu.externaltools.gnu-tools-for-stm32.13.3.rel1.win32_1.0.0.202411081344/tools/bin/../lib/gcc/arm-none-eabi/13.3.1/../../../../arm-none-eabi/lib/thumb/v7e-m+fp/hard\libc_nano.a(libc_a-init.o)
 .debug_frame   0x00003620       0x2c C:/ST/STM32CubeIDE_1.18.0/STM32CubeIDE/plugins/com.st.stm32cube.ide.mcu.externaltools.gnu-tools-for-stm32.13.3.rel1.win32_1.0.0.202411081344/tools/bin/../lib/gcc/arm-none-eabi/13.3.1/thumb/v7e-m+fp/hard\libgcc.a(_aeabi_uldivmod.o)
 .debug_frame   0x0000364c       0x34 C:/ST/STM32CubeIDE_1.18.0/STM32CubeIDE/plugins/com.st.stm32cube.ide.mcu.externaltools.gnu-tools-for-stm32.13.3.rel1.win32_1.0.0.202411081344/tools/bin/../lib/gcc/arm-none-eabi/13.3.1/thumb/v7e-m+fp/hard\libgcc.a(_udivmoddi4.o)

.debug_line_str
                0x00000000       0x59
 .debug_line_str
                0x00000000       0x59 ./Core/Startup/startup_stm32f429zitx.o
