Archive member included to satisfy reference by file (symbol)

C:/ST/STM32CubeIDE_1.18.0/STM32CubeIDE/plugins/com.st.stm32cube.ide.mcu.externaltools.gnu-tools-for-stm32.13.3.rel1.win32_1.0.0.202411081344/tools/bin/../lib/gcc/arm-none-eabi/13.3.1/../../../../arm-none-eabi/lib/thumb/v7e-m+fp/hard\libc_nano.a(libc_a-exit.o)
                              C:/ST/STM32CubeIDE_1.18.0/STM32CubeIDE/plugins/com.st.stm32cube.ide.mcu.externaltools.gnu-tools-for-stm32.13.3.rel1.win32_1.0.0.202411081344/tools/bin/../lib/gcc/arm-none-eabi/13.3.1/../../../../arm-none-eabi/lib/thumb/v7e-m+fp/hard/crt0.o (exit)
C:/ST/STM32CubeIDE_1.18.0/STM32CubeIDE/plugins/com.st.stm32cube.ide.mcu.externaltools.gnu-tools-for-stm32.13.3.rel1.win32_1.0.0.202411081344/tools/bin/../lib/gcc/arm-none-eabi/13.3.1/../../../../arm-none-eabi/lib/thumb/v7e-m+fp/hard\libc_nano.a(libc_a-findfp.o)
                              C:/ST/STM32CubeIDE_1.18.0/STM32CubeIDE/plugins/com.st.stm32cube.ide.mcu.externaltools.gnu-tools-for-stm32.13.3.rel1.win32_1.0.0.202411081344/tools/bin/../lib/gcc/arm-none-eabi/13.3.1/../../../../arm-none-eabi/lib/thumb/v7e-m+fp/hard\libc_nano.a(libc_a-exit.o) (__stdio_exit_handler)
C:/ST/STM32CubeIDE_1.18.0/STM32CubeIDE/plugins/com.st.stm32cube.ide.mcu.externaltools.gnu-tools-for-stm32.13.3.rel1.win32_1.0.0.202411081344/tools/bin/../lib/gcc/arm-none-eabi/13.3.1/../../../../arm-none-eabi/lib/thumb/v7e-m+fp/hard\libc_nano.a(libc_a-fwalk.o)
                              C:/ST/STM32CubeIDE_1.18.0/STM32CubeIDE/plugins/com.st.stm32cube.ide.mcu.externaltools.gnu-tools-for-stm32.13.3.rel1.win32_1.0.0.202411081344/tools/bin/../lib/gcc/arm-none-eabi/13.3.1/../../../../arm-none-eabi/lib/thumb/v7e-m+fp/hard\libc_nano.a(libc_a-findfp.o) (_fwalk_sglue)
C:/ST/STM32CubeIDE_1.18.0/STM32CubeIDE/plugins/com.st.stm32cube.ide.mcu.externaltools.gnu-tools-for-stm32.13.3.rel1.win32_1.0.0.202411081344/tools/bin/../lib/gcc/arm-none-eabi/13.3.1/../../../../arm-none-eabi/lib/thumb/v7e-m+fp/hard\libc_nano.a(libc_a-stdio.o)
                              C:/ST/STM32CubeIDE_1.18.0/STM32CubeIDE/plugins/com.st.stm32cube.ide.mcu.externaltools.gnu-tools-for-stm32.13.3.rel1.win32_1.0.0.202411081344/tools/bin/../lib/gcc/arm-none-eabi/13.3.1/../../../../arm-none-eabi/lib/thumb/v7e-m+fp/hard\libc_nano.a(libc_a-findfp.o) (__sread)
C:/ST/STM32CubeIDE_1.18.0/STM32CubeIDE/plugins/com.st.stm32cube.ide.mcu.externaltools.gnu-tools-for-stm32.13.3.rel1.win32_1.0.0.202411081344/tools/bin/../lib/gcc/arm-none-eabi/13.3.1/../../../../arm-none-eabi/lib/thumb/v7e-m+fp/hard\libc_nano.a(libc_a-memset.o)
                              C:/ST/STM32CubeIDE_1.18.0/STM32CubeIDE/plugins/com.st.stm32cube.ide.mcu.externaltools.gnu-tools-for-stm32.13.3.rel1.win32_1.0.0.202411081344/tools/bin/../lib/gcc/arm-none-eabi/13.3.1/../../../../arm-none-eabi/lib/thumb/v7e-m+fp/hard/crt0.o (memset)
C:/ST/STM32CubeIDE_1.18.0/STM32CubeIDE/plugins/com.st.stm32cube.ide.mcu.externaltools.gnu-tools-for-stm32.13.3.rel1.win32_1.0.0.202411081344/tools/bin/../lib/gcc/arm-none-eabi/13.3.1/../../../../arm-none-eabi/lib/thumb/v7e-m+fp/hard\libc_nano.a(libc_a-closer.o)
                              C:/ST/STM32CubeIDE_1.18.0/STM32CubeIDE/plugins/com.st.stm32cube.ide.mcu.externaltools.gnu-tools-for-stm32.13.3.rel1.win32_1.0.0.202411081344/tools/bin/../lib/gcc/arm-none-eabi/13.3.1/../../../../arm-none-eabi/lib/thumb/v7e-m+fp/hard\libc_nano.a(libc_a-stdio.o) (_close_r)
C:/ST/STM32CubeIDE_1.18.0/STM32CubeIDE/plugins/com.st.stm32cube.ide.mcu.externaltools.gnu-tools-for-stm32.13.3.rel1.win32_1.0.0.202411081344/tools/bin/../lib/gcc/arm-none-eabi/13.3.1/../../../../arm-none-eabi/lib/thumb/v7e-m+fp/hard\libc_nano.a(libc_a-reent.o)
                              C:/ST/STM32CubeIDE_1.18.0/STM32CubeIDE/plugins/com.st.stm32cube.ide.mcu.externaltools.gnu-tools-for-stm32.13.3.rel1.win32_1.0.0.202411081344/tools/bin/../lib/gcc/arm-none-eabi/13.3.1/../../../../arm-none-eabi/lib/thumb/v7e-m+fp/hard\libc_nano.a(libc_a-closer.o) (errno)
C:/ST/STM32CubeIDE_1.18.0/STM32CubeIDE/plugins/com.st.stm32cube.ide.mcu.externaltools.gnu-tools-for-stm32.13.3.rel1.win32_1.0.0.202411081344/tools/bin/../lib/gcc/arm-none-eabi/13.3.1/../../../../arm-none-eabi/lib/thumb/v7e-m+fp/hard\libc_nano.a(libc_a-impure.o)
                              C:/ST/STM32CubeIDE_1.18.0/STM32CubeIDE/plugins/com.st.stm32cube.ide.mcu.externaltools.gnu-tools-for-stm32.13.3.rel1.win32_1.0.0.202411081344/tools/bin/../lib/gcc/arm-none-eabi/13.3.1/../../../../arm-none-eabi/lib/thumb/v7e-m+fp/hard\libc_nano.a(libc_a-reent.o) (_impure_ptr)
C:/ST/STM32CubeIDE_1.18.0/STM32CubeIDE/plugins/com.st.stm32cube.ide.mcu.externaltools.gnu-tools-for-stm32.13.3.rel1.win32_1.0.0.202411081344/tools/bin/../lib/gcc/arm-none-eabi/13.3.1/../../../../arm-none-eabi/lib/thumb/v7e-m+fp/hard\libc_nano.a(libc_a-lseekr.o)
[...]
Memory Configuration

Name             Origin             Length             Attributes
CCMRAM           0x10000000         0x00010000         xrw
RAM              0x20000000         0x00030000         xrw
FLASH            0x08000000         0x00200000         xr
*default*        0x00000000         0xffffffff

Linker script and memory map

LOAD C:/ST/STM32CubeIDE_1.18.0/STM32CubeIDE/plugins/com.st.stm32cube.ide.mcu.externaltools.gnu-tools-for-stm32.13.3.rel1.win32_1.0.0.202411081344/tools/bin/../lib/gcc/arm-none-eabi/13.3.1/thumb/v7e-m+fp/hard/crti.o
LOAD C:/ST/STM32CubeIDE_1.18.0/STM32CubeIDE/plugins/com.st.stm32cube.ide.mcu.externaltools.gnu-tools-for-stm32.13.3.rel1.win32_1.0.0.202411081344/tools/bin/../lib/gcc/arm-none-eabi/13.3.1/thumb/v7e-m+fp/hard/crtbegin.o
LOAD C:/ST/STM32CubeIDE_1.18.0/STM32CubeIDE/plugins/com.st.stm32cube.ide.mcu.externaltools.gnu-tools-for-stm32.13.3.rel1.win32_1.0.0.202411081344/tools/bin/../lib/gcc/arm-none-eabi/13.3.1/../../../../arm-none-eabi/lib/thumb/v7e-m+fp/hard/crt0.o
LOAD ./Core/Src/command_receiver.o
LOAD ./Core/Src/drive_controller.o
LOAD ./Core/Src/gripper_servo.o
LOAD ./Core/Src/main.o
LOAD ./Core/Src/motor_driver.o
LOAD ./Core/Src/status_led.o
LOAD ./Core/Src/stm32f4xx_hal_msp.o
LOAD ./Core/Src/stm32f4xx_it.o
LOAD ./Core/Src/syscalls.o
LOAD ./Core/Src/sysmem.o
LOAD ./Core/Src/system_stm32f4xx.o
LOAD ./Core/Startup/startup_stm32f429zitx.o
LOAD ./Drivers/STM32F4xx_HAL_Driver/Src/stm32f4xx_hal.o
LOAD ./Drivers/STM32F4xx_HAL_Driver/Src/stm32f4xx_hal_cortex.o
LOAD ./Drivers/STM32F4xx_HAL_Driver/Src/stm32f4xx_hal_dma.o
LOAD ./Drivers/STM32F4xx_HAL_Driver/Src/stm32f4xx_hal_dma_ex.o
LOAD ./Drivers/STM32F4xx_HAL_Driver/Src/stm32f4xx_hal_exti.o
LOAD ./Drivers/STM32F4xx_HAL_Driver/Src/stm32f4xx_hal_flash.o
LOAD ./Drivers/STM32F4xx_HAL_Driver/Src/stm32f4xx_hal_flash_ex.o
LOAD ./Drivers/STM32F4xx_HAL_Driver/Src/stm32f4xx_hal_flash_ramfunc.o
LOAD ./Drivers/STM32F4xx_HAL_Driver/Src/stm32f4xx_hal_gpio.o
LOAD ./Drivers/STM32F4xx_HAL_Driver/Src/stm32f4xx_hal_pwr.o
LOAD ./Drivers/STM32F4xx_HAL_Driver/Src/stm32f4xx_hal_pwr_ex.o
LOAD ./Drivers/STM32F4xx_HAL_Driver/Src/stm32f4xx_hal_rcc.o
LOAD ./Drivers/STM32F4xx_HAL_Driver/Src/stm32f4xx_hal_rcc_ex.o
LOAD ./Drivers/STM32F4xx_HAL_Driver/Src/stm32f4xx_hal_tim.o
LOAD ./Drivers/STM32F4xx_HAL_Driver/Src/stm32f4xx_hal_tim_ex.o
LOAD ./Drivers/STM32F4xx_HAL_Driver/Src/stm32f4xx_hal_uart.o
START GROUP
LOAD C:/ST/STM32CubeIDE_1.18.0/STM32CubeIDE/plugins/com.st.stm32cube.ide.mcu.externaltools.gnu-tools-for-stm32.13.3.rel1.win32_1.0.0.202411081344/tools/bin/../lib/gcc/arm-none-eabi/13.3.1/../../../../arm-none-eabi/lib/thumb/v7e-m+fp/hard\libc_nano.a
LOAD C:/ST/STM32CubeIDE_1.18.0/STM32CubeIDE/plugins/com.st.stm32cube.ide.mcu.externaltools.gnu-tools-for-stm32.13.3.rel1.win32_1.0.0.202411081344/tools/bin/../lib/gcc/arm-none-eabi/13.3.1/../../../../arm-none-eabi/lib/thumb/v7e-m+fp/hard\libm.a
END GROUP
START GROUP
LOAD C:/ST/STM32CubeIDE_1.18.0/STM32CubeIDE/plugins/com.st.stm32cube.ide.mcu.externaltools.gnu-tools-for-stm32.13.3.rel1.win32_1.0.0.202411081344/tools/bin/../lib/gcc/arm-none-eabi/13.3.1/thumb/v7e-m+fp/hard\libgcc.a
LOAD C:/ST/STM32CubeIDE_1.18.0/STM32CubeIDE/plugins/com.st.stm32cube.ide.mcu.externaltools.gnu-tools-for-stm32.13.3.rel1.win32_1.0.0.202411081344/tools/bin/../lib/gcc/arm-none-eabi/13.3.1/../../../../arm-none-eabi/lib/thumb/v7e-m+fp/hard\libc_nano.a
END GROUP
START GROUP
LOAD C:/ST/STM32CubeIDE_1.18.0/STM32CubeIDE/plugins/com.st.stm32cube.ide.mcu.externaltools.gnu-tools-for-stm32.13.3.rel1.win32_1.0.0.202411081344/tools/bin/../lib/gcc/arm-none-eabi/13.3.1/thumb/v7e-m+fp/hard\libgcc.a
LOAD C:/ST/STM32CubeIDE_1.18.0/STM32CubeIDE/plugins/com.st.stm32cube.ide.mcu.externaltools.gnu-tools-for-stm32.13.3.rel1.win32_1.0.0.202411081344/tools/bin/../lib/gcc/arm-none-eabi/13.3.1/../../../../arm-none-eabi/lib/thumb/v7e-m+fp/hard\libc_nano.a
LOAD C:/ST/STM32CubeIDE_1.18.0/STM32CubeIDE/plugins/com.st.stm32cube.ide.mcu.externaltools.gnu-tools-for-stm32.13.3.rel1.win32_1.0.0.202411081344/tools/bin/../lib/gcc/arm-none-eabi/13.3.1/../../../../arm-none-eabi/lib/thumb/v7e-m+fp/hard\libnosys.a
END GROUP
START GROUP
LOAD C:/ST/STM32CubeIDE_1.18.0/STM32CubeIDE/plugins/com.st.stm32cube.ide.mcu.externaltools.gnu-tools-for-stm32.13.3.rel1.win32_1.0.0.202411081344/tools/bin/../lib/gcc/arm-none-eabi/13.3.1/thumb/v7e-m+fp/hard\libgcc.a
LOAD C:/ST/STM32CubeIDE_1.18.0/STM32CubeIDE/plugins/com.st.stm32cube.ide.mcu.externaltools.gnu-tools-for-stm32.13.3.rel1.win32_1.0.0.202411081344/tools/bin/../lib/gcc/arm-none-eabi/13.3.1/../../../../arm-none-eabi/lib/thumb/v7e-m+fp/hard\libc_nano.a
LOAD C:/ST/STM32CubeIDE_1.18.0/STM32CubeIDE/plugins/com.st.stm32cube.ide.mcu.externaltools.gnu-tools-for-stm32.13.3.rel1.win32_1.0.0.202411081344/tools/bin/../lib/gcc/arm-none-eabi/13.3.1/../../../../arm-none-eabi/lib/thumb/v7e-m+fp/hard\libnosys.a
END GROUP
LOAD C:/ST/STM32CubeIDE_1.18.0/STM32CubeIDE/plugins/com.st.stm32cube.ide.mcu.externaltools.gnu-tools-for-stm32.13.3.rel1.win32_1.0.0.202411081344/tools/bin/../lib/gcc/arm-none-eabi/13.3.1/thumb/v7e-m+fp/hard/crtend.o
LOAD C:/ST/STM32CubeIDE_1.18.0/STM32CubeIDE/plugins/com.st.stm32cube.ide.mcu.externaltools.gnu-tools-for-stm32.13.3.rel1.win32_1.0.0.202411081344/tools/bin/../lib/gcc/arm-none-eabi/13.3.1/thumb/v7e-m+fp/hard/crtn.o
                0x20030000                        _estack = (ORIGIN (RAM) + LENGTH (RAM))
                0x00000200                        _Min_Heap_Size = 0x200
                0x00000400                        _Min_Stack_Size = 0x400

.isr_vector     0x08000000      0x1ac
                0x08000000                        . = ALIGN (0x4)
 *(.isr_vector)
 .isr_vector    0x08000000      0x1ac ./Core/Startup/startup_stm32f429zitx.o
                0x08000000                g_pfnVectors
                0x080001ac                        . = ALIGN (0x4)

.text           0x080001ac     0x43bc
                0x080001ac                        . = ALIGN (0x4)
 *(.text)
 .text          0x080001ac       0x40 C:/ST/STM32CubeIDE_1.18.0/STM32CubeIDE/plugins/com.st.stm32cube.ide.mcu.externaltools.gnu-tools-for-stm32.13.3.rel1.win32_1.0.0.202411081344/tools/bin/../lib/gcc/arm-none-eabi/13.3.1/thumb/v7e-m+fp/hard/crtbegin.o
 .text          0x080001ec       0x30 C:/ST/STM32CubeIDE_1.18.0/STM32CubeIDE/plugins/com.st.stm32cube.ide.mcu.externaltools.gnu-tools-for-stm32.13.3.rel1.win32_1.0.0.202411081344/tools/bin/../lib/gcc/arm-none-eabi/13.3.1/thumb/v7e-m+fp/hard\libgcc.a(_aeabi_uldivmod.o)
                0x080001ec                __aeabi_uldivmod
 .text          0x0800021c      0x2f8 C:/ST/STM32CubeIDE_1.18.0/STM32CubeIDE/plugins/com.st.stm32cube.ide.mcu.externaltools.gnu-tools-for-stm32.13.3.rel1.win32_1.0.0.202411081344/tools/bin/../lib/gcc/arm-none-eabi/13.3.1/thumb/v7e-m+fp/hard\libgcc.a(_udivmoddi4.o)
                0x0800021c                __udivmoddi4
 .text          0x08000514        0x4 C:/ST/STM32CubeIDE_1.18.0/STM32CubeIDE/plugins/com.st.stm32cube.ide.mcu.externaltools.gnu-tools-for-stm32.13.3.rel1.win32_1.0.0.202411081344/tools/bin/../lib/gcc/arm-none-eabi/13.3.1/thumb/v7e-m+fp/hard\libgcc.a(_dvmd_tls.o)
                0x08000514                __aeabi_idiv0
                0x08000514                __aeabi_ldiv0
 *(.text*)
 .text.CommandReceiver_CalculateCrc8
                0x08000518       0x6e ./Core/Src/command_receiver.o
 *fill*         0x08000586        0x2 
 .text.CommandReceiver_StartReceive
                0x08000588       0x28 ./Core/Src/command_receiver.o
 .text.CommandReceiver_ProcessByte
                0x080005b0       0xd4 ./Core/Src/command_receiver.o
 .text.CommandReceiver_Init
                0x08000684       0x5c ./Core/Src/command_receiver.o
                0x08000684                CommandReceiver_Init
 .text.CommandReceiver_HandleRxComplete
                0x080006e0       0x34 ./Core/Src/command_receiver.o
                0x080006e0                CommandReceiver_HandleRxComplete
 .text.CommandReceiver_HandleError
                0x08000714       0x30 ./Core/Src/command_receiver.o
                0x08000714                CommandReceiver_HandleError
 .text.CommandReceiver_GetButtons
                0x08000744       0x18 ./Core/Src/command_receiver.o
                0x08000744                CommandReceiver_GetButtons
 .text.CommandReceiver_IsTimedOut
                0x0800075c       0x48 ./Core/Src/command_receiver.o
                0x0800075c                CommandReceiver_IsTimedOut
 .text.DriveController_Apply
                0x080007a4       0x5c ./Core/Src/drive_controller.o
 .text.DriveController_Init
                0x08000800       0x20 ./Core/Src/drive_controller.o
                0x08000800                DriveController_Init
 .text.DriveController_Update
                0x08000820       0xbc ./Core/Src/drive_controller.o
                0x08000820                DriveController_Update
 .text.GripperServo_Init
                0x080008dc       0x74 ./Core/Src/gripper_servo.o
                0x080008dc                GripperServo_Init
 .text.main     0x08000950       0xb0 ./Core/Src/main.o
                0x08000950                main
 .text.SystemClock_Config
                0x08000a00       0xd4 ./Core/Src/main.o
                0x08000a00                SystemClock_Config
 .text.MX_TIM3_Init
                0x08000ad4      0x104 ./Core/Src/main.o
 .text.MX_TIM4_Init
                0x08000bd8      0x104 ./Core/Src/main.o
 .text.MX_USART3_UART_Init
                0x08000cdc       0x54 ./Core/Src/main.o
 .text.MX_GPIO_Init
                0x08000d30      0x108 ./Core/Src/main.o
 .text.HAL_UART_RxCpltCallback
                0x08000e38       0x16 ./Core/Src/main.o
                0x08000e38                HAL_UART_RxCpltCallback
 .text.HAL_UART_ErrorCallback
                0x08000e4e       0x16 ./Core/Src/main.o
                0x08000e4e                HAL_UART_ErrorCallback
 .text.Error_Handler
                0x08000e64        0xc ./Core/Src/main.o
                0x08000e64                Error_Handler
 .text.MotorDriver_ClampSpeed
                0x08000e70       0x3c ./Core/Src/motor_driver.o
 .text.MotorDriver_SetChannel
                0x08000eac      0x11c ./Core/Src/motor_driver.o
 .text.MotorDriver_Init
                0x08000fc8       0x80 ./Core/Src/motor_driver.o
                0x08000fc8                MotorDriver_Init
 .text.MotorDriver_SetLeft
                0x08001048       0x28 ./Core/Src/motor_driver.o
                0x08001048                MotorDriver_SetLeft
 .text.MotorDriver_SetRight
                0x08001070       0x28 ./Core/Src/motor_driver.o
                0x08001070                MotorDriver_SetRight
 .text.MotorDriver_Stop
                0x08001098       0x30 ./Core/Src/motor_driver.o
                0x08001098                MotorDriver_Stop
 .text.StatusLed_Init
                0x080010c8       0x2c ./Core/Src/status_led.o
                0x080010c8                StatusLed_Init
 .text.StatusLed_Update
                0x080010f4       0x88 ./Core/Src/status_led.o
                0x080010f4                StatusLed_Update
 .text.HAL_MspInit
                0x0800117c       0x50 ./Core/Src/stm32f4xx_hal_msp.o
                0x0800117c                HAL_MspInit
 .text.HAL_TIM_Base_MspInit
                0x080011cc       0x7c ./Core/Src/stm32f4xx_hal_msp.o
                0x080011cc                HAL_TIM_Base_MspInit
 .text.HAL_TIM_MspPostInit
                0x08001248       0xc8 ./Core/Src/stm32f4xx_hal_msp.o
                0x08001248                HAL_TIM_MspPostInit
 .text.HAL_UART_MspInit
                0x08001310       0xa0 ./Core/Src/stm32f4xx_hal_msp.o
                0x08001310                HAL_UART_MspInit
 .text.NMI_Handler
                0x080013b0        0x8 ./Core/Src/stm32f4xx_it.o
                0x080013b0                NMI_Handler
 .text.HardFault_Handler
                0x080013b8        0x8 ./Core/Src/stm32f4xx_it.o
                0x080013b8                HardFault_Handler
 .text.MemManage_Handler
                0x080013c0        0x8 ./Core/Src/stm32f4xx_it.o
                0x080013c0                MemManage_Handler
 .text.BusFault_Handler
                0x080013c8        0x8 ./Core/Src/stm32f4xx_it.o
                0x080013c8                BusFault_Handler
 .text.UsageFault_Handler
                0x080013d0        0x8 ./Core/Src/stm32f4xx_it.o
                0x080013d0                UsageFault_Handler
 .text.SVC_Handler
                0x080013d8        0xe ./Core/Src/stm32f4xx_it.o
                0x080013d8                SVC_Handler
 .text.DebugMon_Handler
                0x080013e6        0xe ./Core/Src/stm32f4xx_it.o
                0x080013e6                DebugMon_Handler
 .text.PendSV_Handler
                0x080013f4        0xe ./Core/Src/stm32f4xx_it.o
                0x080013f4                PendSV_Handler
 .text.SysTick_Handler
                0x08001402        0xc ./Core/Src/stm32f4xx_it.o
                0x08001402                SysTick_Handler
 *fill*         0x0800140e        0x2 
 .text.TIM3_IRQHandler
                0x08001410       0x14 ./Core/Src/stm32f4xx_it.o
                0x08001410                TIM3_IRQHandler
 .text.USART3_IRQHandler
                0x08001424       0x14 ./Core/Src/stm32f4xx_it.o
                0x08001424                USART3_IRQHandler
 .text.SystemInit
                0x08001438       0x24 ./Core/Src/system_stm32f4xx.o
                0x08001438                SystemInit
 .text.Reset_Handler
                0x0800145c       0x50 ./Core/Startup/startup_stm32f429zitx.o
                0x0800145c                Reset_Handler
 .text.Default_Handler
                0x080014ac        0x2 ./Core/Startup/startup_stm32f429zitx.o
                0x080014ac                RTC_Alarm_IRQHandler
                0x080014ac                HASH_RNG_IRQHandler
                0x080014ac                EXTI2_IRQHandler
                0x080014ac                TIM8_CC_IRQHandler
                0x080014ac                UART8_IRQHandler
                0x080014ac                SPI4_IRQHandler
                0x080014ac                TIM1_CC_IRQHandler
                0x080014ac                DMA2_Stream5_IRQHandler
                0x080014ac                DMA1_Stream5_IRQHandler
                0x080014ac                PVD_IRQHandler
                0x080014ac                SDIO_IRQHandler
                0x080014ac                TAMP_STAMP_IRQHandler
                0x080014ac                CAN2_RX1_IRQHandler
                0x080014ac                EXTI3_IRQHandler
                0x080014ac                TIM8_TRG_COM_TIM14_IRQHandler
                0x080014ac                TIM1_UP_TIM10_IRQHandler
                0x080014ac                TIM8_UP_TIM13_IRQHandler
                0x080014ac                I2C3_ER_IRQHandler
                0x080014ac                EXTI0_IRQHandler
                0x080014ac                I2C2_EV_IRQHandler
                0x080014ac                DMA1_Stream2_IRQHandler
                0x080014ac                CAN1_RX0_IRQHandler
                0x080014ac                FPU_IRQHandler
                0x080014ac                OTG_HS_WKUP_IRQHandler
                0x080014ac                LTDC_ER_IRQHandler
                0x080014ac                CAN2_SCE_IRQHandler
                0x080014ac                DMA2_Stream2_IRQHandler
                0x080014ac                SPI1_IRQHandler
                0x080014ac                TIM6_DAC_IRQHandler
                0x080014ac                TIM1_BRK_TIM9_IRQHandler
                0x080014ac                DCMI_IRQHandler
                0x080014ac                CAN2_RX0_IRQHandler
                0x080014ac                DMA2_Stream3_IRQHandler
                0x080014ac                USART6_IRQHandler
                0x080014ac                CAN1_RX1_IRQHandler
                0x080014ac                UART5_IRQHandler
                0x080014ac                DMA2_Stream0_IRQHandler
                0x080014ac                TIM4_IRQHandler
                0x080014ac                I2C1_EV_IRQHandler
                0x080014ac                DMA1_Stream6_IRQHandler
                0x080014ac                DMA1_Stream1_IRQHandler
                0x080014ac                UART4_IRQHandler
                0x080014ac                RCC_IRQHandler
                0x080014ac                TIM8_BRK_TIM12_IRQHandler
                0x080014ac                Default_Handler
                0x080014ac                EXTI15_10_IRQHandler
                0x080014ac                ADC_IRQHandler
                0x080014ac                DMA1_Stream7_IRQHandler
                0x080014ac                SPI5_IRQHandler
                0x080014ac                TIM7_IRQHandler
                0x080014ac                CAN2_TX_IRQHandler
                0x080014ac                TIM5_IRQHandler
                0x080014ac                DMA2_Stream7_IRQHandler
                0x080014ac                I2C3_EV_IRQHandler
                0x080014ac                EXTI9_5_IRQHandler
                0x080014ac                RTC_WKUP_IRQHandler
                0x080014ac                LTDC_IRQHandler
                0x080014ac                ETH_WKUP_IRQHandler
                0x080014ac                SPI2_IRQHandler
                0x080014ac                OTG_HS_EP1_IN_IRQHandler
                0x080014ac                DMA1_Stream0_IRQHandler
                0x080014ac                CAN1_TX_IRQHandler
                0x080014ac                EXTI4_IRQHandler
                0x080014ac                ETH_IRQHandler
                0x080014ac                OTG_HS_EP1_OUT_IRQHandler
                0x080014ac                WWDG_IRQHandler
                0x080014ac                SPI6_IRQHandler
                0x080014ac                TIM2_IRQHandler
                0x080014ac                OTG_FS_WKUP_IRQHandler
                0x080014ac                TIM1_TRG_COM_TIM11_IRQHandler
                0x080014ac                OTG_HS_IRQHandler
                0x080014ac                DMA2D_IRQHandler
                0x080014ac                EXTI1_IRQHandler
                0x080014ac                UART7_IRQHandler
                0x080014ac                USART2_IRQHandler
                0x080014ac                I2C2_ER_IRQHandler
                0x080014ac                DMA2_Stream1_IRQHandler
                0x080014ac                CAN1_SCE_IRQHandler
                0x080014ac                FLASH_IRQHandler
                0x080014ac                DMA2_Stream4_IRQHandler
                0x080014ac                USART1_IRQHandler
                0x080014ac                OTG_FS_IRQHandler
                0x080014ac                SPI3_IRQHandler
                0x080014ac                DMA1_Stream4_IRQHandler
                0x080014ac                I2C1_ER_IRQHandler
                0x080014ac                FMC_IRQHandler
                0x080014ac                DMA2_Stream6_IRQHandler
                0x080014ac                SAI1_IRQHandler
                0x080014ac                DMA1_Stream3_IRQHandler
 *fill*         0x080014ae        0x2 
 .text.HAL_Init
                0x080014b0       0x44 ./Drivers/STM32F4xx_HAL_Driver/Src/stm32f4xx_hal.o
                0x080014b0                HAL_Init
 .text.HAL_InitTick
                0x080014f4       0x60 ./Drivers/STM32F4xx_HAL_Driver/Src/stm32f4xx_hal.o
                0x080014f4                HAL_InitTick
 .text.HAL_IncTick
                0x08001554       0x28 ./Drivers/STM32F4xx_HAL_Driver/Src/stm32f4xx_hal.o
                0x08001554                HAL_IncTick
 .text.HAL_GetTick
                0x0800157c       0x18 ./Drivers/STM32F4xx_HAL_Driver/Src/stm32f4xx_hal.o
                0x0800157c                HAL_GetTick
 .text.__NVIC_SetPriorityGrouping
                0x08001594       0x48 ./Drivers/STM32F4xx_HAL_Driver/Src/stm32f4xx_hal_cortex.o
 .text.__NVIC_GetPriorityGrouping
                0x080015dc       0x1c ./Drivers/STM32F4xx_HAL_Driver/Src/stm32f4xx_hal_cortex.o
 .text.__NVIC_EnableIRQ
                0x080015f8       0x3c ./Drivers/STM32F4xx_HAL_Driver/Src/stm32f4xx_hal_cortex.o
 .text.__NVIC_SetPriority
                0x08001634       0x54 ./Drivers/STM32F4xx_HAL_Driver/Src/stm32f4xx_hal_cortex.o
 .text.NVIC_EncodePriority
                0x08001688       0x66 ./Drivers/STM32F4xx_HAL_Driver/Src/stm32f4xx_hal_cortex.o
 *fill*         0x080016ee        0x2 
 .text.SysTick_Config
                0x080016f0       0x44 ./Drivers/STM32F4xx_HAL_Driver/Src/stm32f4xx_hal_cortex.o
 .text.HAL_NVIC_SetPriorityGrouping
                0x08001734       0x16 ./Drivers/STM32F4xx_HAL_Driver/Src/stm32f4xx_hal_cortex.o
                0x08001734                HAL_NVIC_SetPriorityGrouping
 .text.HAL_NVIC_SetPriority
                0x0800174a       0x38 ./Drivers/STM32F4xx_HAL_Driver/Src/stm32f4xx_hal_cortex.o
                0x0800174a                HAL_NVIC_SetPriority
 .text.HAL_NVIC_EnableIRQ
                0x08001782       0x1c ./Drivers/STM32F4xx_HAL_Driver/Src/stm32f4xx_hal_cortex.o
                0x08001782                HAL_NVIC_EnableIRQ
 .text.HAL_SYSTICK_Config
                0x0800179e       0x18 ./Drivers/STM32F4xx_HAL_Driver/Src/stm32f4xx_hal_cortex.o
                0x0800179e                HAL_SYSTICK_Config
 .text.HAL_DMA_Abort
                0x080017b6       0xe0 ./Drivers/STM32F4xx_HAL_Driver/Src/stm32f4xx_hal_dma.o
                0x080017b6                HAL_DMA_Abort
 .text.HAL_DMA_Abort_IT
                0x08001896       0x44 ./Drivers/STM32F4xx_HAL_Driver/Src/stm32f4xx_hal_dma.o
                0x08001896                HAL_DMA_Abort_IT
 *fill*         0x080018da        0x2 
 .text.HAL_GPIO_Init
                0x080018dc      0x358 ./Drivers/STM32F4xx_HAL_Driver/Src/stm32f4xx_hal_gpio.o
                0x080018dc                HAL_GPIO_Init
 .text.HAL_GPIO_WritePin
                0x08001c34       0x32 ./Drivers/STM32F4xx_HAL_Driver/Src/stm32f4xx_hal_gpio.o
                0x08001c34                HAL_GPIO_WritePin
 *fill*         0x08001c66        0x2 
 .text.HAL_RCC_OscConfig
                0x08001c68      0x4f0 ./Drivers/STM32F4xx_HAL_Driver/Src/stm32f4xx_hal_rcc.o
                0x08001c68                HAL_RCC_OscConfig
 .text.HAL_RCC_ClockConfig
                0x08002158      0x1cc ./Drivers/STM32F4xx_HAL_Driver/Src/stm32f4xx_hal_rcc.o
                0x08002158                HAL_RCC_ClockConfig
 .text.HAL_RCC_GetSysClockFreq
                0x08002324      0x20c ./Drivers/STM32F4xx_HAL_Driver/Src/stm32f4xx_hal_rcc.o
                0x08002324                HAL_RCC_GetSysClockFreq
 .text.HAL_RCC_GetHCLKFreq
                0x08002530       0x18 ./Drivers/STM32F4xx_HAL_Driver/Src/stm32f4xx_hal_rcc.o
                0x08002530                HAL_RCC_GetHCLKFreq
 .text.HAL_RCC_GetPCLK1Freq
                0x08002548       0x28 ./Drivers/STM32F4xx_HAL_Driver/Src/stm32f4xx_hal_rcc.o
                0x08002548                HAL_RCC_GetPCLK1Freq
 .text.HAL_RCC_GetPCLK2Freq
                0x08002570       0x28 ./Drivers/STM32F4xx_HAL_Driver/Src/stm32f4xx_hal_rcc.o
                0x08002570                HAL_RCC_GetPCLK2Freq
 .text.HAL_TIM_Base_Init
                0x08002598       0x9e ./Drivers/STM32F4xx_HAL_Driver/Src/stm32f4xx_hal_tim.o
                0x08002598                HAL_TIM_Base_Init
 .text.HAL_TIM_PWM_Init
                0x08002636       0x9e ./Drivers/STM32F4xx_HAL_Driver/Src/stm32f4xx_hal_tim.o
                0x08002636                HAL_TIM_PWM_Init
 .text.HAL_TIM_PWM_MspInit
                0x080026d4       0x14 ./Drivers/STM32F4xx_HAL_Driver/Src/stm32f4xx_hal_tim.o
                0x080026d4                HAL_TIM_PWM_MspInit
 .text.HAL_TIM_PWM_Start
                0x080026e8      0x190 ./Drivers/STM32F4xx_HAL_Driver/Src/stm32f4xx_hal_tim.o
                0x080026e8                HAL_TIM_PWM_Start
 .text.HAL_TIM_PWM_Stop
                0x08002878       0xe0 ./Drivers/STM32F4xx_HAL_Driver/Src/stm32f4xx_hal_tim.o
                0x08002878                HAL_TIM_PWM_Stop
 .text.HAL_TIM_IRQHandler
                0x08002958      0x1e0 ./Drivers/STM32F4xx_HAL_Driver/Src/stm32f4xx_hal_tim.o
                0x08002958                HAL_TIM_IRQHandler
 .text.HAL_TIM_PWM_ConfigChannel
                0x08002b38      0x184 ./Drivers/STM32F4xx_HAL_Driver/Src/stm32f4xx_hal_tim.o
                0x08002b38                HAL_TIM_PWM_ConfigChannel
 .text.HAL_TIM_ConfigClockSource
                0x08002cbc      0x18e ./Drivers/STM32F4xx_HAL_Driver/Src/stm32f4xx_hal_tim.o
                0x08002cbc                HAL_TIM_ConfigClockSource
 .text.HAL_TIM_PeriodElapsedCallback
                0x08002e4a       0x14 ./Drivers/STM32F4xx_HAL_Driver/Src/stm32f4xx_hal_tim.o
                0x08002e4a                HAL_TIM_PeriodElapsedCallback
 .text.HAL_TIM_OC_DelayElapsedCallback
                0x08002e5e       0x14 ./Drivers/STM32F4xx_HAL_Driver/Src/stm32f4xx_hal_tim.o
                0x08002e5e                HAL_TIM_OC_DelayElapsedCallback
 .text.HAL_TIM_IC_CaptureCallback
                0x08002e72       0x14 ./Drivers/STM32F4xx_HAL_Driver/Src/stm32f4xx_hal_tim.o
                0x08002e72                HAL_TIM_IC_CaptureCallback
 .text.HAL_TIM_PWM_PulseFinishedCallback
                0x08002e86       0x14 ./Drivers/STM32F4xx_HAL_Driver/Src/stm32f4xx_hal_tim.o
                0x08002e86                HAL_TIM_PWM_PulseFinishedCallback
 .text.HAL_TIM_TriggerCallback
                0x08002e9a       0x14 ./Drivers/STM32F4xx_HAL_Driver/Src/stm32f4xx_hal_tim.o
                0x08002e9a                HAL_TIM_TriggerCallback
 *fill*         0x08002eae        0x2 
 .text.TIM_Base_SetConfig
                0x08002eb0      0x14c ./Drivers/STM32F4xx_HAL_Driver/Src/stm32f4xx_hal_tim.o
                0x08002eb0                TIM_Base_SetConfig
 .text.TIM_OC1_SetConfig
                0x08002ffc       0xe0 ./Drivers/STM32F4xx_HAL_Driver/Src/stm32f4xx_hal_tim.o
 .text.TIM_OC2_SetConfig
                0x080030dc       0xec ./Drivers/STM32F4xx_HAL_Driver/Src/stm32f4xx_hal_tim.o
                0x080030dc                TIM_OC2_SetConfig
 .text.TIM_OC3_SetConfig
                0x080031c8       0xe8 ./Drivers/STM32F4xx_HAL_Driver/Src/stm32f4xx_hal_tim.o
 .text.TIM_OC4_SetConfig
                0x080032b0       0xac ./Drivers/STM32F4xx_HAL_Driver/Src/stm32f4xx_hal_tim.o
 .text.TIM_TI1_ConfigInputStage
                0x0800335c       0x5e ./Drivers/STM32F4xx_HAL_Driver/Src/stm32f4xx_hal_tim.o
 .text.TIM_TI2_ConfigInputStage
                0x080033ba       0x60 ./Drivers/STM32F4xx_HAL_Driver/Src/stm32f4xx_hal_tim.o
 .text.TIM_ITRx_SetConfig
                0x0800341a       0x36 ./Drivers/STM32F4xx_HAL_Driver/Src/stm32f4xx_hal_tim.o
 .text.TIM_ETR_SetConfig
                0x08003450       0x40 ./Drivers/STM32F4xx_HAL_Driver/Src/stm32f4xx_hal_tim.o
                0x08003450                TIM_ETR_SetConfig
 .text.TIM_CCxChannelCmd
                0x08003490       0x4a ./Drivers/STM32F4xx_HAL_Driver/Src/stm32f4xx_hal_tim.o
                0x08003490                TIM_CCxChannelCmd
 *fill*         0x080034da        0x2 
 .text.HAL_TIMEx_MasterConfigSynchronization
                0x080034dc       0xf8 ./Drivers/STM32F4xx_HAL_Driver/Src/stm32f4xx_hal_tim_ex.o
                0x080034dc                HAL_TIMEx_MasterConfigSynchronization
 .text.HAL_TIMEx_CommutCallback
                0x080035d4       0x14 ./Drivers/STM32F4xx_HAL_Driver/Src/stm32f4xx_hal_tim_ex.o
                0x080035d4                HAL_TIMEx_CommutCallback
 .text.HAL_TIMEx_BreakCallback
                0x080035e8       0x14 ./Drivers/STM32F4xx_HAL_Driver/Src/stm32f4xx_hal_tim_ex.o
                0x080035e8                HAL_TIMEx_BreakCallback
 .text.HAL_UART_Init
                0x080035fc       0xa0 ./Drivers/STM32F4xx_HAL_Driver/Src/stm32f4xx_hal_uart.o
                0x080035fc                HAL_UART_Init
 .text.HAL_UART_Receive_IT
                0x0800369c       0x4a ./Drivers/STM32F4xx_HAL_Driver/Src/stm32f4xx_hal_uart.o
                0x0800369c                HAL_UART_Receive_IT
 *fill*         0x080036e6        0x2 
 .text.HAL_UART_IRQHandler
                0x080036e8      0x554 ./Drivers/STM32F4xx_HAL_Driver/Src/stm32f4xx_hal_uart.o
                0x080036e8                HAL_UART_IRQHandler
 .text.HAL_UART_TxCpltCallback
                0x08003c3c       0x14 ./Drivers/STM32F4xx_HAL_Driver/Src/stm32f4xx_hal_uart.o
                0x08003c3c                HAL_UART_TxCpltCallback
 .text.HAL_UARTEx_RxEventCallback
                0x08003c50       0x18 ./Drivers/STM32F4xx_HAL_Driver/Src/stm32f4xx_hal_uart.o
                0x08003c50                HAL_UARTEx_RxEventCallback
 .text.UART_Start_Receive_IT
                0x08003c68       0x74 ./Drivers/STM32F4xx_HAL_Driver/Src/stm32f4xx_hal_uart.o
                0x08003c68                UART_Start_Receive_IT
 .text.UART_EndRxTransfer
                0x08003cdc       0xc6 ./Drivers/STM32F4xx_HAL_Driver/Src/stm32f4xx_hal_uart.o
 .text.UART_DMAAbortOnError
                0x08003da2       0x22 ./Drivers/STM32F4xx_HAL_Driver/Src/stm32f4xx_hal_uart.o
 .text.UART_Transmit_IT
                0x08003dc4       0xa0 ./Drivers/STM32F4xx_HAL_Driver/Src/stm32f4xx_hal_uart.o
 .text.UART_EndTransmit_IT
                0x08003e64       0x30 ./Drivers/STM32F4xx_HAL_Driver/Src/stm32f4xx_hal_uart.o
 .text.UART_Receive_IT
                0x08003e94      0x17c ./Drivers/STM32F4xx_HAL_Driver/Src/stm32f4xx_hal_uart.o
 .text.UART_SetConfig
                0x08004010      0x4e8 ./Drivers/STM32F4xx_HAL_Driver/Src/stm32f4xx_hal_uart.o
 .text.memset   0x080044f8       0x10 C:/ST/STM32CubeIDE_1.18.0/STM32CubeIDE/plugins/com.st.stm32cube.ide.mcu.externaltools.gnu-tools-for-stm32.13.3.rel1.win32_1.0.0.202411081344/tools/bin/../lib/gcc/arm-none-eabi/13.3.1/../../../../arm-none-eabi/lib/thumb/v7e-m+fp/hard\libc_nano.a(libc_a-memset.o)
                0x080044f8                memset
 .text.__libc_init_array
                0x08004508       0x48 C:/ST/STM32CubeIDE_1.18.0/STM32CubeIDE/plugins/com.st.stm32cube.ide.mcu.externaltools.gnu-tools-for-stm32.13.3.rel1.win32_1.0.0.202411081344/tools/bin/../lib/gcc/arm-none-eabi/13.3.1/../../../../arm-none-eabi/lib/thumb/v7e-m+fp/hard\libc_nano.a(libc_a-init.o)
                0x08004508                __libc_init_array
 *(.glue_7)
 .glue_7        0x08004550        0x0 linker stubs
 *(.glue_7t)
 .glue_7t       0x08004550        0x0 linker stubs
 *(.eh_frame)
 .eh_frame      0x08004550        0x0 C:/ST/STM32CubeIDE_1.18.0/STM32CubeIDE/plugins/com.st.stm32cube.ide.mcu.externaltools.gnu-tools-for-stm32.13.3.rel1.win32_1.0.0.202411081344/tools/bin/../lib/gcc/arm-none-eabi/13.3.1/thumb/v7e-m+fp/hard/crtbegin.o
 *(.init)
 .init          0x08004550        0x4 C:/ST/STM32CubeIDE_1.18.0/STM32CubeIDE/plugins/com.st.stm32cube.ide.mcu.externaltools.gnu-tools-for-stm32.13.3.rel1.win32_1.0.0.202411081344/tools/bin/../lib/gcc/arm-none-eabi/13.3.1/thumb/v7e-m+fp/hard/crti.o
                0x08004550                _init
 .init          0x08004554        0x8 C:/ST/STM32CubeIDE_1.18.0/STM32CubeIDE/plugins/com.st.stm32cube.ide.mcu.externaltools.gnu-tools-for-stm32.13.3.rel1.win32_1.0.0.202411081344/tools/bin/../lib/gcc/arm-none-eabi/13.3.1/thumb/v7e-m+fp/hard/crtn.o
 *(.fini)
 .fini          0x0800455c        0x4 C:/ST/STM32CubeIDE_1.18.0/STM32CubeIDE/plugins/com.st.stm32cube.ide.mcu.externaltools.gnu-tools-for-stm32.13.3.rel1.win32_1.0.0.202411081344/tools/bin/../lib/gcc/arm-none-eabi/13.3.1/thumb/v7e-m+fp/hard/crti.o
                0x0800455c                _fini
 .fini          0x08004560        0x8 C:/ST/STM32CubeIDE_1.18.0/STM32CubeIDE/plugins/com.st.stm32cube.ide.mcu.externaltools.gnu-tools-for-stm32.13.3.rel1.win32_1.0.0.202411081344/tools/bin/../lib/gcc/arm-none-eabi/13.3.1/thumb/v7e-m+fp/hard/crtn.o
                0x08004568                        . = ALIGN (0x4)
                0x08004568                        _etext = .

.vfp11_veneer   0x08004568        0x0
 .vfp11_veneer  0x08004568        0x0 linker stubs

.v4_bx          0x08004568        0x0
 .v4_bx         0x08004568        0x0 linker stubs

.iplt           0x08004568        0x0
 .iplt          0x08004568        0x0 C:/ST/STM32CubeIDE_1.18.0/STM32CubeIDE/plugins/com.st.stm32cube.ide.mcu.externaltools.gnu-tools-for-stm32.13.3.rel1.win32_1.0.0.202411081344/tools/bin/../lib/gcc/arm-none-eabi/13.3.1/thumb/v7e-m+fp/hard/crtbegin.o

.rodata         0x08004568       0x18
                0x08004568                        . = ALIGN (0x4)
 *(.rodata)
 *(.rodata*)
 .rodata.AHBPrescTable
                0x08004568       0x10 ./Core/Src/system_stm32f4xx.o
                0x08004568                AHBPrescTable
 .rodata.APBPrescTable
                0x08004578        0x8 ./Core/Src/system_stm32f4xx.o
                0x08004578                APBPrescTable
                0x08004580                        . = ALIGN (0x4)

.ARM.extab      0x08004580        0x0
                0x08004580                        . = ALIGN (0x4)
 *(.ARM.extab* .gnu.linkonce.armextab.*)
                0x08004580                        . = ALIGN (0x4)

.ARM            0x08004580        0x8
                0x08004580                        . = ALIGN (0x4)
                0x08004580                        __exidx_start = .
 *(.ARM.exidx*)
 .ARM.exidx     0x08004580        0x8 C:/ST/STM32CubeIDE_1.18.0/STM32CubeIDE/plugins/com.st.stm32cube.ide.mcu.externaltools.gnu-tools-for-stm32.13.3.rel1.win32_1.0.0.202411081344/tools/bin/../lib/gcc/arm-none-eabi/13.3.1/thumb/v7e-m+fp/hard\libgcc.a(_udivmoddi4.o)
                0x08004588                        __exidx_end = .
                0x08004588                        . = ALIGN (0x4)

.preinit_array  0x08004588        0x0
                0x08004588                        . = ALIGN (0x4)
                0x08004588                        PROVIDE (__preinit_array_start = .)
 *(.preinit_array*)
                0x08004588                        PROVIDE (__preinit_array_end = .)
                0x08004588                        . = ALIGN (0x4)

.init_array     0x08004588        0x4
                0x08004588                        . = ALIGN (0x4)
                0x08004588                        PROVIDE (__init_array_start = .)
 *(SORT_BY_NAME(.init_array.*))
 *(.init_array*)
 .init_array    0x08004588        0x4 C:/ST/STM32CubeIDE_1.18.0/STM32CubeIDE/plugins/com.st.stm32cube.ide.mcu.externaltools.gnu-tools-for-stm32.13.3.rel1.win32_1.0.0.202411081344/tools/bin/../lib/gcc/arm-none-eabi/13.3.1/thumb/v7e-m+fp/hard/crtbegin.o
                0x0800458c                        PROVIDE (__init_array_end = .)
                0x0800458c                        . = ALIGN (0x4)

.fini_array     0x0800458c        0x4
                0x0800458c                        . = ALIGN (0x4)
                [!provide]                        PROVIDE (__fini_array_start = .)
 *(SORT_BY_NAME(.fini_array.*))
 *(.fini_array*)
 .fini_array    0x0800458c        0x4 C:/ST/STM32CubeIDE_1.18.0/STM32CubeIDE/plugins/com.st.stm32cube.ide.mcu.externaltools.gnu-tools-for-stm32.13.3.rel1.win32_1.0.0.202411081344/tools/bin/../lib/gcc/arm-none-eabi/13.3.1/thumb/v7e-m+fp/hard/crtbegin.o
                [!provide]                        PROVIDE (__fini_array_end = .)
                0x08004590                        . = ALIGN (0x4)
                0x08004590                        _sidata = LOADADDR (.data)

.rel.dyn        0x08004590        0x0
 .rel.iplt      0x08004590        0x0 C:/ST/STM32CubeIDE_1.18.0/STM32CubeIDE/plugins/com.st.stm32cube.ide.mcu.externaltools.gnu-tools-for-stm32.13.3.rel1.win32_1.0.0.202411081344/tools/bin/../lib/gcc/arm-none-eabi/13.3.1/thumb/v7e-m+fp/hard/crtbegin.o

.data           0x20000000        0xc load address 0x08004590
                0x20000000                        . = ALIGN (0x4)
                0x20000000                        _sdata = .
 *(.data)
 *(.data*)
 .data.SystemCoreClock
                0x20000000        0x4 ./Core/Src/system_stm32f4xx.o
                0x20000000                SystemCoreClock
 .data.uwTickPrio
                0x20000004        0x4 ./Drivers/STM32F4xx_HAL_Driver/Src/stm32f4xx_hal.o
                0x20000004                uwTickPrio
 .data.uwTickFreq
                0x20000008        0x1 ./Drivers/STM32F4xx_HAL_Driver/Src/stm32f4xx_hal.o
                0x20000008                uwTickFreq
 *(.RamFunc)
 *(.RamFunc*)
                0x2000000c                        . = ALIGN (0x4)
 *fill*         0x20000009        0x3 
                0x2000000c                        _edata = .
                0x0800459c                        _siccmram = LOADADDR (.ccmram)

.igot.plt       0x2000000c        0x0 load address 0x0800459c
 .igot.plt      0x2000000c        0x0 C:/ST/STM32CubeIDE_1.18.0/STM32CubeIDE/plugins/com.st.stm32cube.ide.mcu.externaltools.gnu-tools-for-stm32.13.3.rel1.win32_1.0.0.202411081344/tools/bin/../lib/gcc/arm-none-eabi/13.3.1/thumb/v7e-m+fp/hard/crtbegin.o

.ccmram         0x10000000        0x0 load address 0x0800459c
                0x10000000                        . = ALIGN (0x4)
                0x10000000                        _sccmram = .
 *(.ccmram)
 *(.ccmram*)
                0x10000000                        . = ALIGN (0x4)
                0x10000000                        _eccmram = .
                0x10000000                        . = ALIGN (0x4)

.bss            0x2000000c      0x11c
                0x2000000c                        _sbss = .
                0x2000000c                        __bss_start__ = _sbss
 *(.bss)
 .bss           0x2000000c       0x1c C:/ST/STM32CubeIDE_1.18.0/STM32CubeIDE/plugins/com.st.stm32cube.ide.mcu.externaltools.gnu-tools-for-stm32.13.3.rel1.win32_1.0.0.202411081344/tools/bin/../lib/gcc/arm-none-eabi/13.3.1/thumb/v7e-m+fp/hard/crtbegin.o
 *(.bss*)
 .bss.receiver_uart
                0x20000028        0x4 ./Core/Src/command_receiver.o
 .bss.receive_byte
                0x2000002c        0x1 ./Core/Src/command_receiver.o
 *fill*         0x2000002d        0x3 
 .bss.receive_packet
                0x20000030        0x5 ./Core/Src/command_receiver.o
 .bss.receive_index
                0x20000035        0x1 ./Core/Src/command_receiver.o
 .bss.latest_buttons
                0x20000036        0x1 ./Core/Src/command_receiver.o
 .bss.latest_sequence
                0x20000037        0x1 ./Core/Src/command_receiver.o
 .bss.last_valid_tick
                0x20000038        0x4 ./Core/Src/command_receiver.o
 .bss.command_received
                0x2000003c        0x1 ./Core/Src/command_receiver.o
 *fill*         0x2000003d        0x1 
 .bss.last_left_speed
                0x2000003e        0x2 ./Core/Src/drive_controller.o
 .bss.last_right_speed
                0x20000040        0x2 ./Core/Src/drive_controller.o
 *fill*         0x20000042        0x2 
 .bss.servo_timer
                0x20000044        0x4 ./Core/Src/gripper_servo.o
 .bss.htim3     0x20000048       0x48 ./Core/Src/main.o
                0x20000048                htim3
 .bss.htim4     0x20000090       0x48 ./Core/Src/main.o
                0x20000090                htim4
 .bss.huart3    0x200000d8       0x48 ./Core/Src/main.o
                0x200000d8                huart3
 .bss.motor_timer
                0x20000120        0x4 ./Core/Src/motor_driver.o
 .bss.uwTick    0x20000124        0x4 ./Drivers/STM32F4xx_HAL_Driver/Src/stm32f4xx_hal.o
                0x20000124                uwTick
 *(COMMON)
                0x20000128                        . = ALIGN (0x4)
                0x20000128                        _ebss = .
                0x20000128                        __bss_end__ = _ebss

._user_heap_stack
                0x20000128      0x600
                0x20000128                        . = ALIGN (0x8)
                [!provide]                        PROVIDE (end = .)
                0x20000128                        PROVIDE (_end = .)
                0x20000328                        . = (. + _Min_Heap_Size)
 *fill*         0x20000128      0x200 
                0x20000728                        . = (. + _Min_Stack_Size)
 *fill*         0x20000328      0x400 
                0x20000728                        . = ALIGN (0x8)

/DISCARD/
 libc.a(*)
 libm.a(*)
 libgcc.a(*)

.ARM.attributes
                0x00000000       0x30
 *(.ARM.attributes)
 .ARM.attributes
                0x00000000       0x22 C:/ST/STM32CubeIDE_1.18.0/STM32CubeIDE/plugins/com.st.stm32cube.ide.mcu.externaltools.gnu-tools-for-stm32.13.3.rel1.win32_1.0.0.202411081344/tools/bin/../lib/gcc/arm-none-eabi/13.3.1/thumb/v7e-m+fp/hard/crti.o
 .ARM.attributes
                0x00000022       0x34 C:/ST/STM32CubeIDE_1.18.0/STM32CubeIDE/plugins/com.st.stm32cube.ide.mcu.externaltools.gnu-tools-for-stm32.13.3.rel1.win32_1.0.0.202411081344/tools/bin/../lib/gcc/arm-none-eabi/13.3.1/thumb/v7e-m+fp/hard/crtbegin.o
 .ARM.attributes
                0x00000056       0x34 ./Core/Src/command_receiver.o
 .ARM.attributes
                0x0000008a       0x34 ./Core/Src/drive_controller.o
 .ARM.attributes
                0x000000be       0x34 ./Core/Src/gripper_servo.o
 .ARM.attributes
                0x000000f2       0x34 ./Core/Src/main.o
 .ARM.attributes
                0x00000126       0x34 ./Core/Src/motor_driver.o
 .ARM.attributes
                0x0000015a       0x34 ./Core/Src/status_led.o
 .ARM.attributes
                0x0000018e       0x34 ./Core/Src/stm32f4xx_hal_msp.o
 .ARM.attributes
                0x000001c2       0x34 ./Core/Src/stm32f4xx_it.o
 .ARM.attributes
                0x000001f6       0x34 ./Core/Src/system_stm32f4xx.o
 .ARM.attributes
                0x0000022a       0x21 ./Core/Startup/startup_stm32f429zitx.o
 .ARM.attributes
                0x0000024b       0x34 ./Drivers/STM32F4xx_HAL_Driver/Src/stm32f4xx_hal.o
 .ARM.attributes
                0x0000027f       0x34 ./Drivers/STM32F4xx_HAL_Driver/Src/stm32f4xx_hal_cortex.o
 .ARM.attributes
                0x000002b3       0x34 ./Drivers/STM32F4xx_HAL_Driver/Src/stm32f4xx_hal_dma.o
 .ARM.attributes
                0x000002e7       0x34 ./Drivers/STM32F4xx_HAL_Driver/Src/stm32f4xx_hal_gpio.o
 .ARM.attributes
                0x0000031b       0x34 ./Drivers/STM32F4xx_HAL_Driver/Src/stm32f4xx_hal_rcc.o
 .ARM.attributes
                0x0000034f       0x34 ./Drivers/STM32F4xx_HAL_Driver/Src/stm32f4xx_hal_tim.o
 .ARM.attributes
                0x00000383       0x34 ./Drivers/STM32F4xx_HAL_Driver/Src/stm32f4xx_hal_tim_ex.o
 .ARM.attributes
                0x000003b7       0x34 ./Drivers/STM32F4xx_HAL_Driver/Src/stm32f4xx_hal_uart.o
 .ARM.attributes
                0x000003eb       0x34 C:/ST/STM32CubeIDE_1.18.0/STM32CubeIDE/plugins/com.st.stm32cube.ide.mcu.externaltools.gnu-tools-for-stm32.13.3.rel1.win32_1.0.0.202411081344/tools/bin/../lib/gcc/arm-none-eabi/13.3.1/../../../../arm-none-eabi/lib/thumb/v7e-m+fp/hard\libc_nano.a(libc_a-memset.o)
 .ARM.attributes
                0x0000041f       0x34 C:/ST/STM32CubeIDE_1.18.0/STM32CubeIDE/plugins/com.st.stm32cube.ide.mcu.externaltools.gnu-tools-for-stm32.13.3.rel1.win32_1.0.0.202411081344/tools/bin/../lib/gcc/arm-none-eabi/13.3.1/../../../../arm-none-eabi/lib/thumb/v7e-m+fp/hard\libc_nano.a(libc_a-init.o)
 .ARM.attributes
                0x00000453       0x22 C:/ST/STM32CubeIDE_1.18.0/STM32CubeIDE/plugins/com.st.stm32cube.ide.mcu.externaltools.gnu-tools-for-stm32.13.3.rel1.win32_1.0.0.202411081344/tools/bin/../lib/gcc/arm-none-eabi/13.3.1/thumb/v7e-m+fp/hard\libgcc.a(_aeabi_uldivmod.o)
 .ARM.attributes
                0x00000475       0x34 C:/ST/STM32CubeIDE_1.18.0/STM32CubeIDE/plugins/com.st.stm32cube.ide.mcu.externaltools.gnu-tools-for-stm32.13.3.rel1.win32_1.0.0.202411081344/tools/bin/../lib/gcc/arm-none-eabi/13.3.1/thumb/v7e-m+fp/hard\libgcc.a(_udivmoddi4.o)
 .ARM.attributes
                0x000004a9       0x22 C:/ST/STM32CubeIDE_1.18.0/STM32CubeIDE/plugins/com.st.stm32cube.ide.mcu.externaltools.gnu-tools-for-stm32.13.3.rel1.win32_1.0.0.202411081344/tools/bin/../lib/gcc/arm-none-eabi/13.3.1/thumb/v7e-m+fp/hard\libgcc.a(_dvmd_tls.o)
 .ARM.attributes
                0x000004cb       0x22 C:/ST/STM32CubeIDE_1.18.0/STM32CubeIDE/plugins/com.st.stm32cube.ide.mcu.externaltools.gnu-tools-for-stm32.13.3.rel1.win32_1.0.0.202411081344/tools/bin/../lib/gcc/arm-none-eabi/13.3.1/thumb/v7e-m+fp/hard/crtn.o
OUTPUT(dc_motor.elf elf32-littlearm)
LOAD linker stubs
LOAD C:/ST/STM32CubeIDE_1.18.0/STM32CubeIDE/plugins/com.st.stm32cube.ide.mcu.externaltools.gnu-tools-for-stm32.13.3.rel1.win32_1.0.0.202411081344/tools/bin/../lib/gcc/arm-none-eabi/13.3.1/../../../../arm-none-eabi/lib/thumb/v7e-m+fp/hard\libc.a
LOAD C:/ST/STM32CubeIDE_1.18.0/STM32CubeIDE/plugins/com.st.stm32cube.ide.mcu.externaltools.gnu-tools-for-stm32.13.3.rel1.win32_1.0.0.202411081344/tools/bin/../lib/gcc/arm-none-eabi/13.3.1/../../../../arm-none-eabi/lib/thumb/v7e-m+fp/hard\libm.a
LOAD C:/ST/STM32CubeIDE_1.18.0/STM32CubeIDE/plugins/com.st.stm32cube.ide.mcu.externaltools.gnu-tools-for-stm32.13.3.rel1.win32_1.0.0.202411081344/tools/bin/../lib/gcc/arm-none-eabi/13.3.1/thumb/v7e-m+fp/hard\libgcc.a

.debug_info     0x00000000     0xebb3
 .debug_info    0x00000000      0x82b ./Core/Src/command_receiver.o
 .debug_info    0x0000082b      0x197 ./Core/Src/drive_controller.o
 .debug_info    0x000009c2      0x793 ./Core/Src/gripper_servo.o
 .debug_info    0x00001155     0x12e0 ./Core/Src/main.o
 .debug_info    0x00002435      0x8ca ./Core/Src/motor_driver.o
 .debug_info    0x00002cff      0x1f3 ./Core/Src/status_led.o
 .debug_info    0x00002ef2      0xff8 ./Core/Src/stm32f4xx_hal_msp.o
 .debug_info    0x00003eea      0x98b ./Core/Src/stm32f4xx_it.o
 .debug_info    0x00004875      0x52e ./Core/Src/system_stm32f4xx.o
 .debug_info    0x00004da3       0x30 ./Core/Startup/startup_stm32f429zitx.o
 .debug_info    0x00004dd3      0x9ba ./Drivers/STM32F4xx_HAL_Driver/Src/stm32f4xx_hal.o
 .debug_info    0x0000578d      0xdc2 ./Drivers/STM32F4xx_HAL_Driver/Src/stm32f4xx_hal_cortex.o
 .debug_info    0x0000654f      0x8e7 ./Drivers/STM32F4xx_HAL_Driver/Src/stm32f4xx_hal_dma.o
 .debug_info    0x00006e36      0x6db ./Drivers/STM32F4xx_HAL_Driver/Src/stm32f4xx_hal_gpio.o
 .debug_info    0x00007511      0x8db ./Drivers/STM32F4xx_HAL_Driver/Src/stm32f4xx_hal_rcc.o
 .debug_info    0x00007dec     0x299d ./Drivers/STM32F4xx_HAL_Driver/Src/stm32f4xx_hal_tim.o
 .debug_info    0x0000a789     0x14db ./Drivers/STM32F4xx_HAL_Driver/Src/stm32f4xx_hal_tim_ex.o
 .debug_info    0x0000bc64     0x2f4f ./Drivers/STM32F4xx_HAL_Driver/Src/stm32f4xx_hal_uart.o

.debug_abbrev   0x00000000     0x23e1
 .debug_abbrev  0x00000000      0x220 ./Core/Src/command_receiver.o
 .debug_abbrev  0x00000220       0xdb ./Core/Src/drive_controller.o
 .debug_abbrev  0x000002fb      0x1fb ./Core/Src/gripper_servo.o
 .debug_abbrev  0x000004f6      0x2f5 ./Core/Src/main.o
 .debug_abbrev  0x000007eb      0x1f6 ./Core/Src/motor_driver.o
 .debug_abbrev  0x000009e1      0x11f ./Core/Src/status_led.o
 .debug_abbrev  0x00000b00      0x1de ./Core/Src/stm32f4xx_hal_msp.o
 .debug_abbrev  0x00000cde      0x19c ./Core/Src/stm32f4xx_it.o
 .debug_abbrev  0x00000e7a      0x11a ./Core/Src/system_stm32f4xx.o
 .debug_abbrev  0x00000f94       0x24 ./Core/Startup/startup_stm32f429zitx.o
 .debug_abbrev  0x00000fb8      0x214 ./Drivers/STM32F4xx_HAL_Driver/Src/stm32f4xx_hal.o
 .debug_abbrev  0x000011cc      0x31d ./Drivers/STM32F4xx_HAL_Driver/Src/stm32f4xx_hal_cortex.o
 .debug_abbrev  0x000014e9      0x264 ./Drivers/STM32F4xx_HAL_Driver/Src/stm32f4xx_hal_dma.o
 .debug_abbrev  0x0000174d      0x1d4 ./Drivers/STM32F4xx_HAL_Driver/Src/stm32f4xx_hal_gpio.o
 .debug_abbrev  0x00001921      0x2b7 ./Drivers/STM32F4xx_HAL_Driver/Src/stm32f4xx_hal_rcc.o
 .debug_abbrev  0x00001bd8      0x278 ./Drivers/STM32F4xx_HAL_Driver/Src/stm32f4xx_hal_tim.o
 .debug_abbrev  0x00001e50      0x283 ./Drivers/STM32F4xx_HAL_Driver/Src/stm32f4xx_hal_tim_ex.o
 .debug_abbrev  0x000020d3      0x30e ./Drivers/STM32F4xx_HAL_Driver/Src/stm32f4xx_hal_uart.o

.debug_aranges  0x00000000      0xda0
 .debug_aranges
                0x00000000       0x68 ./Core/Src/command_receiver.o
 .debug_aranges
                0x00000068       0x30 ./Core/Src/drive_controller.o
 .debug_aranges
                0x00000098       0x50 ./Core/Src/gripper_servo.o
 .debug_aranges
                0x000000e8       0x60 ./Core/Src/main.o
 .debug_aranges
                0x00000148       0x48 ./Core/Src/motor_driver.o
 .debug_aranges
                0x00000190       0x28 ./Core/Src/status_led.o
 .debug_aranges
                0x000001b8       0x48 ./Core/Src/stm32f4xx_hal_msp.o
 .debug_aranges
                0x00000200       0x70 ./Core/Src/stm32f4xx_it.o
 .debug_aranges
                0x00000270       0x28 ./Core/Src/system_stm32f4xx.o
 .debug_aranges
                0x00000298       0x28 ./Core/Startup/startup_stm32f429zitx.o
 .debug_aranges
                0x000002c0      0x100 ./Drivers/STM32F4xx_HAL_Driver/Src/stm32f4xx_hal.o
 .debug_aranges
                0x000003c0      0x130 ./Drivers/STM32F4xx_HAL_Driver/Src/stm32f4xx_hal_cortex.o
 .debug_aranges
                0x000004f0       0x90 ./Drivers/STM32F4xx_HAL_Driver/Src/stm32f4xx_hal_dma.o
 .debug_aranges
                0x00000580       0x58 ./Drivers/STM32F4xx_HAL_Driver/Src/stm32f4xx_hal_gpio.o
 .debug_aranges
                0x000005d8       0x88 ./Drivers/STM32F4xx_HAL_Driver/Src/stm32f4xx_hal_rcc.o
 .debug_aranges
                0x00000660      0x3d0 ./Drivers/STM32F4xx_HAL_Driver/Src/stm32f4xx_hal_tim.o
 .debug_aranges
                0x00000a30      0x168 ./Drivers/STM32F4xx_HAL_Driver/Src/stm32f4xx_hal_tim_ex.o
 .debug_aranges
                0x00000b98      0x208 ./Drivers/STM32F4xx_HAL_Driver/Src/stm32f4xx_hal_uart.o

.debug_rnglists
                0x00000000      0xa96
 .debug_rnglists
                0x00000000       0x4a ./Core/Src/command_receiver.o
 .debug_rnglists
                0x0000004a       0x20 ./Core/Src/drive_controller.o
 .debug_rnglists
                0x0000006a       0x37 ./Core/Src/gripper_servo.o
 .debug_rnglists
                0x000000a1       0x48 ./Core/Src/main.o
 .debug_rnglists
                0x000000e9       0x33 ./Core/Src/motor_driver.o
 .debug_rnglists
                0x0000011c       0x1a ./Core/Src/status_led.o
 .debug_rnglists
                0x00000136       0x33 ./Core/Src/stm32f4xx_hal_msp.o
 .debug_rnglists
                0x00000169       0x4f ./Core/Src/stm32f4xx_it.o
 .debug_rnglists
                0x000001b8       0x1a ./Core/Src/system_stm32f4xx.o
 .debug_rnglists
                0x000001d2       0x19 ./Core/Startup/startup_stm32f429zitx.o
 .debug_rnglists
                0x000001eb       0xbb ./Drivers/STM32F4xx_HAL_Driver/Src/stm32f4xx_hal.o
 .debug_rnglists
                0x000002a6       0xe0 ./Drivers/STM32F4xx_HAL_Driver/Src/stm32f4xx_hal_cortex.o
 .debug_rnglists
                0x00000386       0x70 ./Drivers/STM32F4xx_HAL_Driver/Src/stm32f4xx_hal_dma.o
 .debug_rnglists
                0x000003f6       0x3f ./Drivers/STM32F4xx_HAL_Driver/Src/stm32f4xx_hal_gpio.o
 .debug_rnglists
                0x00000435       0x66 ./Drivers/STM32F4xx_HAL_Driver/Src/stm32f4xx_hal_rcc.o
 .debug_rnglists
                0x0000049b      0x31a ./Drivers/STM32F4xx_HAL_Driver/Src/stm32f4xx_hal_tim.o
 .debug_rnglists
                0x000007b5      0x125 ./Drivers/STM32F4xx_HAL_Driver/Src/stm32f4xx_hal_tim_ex.o
 .debug_rnglists
                0x000008da      0x1bc ./Drivers/STM32F4xx_HAL_Driver/Src/stm32f4xx_hal_uart.o

.debug_macro    0x00000000    0x23513
 .debug_macro   0x00000000      0x1f3 ./Core/Src/command_receiver.o
 .debug_macro   0x000001f3      0xad8 ./Core/Src/command_receiver.o
 .debug_macro   0x00000ccb      0x29b ./Core/Src/command_receiver.o
 .debug_macro   0x00000f66       0x2e ./Core/Src/command_receiver.o
 .debug_macro   0x00000f94       0x28 ./Core/Src/command_receiver.o
 .debug_macro   0x00000fbc       0x22 ./Core/Src/command_receiver.o
 .debug_macro   0x00000fde       0x8e ./Core/Src/command_receiver.o
 .debug_macro   0x0000106c       0x51 ./Core/Src/command_receiver.o
 .debug_macro   0x000010bd      0x103 ./Core/Src/command_receiver.o
 .debug_macro   0x000011c0       0x6a ./Core/Src/command_receiver.o
 .debug_macro   0x0000122a      0x1df ./Core/Src/command_receiver.o
 .debug_macro   0x00001409       0x1c ./Core/Src/command_receiver.o
 .debug_macro   0x00001425       0x22 ./Core/Src/command_receiver.o
 .debug_macro   0x00001447       0xfb ./Core/Src/command_receiver.o
 .debug_macro   0x00001542     0x1011 ./Core/Src/command_receiver.o
 .debug_macro   0x00002553      0x11f ./Core/Src/command_receiver.o
 .debug_macro   0x00002672    0x17ff1 ./Core/Src/command_receiver.o
 .debug_macro   0x0001a663       0x6d ./Core/Src/command_receiver.o
 .debug_macro   0x0001a6d0     0x370a ./Core/Src/command_receiver.o
 .debug_macro   0x0001ddda      0x190 ./Core/Src/command_receiver.o
 .debug_macro   0x0001df6a       0x5c ./Core/Src/command_receiver.o
 .debug_macro   0x0001dfc6      0xcba ./Core/Src/command_receiver.o
 .debug_macro   0x0001ec80      0x9e9 ./Core/Src/command_receiver.o
 .debug_macro   0x0001f669      0x115 ./Core/Src/command_receiver.o
 .debug_macro   0x0001f77e      0x156 ./Core/Src/command_receiver.o
 .debug_macro   0x0001f8d4       0xa5 ./Core/Src/command_receiver.o
 .debug_macro   0x0001f979      0x182 ./Core/Src/command_receiver.o
 .debug_macro   0x0001fafb      0x287 ./Core/Src/command_receiver.o
 .debug_macro   0x0001fd82       0x5f ./Core/Src/command_receiver.o
 .debug_macro   0x0001fde1      0x236 ./Core/Src/command_receiver.o
 .debug_macro   0x00020017      0x132 ./Core/Src/command_receiver.o
 .debug_macro   0x00020149      0x41d ./Core/Src/command_receiver.o
 .debug_macro   0x00020566       0x2e ./Core/Src/command_receiver.o
 .debug_macro   0x00020594      0x127 ./Core/Src/command_receiver.o
 .debug_macro   0x000206bb       0xe2 ./Core/Src/command_receiver.o
 .debug_macro   0x0002079d       0x89 ./Core/Src/command_receiver.o
 .debug_macro   0x00020826      0x8ed ./Core/Src/command_receiver.o
 .debug_macro   0x00021113       0x4d ./Core/Src/command_receiver.o
 .debug_macro   0x00021160      0x2aa ./Core/Src/command_receiver.o
 .debug_macro   0x0002140a      0x134 ./Core/Src/command_receiver.o
 .debug_macro   0x0002153e       0x22 ./Core/Src/command_receiver.o
 .debug_macro   0x00021560      0x215 ./Core/Src/drive_controller.o
 .debug_macro   0x00021775      0x1dd ./Core/Src/gripper_servo.o
 .debug_macro   0x00021952       0x16 ./Core/Src/gripper_servo.o
 .debug_macro   0x00021968      0x216 ./Core/Src/main.o
 .debug_macro   0x00021b7e       0x70 ./Core/Src/main.o
 .debug_macro   0x00021bee       0x10 ./Core/Src/main.o
 .debug_macro   0x00021bfe       0x1c ./Core/Src/main.o
 .debug_macro   0x00021c1a      0x1f3 ./Core/Src/motor_driver.o
 .debug_macro   0x00021e0d       0x76 ./Core/Src/motor_driver.o
 .debug_macro   0x00021e83      0x1fc ./Core/Src/status_led.o
 .debug_macro   0x0002207f      0x1dd ./Core/Src/stm32f4xx_hal_msp.o
 .debug_macro   0x0002225c      0x1e7 ./Core/Src/stm32f4xx_it.o
 .debug_macro   0x00022443      0x1ce ./Core/Src/system_stm32f4xx.o
 .debug_macro   0x00022611      0x22e ./Drivers/STM32F4xx_HAL_Driver/Src/stm32f4xx_hal.o
 .debug_macro   0x0002283f      0x1ce ./Drivers/STM32F4xx_HAL_Driver/Src/stm32f4xx_hal_cortex.o
 .debug_macro   0x00022a0d      0x1d4 ./Drivers/STM32F4xx_HAL_Driver/Src/stm32f4xx_hal_dma.o
 .debug_macro   0x00022be1      0x1d4 ./Drivers/STM32F4xx_HAL_Driver/Src/stm32f4xx_hal_gpio.o
 .debug_macro   0x00022db5      0x1f2 ./Drivers/STM32F4xx_HAL_Driver/Src/stm32f4xx_hal_rcc.o
 .debug_macro   0x00022fa7      0x1cf ./Drivers/STM32F4xx_HAL_Driver/Src/stm32f4xx_hal_tim.o
 .debug_macro   0x00023176      0x1ce ./Drivers/STM32F4xx_HAL_Driver/Src/stm32f4xx_hal_tim_ex.o
 .debug_macro   0x00023344      0x1cf ./Drivers/STM32F4xx_HAL_Driver/Src/stm32f4xx_hal_uart.o

.debug_line     0x00000000    0x10422
 .debug_line    0x00000000      0x919 ./Core/Src/command_receiver.o
 .debug_line    0x00000919      0x7fa ./Core/Src/drive_controller.o
 .debug_line    0x00001113      0x84b ./Core/Src/gripper_servo.o
 .debug_line    0x0000195e      0xa32 ./Core/Src/main.o
 .debug_line    0x00002390      0x88a ./Core/Src/motor_driver.o
 .debug_line    0x00002c1a      0x78e ./Core/Src/status_led.o
 .debug_line    0x000033a8      0x841 ./Core/Src/stm32f4xx_hal_msp.o
 .debug_line    0x00003be9      0x825 ./Core/Src/stm32f4xx_it.o
 .debug_line    0x0000440e      0x7bc ./Core/Src/system_stm32f4xx.o
 .debug_line    0x00004bca       0x7a ./Core/Startup/startup_stm32f429zitx.o
 .debug_line    0x00004c44      0xa6e ./Drivers/STM32F4xx_HAL_Driver/Src/stm32f4xx_hal.o
 .debug_line    0x000056b2      0xd08 ./Drivers/STM32F4xx_HAL_Driver/Src/stm32f4xx_hal_cortex.o
 .debug_line    0x000063ba      0xfa4 ./Drivers/STM32F4xx_HAL_Driver/Src/stm32f4xx_hal_dma.o
 .debug_line    0x0000735e      0xbb8 ./Drivers/STM32F4xx_HAL_Driver/Src/stm32f4xx_hal_gpio.o
 .debug_line    0x00007f16      0xe47 ./Drivers/STM32F4xx_HAL_Driver/Src/stm32f4xx_hal_rcc.o
 .debug_line    0x00008d5d     0x37ad ./Drivers/STM32F4xx_HAL_Driver/Src/stm32f4xx_hal_tim.o
 .debug_line    0x0000c50a     0x1998 ./Drivers/STM32F4xx_HAL_Driver/Src/stm32f4xx_hal_tim_ex.o
 .debug_line    0x0000dea2     0x2580 ./Drivers/STM32F4xx_HAL_Driver/Src/stm32f4xx_hal_uart.o

.debug_str      0x00000000    0xd7072
 .debug_str     0x00000000    0xd7072 ./Core/Src/command_receiver.o
                              0xd3503 (size before relaxing)
 .debug_str     0x000d7072    0xd2faf ./Core/Src/drive_controller.o
 .debug_str     0x000d7072    0xd3475 ./Core/Src/gripper_servo.o
 .debug_str     0x000d7072    0xd3ed2 ./Core/Src/main.o
 .debug_str     0x000d7072    0xd3720 ./Core/Src/motor_driver.o
 .debug_str     0x000d7072    0xd311c ./Core/Src/status_led.o
 .debug_str     0x000d7072    0xd3ecb ./Core/Src/stm32f4xx_hal_msp.o
 .debug_str     0x000d7072    0xd3811 ./Core/Src/stm32f4xx_it.o
 .debug_str     0x000d7072    0xd2f98 ./Core/Src/system_stm32f4xx.o
 .debug_str     0x000d7072       0x6e ./Core/Startup/startup_stm32f429zitx.o
 .debug_str     0x000d7072    0xd3bbb ./Drivers/STM32F4xx_HAL_Driver/Src/stm32f4xx_hal.o
 .debug_str     0x000d7072    0xd38e9 ./Drivers/STM32F4xx_HAL_Driver/Src/stm32f4xx_hal_cortex.o
 .debug_str     0x000d7072    0xd339f ./Drivers/STM32F4xx_HAL_Driver/Src/stm32f4xx_hal_dma.o
 .debug_str     0x000d7072    0xd3113 ./Drivers/STM32F4xx_HAL_Driver/Src/stm32f4xx_hal_gpio.o
 .debug_str     0x000d7072    0xd33cc ./Drivers/STM32F4xx_HAL_Driver/Src/stm32f4xx_hal_rcc.o
 .debug_str     0x000d7072    0xd430f ./Drivers/STM32F4xx_HAL_Driver/Src/stm32f4xx_hal_tim.o
 .debug_str     0x000d7072    0xd3b1b ./Drivers/STM32F4xx_HAL_Driver/Src/stm32f4xx_hal_tim_ex.o
 .debug_str     0x000d7072    0xd399a ./Drivers/STM32F4xx_HAL_Driver/Src/stm32f4xx_hal_uart.o

.comment        0x00000000       0x43
 .comment       0x00000000       0x43 ./Core/Src/command_receiver.o
                                 0x44 (size before relaxing)
 .comment       0x00000043       0x44 ./Core/Src/drive_controller.o
 .comment       0x00000043       0x44 ./Core/Src/gripper_servo.o
 .comment       0x00000043       0x44 ./Core/Src/main.o
 .comment       0x00000043       0x44 ./Core/Src/motor_driver.o
 .comment       0x00000043       0x44 ./Core/Src/status_led.o
 .comment       0x00000043       0x44 ./Core/Src/stm32f4xx_hal_msp.o
 .comment       0x00000043       0x44 ./Core/Src/stm32f4xx_it.o
 .comment       0x00000043       0x44 ./Core/Src/system_stm32f4xx.o
 .comment       0x00000043       0x44 ./Drivers/STM32F4xx_HAL_Driver/Src/stm32f4xx_hal.o
 .comment       0x00000043       0x44 ./Drivers/STM32F4xx_HAL_Driver/Src/stm32f4xx_hal_cortex.o
 .comment       0x00000043       0x44 ./Drivers/STM32F4xx_HAL_Driver/Src/stm32f4xx_hal_dma.o
 .comment       0x00000043       0x44 ./Drivers/STM32F4xx_HAL_Driver/Src/stm32f4xx_hal_gpio.o
 .comment       0x00000043       0x44 ./Drivers/STM32F4xx_HAL_Driver/Src/stm32f4xx_hal_rcc.o
 .comment       0x00000043       0x44 ./Drivers/STM32F4xx_HAL_Driver/Src/stm32f4xx_hal_tim.o
 .comment       0x00000043       0x44 ./Drivers/STM32F4xx_HAL_Driver/Src/stm32f4xx_hal_tim_ex.o
 .comment       0x00000043       0x44 ./Drivers/STM32F4xx_HAL_Driver/Src/stm32f4xx_hal_uart.o

.debug_frame    0x00000000     0x381c
 .debug_frame   0x00000000      0x16c ./Core/Src/command_receiver.o
 .debug_frame   0x0000016c       0x74 ./Core/Src/drive_controller.o
 .debug_frame   0x000001e0      0x104 ./Core/Src/gripper_servo.o
 .debug_frame   0x000002e4      0x13c ./Core/Src/main.o
 .debug_frame   0x00000420       0xe8 ./Core/Src/motor_driver.o
 .debug_frame   0x00000508       0x50 ./Core/Src/status_led.o
 .debug_frame   0x00000558       0xec ./Core/Src/stm32f4xx_hal_msp.o
 .debug_frame   0x00000644      0x13c ./Core/Src/stm32f4xx_it.o
 .debug_frame   0x00000780       0x58 ./Core/Src/system_stm32f4xx.o
 .debug_frame   0x000007d8      0x3b4 ./Drivers/STM32F4xx_HAL_Driver/Src/stm32f4xx_hal.o
 .debug_frame   0x00000b8c      0x508 ./Drivers/STM32F4xx_HAL_Driver/Src/stm32f4xx_hal_cortex.o
 .debug_frame   0x00001094      0x250 ./Drivers/STM32F4xx_HAL_Driver/Src/stm32f4xx_hal_dma.o
 .debug_frame   0x000012e4      0x14c ./Drivers/STM32F4xx_HAL_Driver/Src/stm32f4xx_hal_gpio.o
 .debug_frame   0x00001430      0x1f4 ./Drivers/STM32F4xx_HAL_Driver/Src/stm32f4xx_hal_rcc.o
 .debug_frame   0x00001624     0x11c0 ./Drivers/STM32F4xx_HAL_Driver/Src/stm32f4xx_hal_tim.o
 .debug_frame   0x000027e4      0x638 ./Drivers/STM32F4xx_HAL_Driver/Src/stm32f4xx_hal_tim_ex.o
 .debug_frame   0x00002e1c      0x954 ./Drivers/STM32F4xx_HAL_Driver/Src/stm32f4xx_hal_uart.o
 .debug_frame   0x00003770       0x20 C:/ST/STM32CubeIDE_1.18.0/STM32CubeIDE/plugins/com.st.stm32cube.ide.mcu.externaltools.gnu-tools-for-stm32.13.3.rel1.win32_1.0.0.202411081344/tools/bin/../lib/gcc/arm-none-eabi/13.3.1/../../../../arm-none-eabi/lib/thumb/v7e-m+fp/hard\libc_nano.a(libc_a-memset.o)
 .debug_frame   0x00003790       0x2c C:/ST/STM32CubeIDE_1.18.0/STM32CubeIDE/plugins/com.st.stm32cube.ide.mcu.externaltools.gnu-tools-for-stm32.13.3.rel1.win32_1.0.0.202411081344/tools/bin/../lib/gcc/arm-none-eabi/13.3.1/../../../../arm-none-eabi/lib/thumb/v7e-m+fp/hard\libc_nano.a(libc_a-init.o)
 .debug_frame   0x000037bc       0x2c C:/ST/STM32CubeIDE_1.18.0/STM32CubeIDE/plugins/com.st.stm32cube.ide.mcu.externaltools.gnu-tools-for-stm32.13.3.rel1.win32_1.0.0.202411081344/tools/bin/../lib/gcc/arm-none-eabi/13.3.1/thumb/v7e-m+fp/hard\libgcc.a(_aeabi_uldivmod.o)
 .debug_frame   0x000037e8       0x34 C:/ST/STM32CubeIDE_1.18.0/STM32CubeIDE/plugins/com.st.stm32cube.ide.mcu.externaltools.gnu-tools-for-stm32.13.3.rel1.win32_1.0.0.202411081344/tools/bin/../lib/gcc/arm-none-eabi/13.3.1/thumb/v7e-m+fp/hard\libgcc.a(_udivmoddi4.o)

.debug_line_str
                0x00000000       0x52
 .debug_line_str
                0x00000000       0x52 ./Core/Startup/startup_stm32f429zitx.o
