2026-08-21 01:36:20,026 [INFO] Activator:176 - 


2026-08-21 01:36:20,038 [INFO] Activator:177 - !SESSION log4j initialized
2026-08-21 01:36:30,030 [INFO] LogOutputStream:77 - [STDOUT_REDIRECT] 
2026-08-21 01:36:34,333 [INFO] ApplicationProperties:184 - Using Application install path: C:\ST\STM32CubeIDE_1.18.0\STM32CubeIDE\plugins\com.st.stm32cube.common.mx_6.14.0.202502271554
2026-08-21 01:36:34,367 [INFO] DbMcusXml:78 - Set database path to: C:\ST\STM32CubeIDE_1.18.0\STM32CubeIDE\plugins\com.st.stm32cube.common.mx_6.14.0.202502271554\\db\/mcu/
2026-08-21 01:36:34,368 [INFO] ApiDb:274 - Set plugin database path to: C:\ST\STM32CubeIDE_1.18.0\STM32CubeIDE\plugins\com.st.stm32cube.common.mx_6.14.0.202502271554\\db\/plugins/boardmanager/
2026-08-21 01:36:34,369 [WARN] ApiDb:259 - Overriding images path with different value:  => C:\ST\STM32CubeIDE_1.18.0\STM32CubeIDE\plugins\com.st.stm32cube.common.mx_6.14.0.202502271554\\db\/plugins/mcufinder/images/
2026-08-21 01:36:34,381 [INFO] ApiDb:250 - Set database path to: C:\Users\lthst\.stmcufinder\plugins\mcufinder//mcu/
2026-08-21 01:36:34,383 [INFO] DbMcusAds:125 - Set database path to: C:\Users\lthst\.stmcufinder\plugins\mcufinder//mcu/
2026-08-21 01:36:34,388 [INFO] CrossReferenceDbSqlite:203 - Set database path to: C:\Users\lthst\.stmcufinder\plugins\mcufinder//mcu/cs/
2026-08-21 01:36:34,635 [INFO] RulesReader:64 - Compatibility file has been processed (301 Rules)
2026-08-21 01:36:34,802 [INFO] DbMcusXml:78 - Set database path to: C:\ST\STM32CubeIDE_1.18.0\STM32CubeIDE\plugins\com.st.stm32cube.common.mx_6.14.0.202502271554\\db\/mcu/
2026-08-21 01:36:34,802 [INFO] ApiDb:274 - Set plugin database path to: C:\ST\STM32CubeIDE_1.18.0\STM32CubeIDE\plugins\com.st.stm32cube.common.mx_6.14.0.202502271554\\db\/plugins/boardmanager/
2026-08-21 01:36:34,802 [INFO] ApiDb:261 - Set plugin images path to: C:\ST\STM32CubeIDE_1.18.0\STM32CubeIDE\plugins\com.st.stm32cube.common.mx_6.14.0.202502271554\\db\/plugins/mcufinder/images/
2026-08-21 01:36:34,803 [WARN] DbFile:41 - Overriding database path with different value: C:\Users\lthst\.stmcufinder\plugins\mcufinder/ => C:\Users\lthst\.stmcufinder\plugins\mcufinder
2026-08-21 01:36:34,803 [INFO] ApiDb:250 - Set database path to: C:\Users\lthst\.stmcufinder\plugins\mcufinder//mcu/
2026-08-21 01:36:34,803 [WARN] DbFile:41 - Overriding database path with different value: C:\Users\lthst\.stmcufinder\plugins\mcufinder/ => C:\Users\lthst\.stmcufinder\plugins\mcufinder
2026-08-21 01:36:34,804 [INFO] DbMcusAds:125 - Set database path to: C:\Users\lthst\.stmcufinder\plugins\mcufinder//mcu/
2026-08-21 01:36:34,804 [WARN] DbFile:41 - Overriding database path with different value: C:\Users\lthst\.stmcufinder\plugins\mcufinder/ => C:\Users\lthst\.stmcufinder\plugins\mcufinder
2026-08-21 01:36:34,804 [WARN] DbFile:41 - Overriding database path with different value: C:\Users\lthst\.stmcufinder\plugins\mcufinder/ => C:\Users\lthst\.stmcufinder\plugins\mcufinder
2026-08-21 01:36:34,804 [INFO] CrossReferenceDbSqlite:203 - Set database path to: C:\Users\lthst\.stmcufinder\plugins\mcufinder//mcu/cs/
2026-08-21 01:36:34,943 [INFO] MainPanel:272 - HeapMemory: 268435456
2026-08-21 01:36:35,085 [INFO] DbMcusXml:78 - Set database path to: C:\ST\STM32CubeIDE_1.18.0\STM32CubeIDE\plugins\com.st.stm32cube.common.mx_6.14.0.202502271554\\db\/mcu/
2026-08-21 01:36:35,085 [INFO] ApiDb:274 - Set plugin database path to: C:\ST\STM32CubeIDE_1.18.0\STM32CubeIDE\plugins\com.st.stm32cube.common.mx_6.14.0.202502271554\\db\/plugins/boardmanager/
2026-08-21 01:36:35,086 [INFO] ApiDb:261 - Set plugin images path to: C:\ST\STM32CubeIDE_1.18.0\STM32CubeIDE\plugins\com.st.stm32cube.common.mx_6.14.0.202502271554\\db\/plugins/mcufinder/images/
2026-08-21 01:36:35,086 [WARN] DbFile:41 - Overriding database path with different value: C:\Users\lthst\.stmcufinder\plugins\mcufinder/ => C:\Users\lthst\.stmcufinder\plugins\mcufinder
2026-08-21 01:36:35,086 [INFO] ApiDb:250 - Set database path to: C:\Users\lthst\.stmcufinder\plugins\mcufinder//mcu/
2026-08-21 01:36:35,086 [WARN] DbFile:41 - Overriding database path with different value: C:\Users\lthst\.stmcufinder\plugins\mcufinder/ => C:\Users\lthst\.stmcufinder\plugins\mcufinder
2026-08-21 01:36:35,086 [INFO] DbMcusAds:125 - Set database path to: C:\Users\lthst\.stmcufinder\plugins\mcufinder//mcu/
2026-08-21 01:36:35,087 [WARN] DbFile:41 - Overriding database path with different value: C:\Users\lthst\.stmcufinder\plugins\mcufinder/ => C:\Users\lthst\.stmcufinder\plugins\mcufinder
2026-08-21 01:36:35,087 [WARN] DbFile:41 - Overriding database path with different value: C:\Users\lthst\.stmcufinder\plugins\mcufinder/ => C:\Users\lthst\.stmcufinder\plugins\mcufinder
2026-08-21 01:36:35,087 [INFO] CrossReferenceDbSqlite:203 - Set database path to: C:\Users\lthst\.stmcufinder\plugins\mcufinder//mcu/cs/
2026-08-21 01:36:35,120 [INFO] ApplicationProperties:184 - Using Application install path: C:\ST\STM32CubeIDE_1.18.0\STM32CubeIDE\plugins\com.st.stm32cube.common.mx_6.14.0.202502271554
2026-08-21 01:36:35,124 [INFO] PluginManage:196 - Search for loadable plugins [exclusion list=, ]
2026-08-21 01:36:35,126 [INFO] PluginManage:310 - Check plugin analytics
2026-08-21 01:36:35,442 [INFO] AnalyticsPlugin:253 - Accepted Software Licenses: 
2026-08-21 01:36:35,443 [INFO] AnalyticsPlugin:255 - Accepted CMSIS Pack Licenses: 
2026-08-21 01:36:35,444 [INFO] AnalyticsPlugin:257 - Accepted Firmware Licenses: FW.F4.1.28.0
2026-08-21 01:36:35,449 [INFO] PluginManage:359 - Loaded plugin analytics (category:tool,tabindex:-1)
2026-08-21 01:36:35,450 [INFO] PluginManage:310 - Check plugin cadmodel
2026-08-21 01:36:35,457 [INFO] CADModel:105 - Init CAD model plugin
2026-08-21 01:36:35,457 [INFO] PluginManage:359 - Loaded plugin cadmodel (category:power,tabindex:5)
2026-08-21 01:36:35,461 [INFO] PluginManage:310 - Check plugin clock
2026-08-21 01:36:35,477 [INFO] PluginManage:359 - Loaded plugin clock (category:base,tabindex:2)
2026-08-21 01:36:35,478 [INFO] PluginManage:310 - Check plugin ddr
2026-08-21 01:36:35,482 [INFO] PluginManage:359 - Loaded plugin ddr (category:tool,tabindex:6)
2026-08-21 01:36:35,482 [INFO] PluginManage:310 - Check plugin filemanager
2026-08-21 01:36:35,809 [INFO] PluginManage:359 - Loaded plugin filemanager (category:base,tabindex:10)
2026-08-21 01:36:35,809 [INFO] PluginManage:310 - Check plugin ipmanager
2026-08-21 01:36:35,825 [INFO] PluginManage:359 - Loaded plugin ipmanager (category:base,tabindex:5)
2026-08-21 01:36:35,826 [INFO] PluginManage:310 - Check plugin lpbam
2026-08-21 01:36:35,843 [INFO] PluginManage:359 - Loaded plugin lpbam (category:base,tabindex:0)
2026-08-21 01:36:35,844 [INFO] PluginManage:310 - Check plugin memorymap
2026-08-21 01:36:35,865 [INFO] PluginManage:359 - Loaded plugin memorymap (category:base,tabindex:4)
2026-08-21 01:36:35,867 [INFO] PluginManage:310 - Check plugin pinoutandconfiguration
2026-08-21 01:36:35,880 [INFO] PluginManage:359 - Loaded plugin pinoutandconfiguration (category:base,tabindex:1)
2026-08-21 01:36:35,880 [INFO] PluginManage:310 - Check plugin pinoutconfig
2026-08-21 01:36:36,064 [WARN] SupportedApi:132 - Cannot load RTOS API schema: s4s-elt-must-match.1: The content of 'definitions' must match (annotation?, (simpleType | complexType)?, (unique | key | keyref)*)). A problem was found starting at: attribute.
2026-08-21 01:36:36,316 [INFO] PluginManage:359 - Loaded plugin pinoutconfig (category:base,tabindex:0)
2026-08-21 01:36:36,316 [INFO] PluginManage:310 - Check plugin power
2026-08-21 01:36:36,334 [INFO] PluginManage:359 - Loaded plugin power (category:power,tabindex:4)
2026-08-21 01:36:36,334 [INFO] PluginManage:310 - Check plugin projectmanager
2026-08-21 01:36:36,366 [INFO] PluginManage:359 - Loaded plugin projectmanager (category:projectmanager,tabindex:4)
2026-08-21 01:36:36,367 [INFO] PluginManage:310 - Check plugin rif
2026-08-21 01:36:36,378 [INFO] PluginManage:359 - Loaded plugin rif (category:base,tabindex:3)
2026-08-21 01:36:36,378 [INFO] PluginManage:310 - Check plugin thirdparty
2026-08-21 01:36:36,622 [INFO] PluginManage:359 - Loaded plugin thirdparty (category:base,tabindex:-1)
2026-08-21 01:36:36,623 [INFO] PluginManage:310 - Check plugin tools
2026-08-21 01:36:36,622 [WARN] IntegrityCheckThread:84 - waiting for thirdparty lock release [integrity check]
2026-08-21 01:36:36,623 [INFO] IntegrityCheckThread:86 - entering critical section [integrity check]
2026-08-21 01:36:36,624 [INFO] ThirdPartyUpdaterWithRetryManager:70 - Updater plugin not ready yet. [1/15]
2026-08-21 01:36:36,639 [INFO] PluginManage:359 - Loaded plugin tools (category:base,tabindex:7)
2026-08-21 01:36:36,639 [INFO] PluginManage:310 - Check plugin tutovideos
2026-08-21 01:36:36,974 [INFO] PluginManage:359 - Loaded plugin tutovideos (category:base,tabindex:-1)
2026-08-21 01:36:36,974 [INFO] PluginManage:310 - Check plugin updater
2026-08-21 01:36:37,011 [INFO] PluginManage:359 - Loaded plugin updater (category:base,tabindex:12)
2026-08-21 01:36:37,012 [INFO] PluginManage:310 - Check plugin userauth
2026-08-21 01:36:37,019 [INFO] UserAuth:118 - Init User Auth plugin
2026-08-21 01:36:37,020 [INFO] PluginManage:359 - Loaded plugin userauth (category:base,tabindex:14)
2026-08-21 01:36:37,021 [INFO] PluginManage:283 - PluginManage : Loaded plugins [18]
2026-08-21 01:36:37,394 [INFO] PinOutPanel:1589 - setPackage(No Configuration,No Configuration)
2026-08-21 01:36:37,573 [INFO] CADModel:165 - CPN selected for project level
2026-08-21 01:36:37,573 [INFO] CADModel:114 - Register for checkConnection events
2026-08-21 01:36:37,604 [INFO] IPUIPlugin:80 - create IPUIPlugin
2026-08-21 01:36:37,604 [INFO] PluginManager:220 - loadIPPluginJar : add adc
2026-08-21 01:36:37,609 [INFO] IPUIPlugin:80 - create IPUIPlugin
2026-08-21 01:36:37,609 [INFO] PluginManager:220 - loadIPPluginJar : add aes
2026-08-21 01:36:37,615 [INFO] IPUIPlugin:80 - create IPUIPlugin
2026-08-21 01:36:37,615 [INFO] PluginManager:220 - loadIPPluginJar : add can
2026-08-21 01:36:37,618 [INFO] IPUIPlugin:80 - create IPUIPlugin
2026-08-21 01:36:37,618 [INFO] PluginManager:220 - loadIPPluginJar : add comp
2026-08-21 01:36:37,623 [INFO] IPUIPlugin:80 - create IPUIPlugin
2026-08-21 01:36:37,623 [INFO] PluginManager:220 - loadIPPluginJar : add cryp
2026-08-21 01:36:37,628 [INFO] IPUIPlugin:80 - create IPUIPlugin
2026-08-21 01:36:37,628 [INFO] PluginManager:220 - loadIPPluginJar : add ddr_ctrl_phy
2026-08-21 01:36:37,633 [INFO] IPUIPlugin:80 - create IPUIPlugin
2026-08-21 01:36:37,634 [INFO] PluginManager:220 - loadIPPluginJar : add dfsdm
2026-08-21 01:36:37,643 [INFO] IPUIPlugin:80 - create IPUIPlugin
2026-08-21 01:36:37,644 [INFO] PluginManager:220 - loadIPPluginJar : add dma
2026-08-21 01:36:37,649 [INFO] IPUIPlugin:80 - create IPUIPlugin
2026-08-21 01:36:37,650 [INFO] PluginManager:220 - loadIPPluginJar : add dma3
2026-08-21 01:36:37,654 [INFO] IPUIPlugin:80 - create IPUIPlugin
2026-08-21 01:36:37,655 [INFO] PluginManager:220 - loadIPPluginJar : add extmemmanager
2026-08-21 01:36:37,657 [INFO] IPUIPlugin:80 - create IPUIPlugin
2026-08-21 01:36:37,658 [INFO] PluginManager:220 - loadIPPluginJar : add fatfs
2026-08-21 01:36:37,666 [INFO] IPUIPlugin:80 - create IPUIPlugin
2026-08-21 01:36:37,667 [INFO] PluginManager:220 - loadIPPluginJar : add fmc
2026-08-21 01:36:37,676 [INFO] IPUIPlugin:80 - create IPUIPlugin
2026-08-21 01:36:37,676 [INFO] PluginManager:220 - loadIPPluginJar : add freertos
2026-08-21 01:36:37,680 [INFO] IPUIPlugin:80 - create IPUIPlugin
2026-08-21 01:36:37,681 [INFO] PluginManager:220 - loadIPPluginJar : add genericplugin
2026-08-21 01:36:37,685 [INFO] IPUIPlugin:80 - create IPUIPlugin
2026-08-21 01:36:37,685 [INFO] PluginManager:220 - loadIPPluginJar : add gfxmmu
2026-08-21 01:36:37,694 [INFO] IPUIPlugin:80 - create IPUIPlugin
2026-08-21 01:36:37,694 [INFO] PluginManager:220 - loadIPPluginJar : add gic
2026-08-21 01:36:37,701 [INFO] IPUIPlugin:80 - create IPUIPlugin
2026-08-21 01:36:37,702 [INFO] PluginManager:220 - loadIPPluginJar : add gpio
2026-08-21 01:36:37,707 [INFO] IPUIPlugin:80 - create IPUIPlugin
2026-08-21 01:36:37,707 [INFO] PluginManager:220 - loadIPPluginJar : add gtzc
2026-08-21 01:36:37,712 [INFO] IPUIPlugin:80 - create IPUIPlugin
2026-08-21 01:36:37,712 [INFO] PluginManager:220 - loadIPPluginJar : add hash
2026-08-21 01:36:37,717 [INFO] IPUIPlugin:80 - create IPUIPlugin
2026-08-21 01:36:37,718 [INFO] PluginManager:220 - loadIPPluginJar : add i2c
2026-08-21 01:36:37,722 [INFO] IPUIPlugin:80 - create IPUIPlugin
2026-08-21 01:36:37,723 [INFO] PluginManager:220 - loadIPPluginJar : add i2s
2026-08-21 01:36:37,727 [INFO] IPUIPlugin:80 - create IPUIPlugin
2026-08-21 01:36:37,728 [INFO] PluginManager:220 - loadIPPluginJar : add i3c
2026-08-21 01:36:37,734 [INFO] IPUIPlugin:80 - create IPUIPlugin
2026-08-21 01:36:37,735 [INFO] PluginManager:220 - loadIPPluginJar : add ipddr
2026-08-21 01:36:37,746 [INFO] IPUIPlugin:80 - create IPUIPlugin
2026-08-21 01:36:37,747 [INFO] PluginManager:220 - loadIPPluginJar : add linkedlist
2026-08-21 01:36:37,753 [INFO] IPUIPlugin:80 - create IPUIPlugin
2026-08-21 01:36:37,753 [INFO] PluginManager:220 - loadIPPluginJar : add lorawan
2026-08-21 01:36:37,755 [INFO] IPUIPlugin:80 - create IPUIPlugin
2026-08-21 01:36:37,756 [INFO] PluginManager:220 - loadIPPluginJar : add ltdc
2026-08-21 01:36:37,767 [INFO] IPUIPlugin:80 - create IPUIPlugin
2026-08-21 01:36:37,768 [INFO] PluginManager:220 - loadIPPluginJar : add mdma
2026-08-21 01:36:37,773 [INFO] IPUIPlugin:80 - create IPUIPlugin
2026-08-21 01:36:37,773 [INFO] PluginManager:220 - loadIPPluginJar : add nvic
2026-08-21 01:36:37,779 [INFO] IPUIPlugin:80 - create IPUIPlugin
2026-08-21 01:36:37,779 [INFO] PluginManager:220 - loadIPPluginJar : add opamp
2026-08-21 01:36:37,785 [INFO] IPUIPlugin:80 - create IPUIPlugin
2026-08-21 01:36:37,786 [INFO] PluginManager:220 - loadIPPluginJar : add openamp
2026-08-21 01:36:37,791 [INFO] IPUIPlugin:80 - create IPUIPlugin
2026-08-21 01:36:37,791 [INFO] PluginManager:220 - loadIPPluginJar : add pdm2pcm
2026-08-21 01:36:37,805 [INFO] IPUIPlugin:80 - create IPUIPlugin
2026-08-21 01:36:37,810 [INFO] PluginManager:220 - loadIPPluginJar : add plateformsettings
2026-08-21 01:36:37,813 [INFO] IPUIPlugin:80 - create IPUIPlugin
2026-08-21 01:36:37,813 [INFO] PluginManager:220 - loadIPPluginJar : add quadspi
2026-08-21 01:36:37,817 [INFO] IPUIPlugin:80 - create IPUIPlugin
2026-08-21 01:36:37,818 [INFO] PluginManager:220 - loadIPPluginJar : add radio
2026-08-21 01:36:37,824 [INFO] IPUIPlugin:80 - create IPUIPlugin
2026-08-21 01:36:37,824 [INFO] PluginManager:220 - loadIPPluginJar : add resmgrutility
2026-08-21 01:36:37,829 [INFO] IPUIPlugin:80 - create IPUIPlugin
2026-08-21 01:36:37,829 [INFO] PluginManager:220 - loadIPPluginJar : add sai
2026-08-21 01:36:37,834 [INFO] IPUIPlugin:80 - create IPUIPlugin
2026-08-21 01:36:37,835 [INFO] PluginManager:220 - loadIPPluginJar : add spi
2026-08-21 01:36:37,846 [INFO] IPUIPlugin:80 - create IPUIPlugin
2026-08-21 01:36:37,847 [INFO] PluginManager:220 - loadIPPluginJar : add stm32_wpan
2026-08-21 01:36:37,850 [INFO] IPUIPlugin:80 - create IPUIPlugin
2026-08-21 01:36:37,851 [INFO] PluginManager:220 - loadIPPluginJar : add tim
2026-08-21 01:36:37,856 [INFO] IPUIPlugin:80 - create IPUIPlugin
2026-08-21 01:36:37,856 [INFO] PluginManager:220 - loadIPPluginJar : add touchsensing
2026-08-21 01:36:37,860 [INFO] IPUIPlugin:80 - create IPUIPlugin
2026-08-21 01:36:37,860 [INFO] PluginManager:220 - loadIPPluginJar : add tracer_emb
2026-08-21 01:36:37,865 [INFO] IPUIPlugin:80 - create IPUIPlugin
2026-08-21 01:36:37,865 [INFO] PluginManager:220 - loadIPPluginJar : add ts
2026-08-21 01:36:37,868 [INFO] IPUIPlugin:80 - create IPUIPlugin
2026-08-21 01:36:37,868 [INFO] PluginManager:220 - loadIPPluginJar : add tsc
2026-08-21 01:36:37,871 [INFO] IPUIPlugin:80 - create IPUIPlugin
2026-08-21 01:36:37,872 [INFO] PluginManager:220 - loadIPPluginJar : add ucpd
2026-08-21 01:36:37,876 [INFO] IPUIPlugin:80 - create IPUIPlugin
2026-08-21 01:36:37,877 [INFO] PluginManager:220 - loadIPPluginJar : add usart
2026-08-21 01:36:37,883 [INFO] IPUIPlugin:80 - create IPUIPlugin
2026-08-21 01:36:37,883 [INFO] PluginManager:220 - loadIPPluginJar : add usbx
2026-08-21 01:36:38,071 [FATAL] Updater:351 - Updater called before beeing initialized
2026-08-21 01:36:38,120 [INFO] RulesReader:64 - Compatibility file has been processed (301 Rules)
2026-08-21 01:36:38,144 [INFO] RulesReader:64 - Compatibility file has been processed (301 Rules)
2026-08-21 01:36:38,155 [INFO] CADModel:165 - CPN selected for project level
2026-08-21 01:36:38,155 [INFO] CADModel:114 - Register for checkConnection events
2026-08-21 01:36:38,157 [FATAL] Updater:351 - Updater called before beeing initialized
2026-08-21 01:36:38,157 [ERROR] CADModel:125 - Updater not yet initialized, retry later 
2026-08-21 01:36:38,389 [FATAL] Updater:351 - Updater called before beeing initialized
2026-08-21 01:36:38,391 [INFO] CADModel:165 - CPN selected for project level
2026-08-21 01:36:38,392 [INFO] CADModel:114 - Register for checkConnection events
2026-08-21 01:36:38,392 [FATAL] Updater:351 - Updater called before beeing initialized
2026-08-21 01:36:38,392 [ERROR] CADModel:125 - Updater not yet initialized, retry later 
2026-08-21 01:36:38,398 [FATAL] Updater:351 - Updater called before beeing initialized
2026-08-21 01:36:38,637 [FATAL] Updater:351 - Updater called before beeing initialized
2026-08-21 01:36:38,642 [INFO] DbMcusAds:53 - JSON generation date=Wed Jul 15 18:44:54 KST 2026 (1784108694001)
2026-08-21 01:36:38,642 [FATAL] Updater:351 - Updater called before beeing initialized
2026-08-21 01:36:38,707 [WARN] DetailPanel:346 - Failed to get advertising image, set to default
2026-08-21 01:36:39,354 [FATAL] Updater:351 - Updater called before beeing initialized
2026-08-21 01:36:39,358 [FATAL] Updater:351 - Updater called before beeing initialized
2026-08-21 01:36:39,358 [FATAL] Updater:351 - Updater called before beeing initialized
2026-08-21 01:36:39,358 [WARN] DetailPanel:346 - Failed to get advertising image, set to default
2026-08-21 01:36:39,363 [FATAL] Updater:351 - Updater called before beeing initialized
2026-08-21 01:36:39,454 [ERROR] Updater:1198 - MainUpdater not yet initialized. External WinMGr cannot be set.
2026-08-21 01:36:39,457 [INFO] Updater:1134 - Updater Version found : 6.14.0
2026-08-21 01:36:39,487 [INFO] ApplicationProperties:184 - Using Application install path: C:\ST\STM32CubeIDE_1.18.0\STM32CubeIDE\plugins\com.st.stm32cube.common.mx_6.14.0.202502271554
2026-08-21 01:36:39,625 [INFO] ThirdPartyUpdaterWithRetryManager:70 - Updater plugin not ready yet. [2/15]
2026-08-21 01:36:40,036 [INFO] MainUpdater:2872 - connection check result : 10
2026-08-21 01:36:40,038 [INFO] MainUpdater:289 - Updater Check For Update Now.
2026-08-21 01:36:40,039 [INFO] MicroXplorer:498 - Change Database Version : DB.6.0.140
2026-08-21 01:36:40,048 [INFO] McuFinderGlobals:63 - Set McuFinder mode to 2 (CubeIDE integrated)
2026-08-21 01:36:40,049 [INFO] UserAuth:486 - Internet connection configuration mode: 1
2026-08-21 01:36:40,079 [INFO] JxBrowserEngine:152 - Initiate JxBrowser Engine with user profile folder
2026-08-21 01:36:40,329 [INFO] CheckServerUpdateThread:120 - End of CheckServer Thread
2026-08-21 01:36:41,294 [INFO] WebApp:169 - Instantiating new browser for Auth
2026-08-21 01:36:42,607 [INFO] WebApp:463 - Apply proxy settings
2026-08-21 01:36:42,607 [INFO] WebApp:548 - Chromium requires no authentication
2026-08-21 01:36:42,620 [INFO] WebApp:491 - Direct internet connection detected
2026-08-21 01:36:42,656 [INFO] WebApp:894 - Register for checkConnection events
2026-08-21 01:36:42,656 [INFO] WebApp:463 - Apply proxy settings
2026-08-21 01:36:42,657 [INFO] WebApp:548 - Chromium requires no authentication
2026-08-21 01:36:42,657 [INFO] WebApp:491 - Direct internet connection detected
2026-08-21 01:36:42,996 [INFO] WebApp:225 - Starting web application
2026-08-21 01:36:42,997 [INFO] WebApp:593 - Web application path used C:\ST\STM32CubeIDE_1.18.0\STM32CubeIDE\plugins\com.st.stm32cube.common.mx_6.14.0.202502271554\db\plugins\mcufinder\reactClient1\index.html
2026-08-21 01:36:43,220 [INFO] UserAuth:486 - Internet connection configuration mode: 1
2026-08-21 01:36:43,414 [WARN] PackLoader:240 - Cannot read IP mode file for STMicroelectronics.X-CUBE-AZRTOS-H7.3.5.0
2026-08-21 01:36:43,435 [WARN] PackLoader:240 - Cannot read IP mode file for STMicroelectronics.FP-SNS-MOTENVWB1.1.4.0
2026-08-21 01:36:43,444 [WARN] PackLoader:240 - Cannot read IP mode file for STMicroelectronics.FP-ATR-ASTRA1.2.0.3
2026-08-21 01:36:43,450 [WARN] PackLoader:240 - Cannot read IP mode file for STMicroelectronics.FP-ATR-ASTRA1.2.0.2
2026-08-21 01:36:43,460 [ERROR] Engine:466 - C:\Users\lthst\.stm32cubemx\thirdparties\pdsc\STMicroelectronics.X-CUBE-SMBUS.2.1.1.pdsc: PDSC version is not supported
2026-08-21 01:36:43,468 [WARN] PackLoader:240 - Cannot read IP mode file for STMicroelectronics.X-CUBE-SMBUS.2.1.0
2026-08-21 01:36:43,484 [WARN] PackLoader:240 - Cannot read IP mode file for STMicroelectronics.X-CUBE-WB05N.1.1.0
2026-08-21 01:36:43,495 [WARN] PackLoader:240 - Cannot read IP mode file for STMicroelectronics.X-CUBE-ST60.1.0.0
2026-08-21 01:36:43,563 [WARN] PackLoader:240 - Cannot read IP mode file for STMicroelectronics.X-CUBE-AZRTOS-F7.1.1.0
2026-08-21 01:36:43,574 [ERROR] Engine:466 - C:\Users\lthst\.stm32cubemx\thirdparties\pdsc\STMicroelectronics.X-CUBE-FREERTOS.1.6.0.pdsc: PDSC version is not supported
2026-08-21 01:36:43,579 [ERROR] Engine:466 - C:\Users\lthst\.stm32cubemx\thirdparties\pdsc\STMicroelectronics.FP-SNS-MOTENV1.5.1.0.pdsc: PDSC version is not supported
2026-08-21 01:36:43,629 [WARN] PackLoader:240 - Cannot read IP mode file for STMicroelectronics.X-CUBE-AZRTOS-H7RS.1.3.0
2026-08-21 01:36:43,675 [WARN] PackLoader:240 - Cannot read IP mode file for Infineon.AIROC-Wi-Fi-Bluetooth-STM32.1.7.0
2026-08-21 01:36:43,724 [WARN] PackLoader:240 - Cannot read IP mode file for STMicroelectronics.X-CUBE-AZRTOS-H7.3.4.0
2026-08-21 01:36:43,742 [WARN] PackLoader:240 - Cannot read IP mode file for STMicroelectronics.X-CUBE-DISPLAY.3.0.0
2026-08-21 01:36:43,761 [WARN] PackLoader:240 - Cannot read IP mode file for STMicroelectronics.X-CUBE-GNSS1.7.1.1
2026-08-21 01:36:43,767 [ERROR] Engine:466 - C:\Users\lthst\.stm32cubemx\thirdparties\pdsc\STMicroelectronics.FP-SNS-MOTENVWB1.1.5.0.pdsc: PDSC version is not supported
2026-08-21 01:36:43,778 [WARN] PackLoader:240 - Cannot read IP mode file for STMicroelectronics.X-CUBE-NFC10.1.0.0
2026-08-21 01:36:43,801 [WARN] PackLoader:240 - Cannot read IP mode file for STMicroelectronics.X-CUBE-BLEMGR.4.0.0
2026-08-21 01:36:43,813 [WARN] PackLoader:240 - Cannot read IP mode file for STMicroelectronics.X-CUBE-ST60.1.1.0
2026-08-21 01:36:43,826 [WARN] PackLoader:240 - Cannot read IP mode file for emotas.I-CUBE-CANOPEN.1.3.0
2026-08-21 01:36:43,827 [INFO] WebApp:191 - Connection restablished
2026-08-21 01:36:43,831 [ERROR] Engine:466 - C:\Users\lthst\.stm32cubemx\thirdparties\pdsc\STMicroelectronics.X-CUBE-WBA.1.1.0.pdsc: PDSC version is not supported
2026-08-21 01:36:43,838 [WARN] PackLoader:240 - Cannot read IP mode file for STMicroelectronics.X-CUBE-GNSS1.7.1.0
2026-08-21 01:36:43,854 [WARN] ConditionMgr:438 - getConditionDescription Invalid condition id : Cortex-A Device cause : null
2026-08-21 01:36:43,905 [WARN] ConditionMgr:1044 - genDependencies : Invalid condition id : Cortex-A Device cause : null
2026-08-21 01:36:43,905 [WARN] ConditionMgr:1044 - genDependencies : Invalid condition id : Cortex-A Device cause : null
2026-08-21 01:36:43,906 [WARN] ConditionMgr:1044 - genDependencies : Invalid condition id : Cortex-A Device cause : null
2026-08-21 01:36:43,916 [WARN] PackLoader:240 - Cannot read IP mode file for STMicroelectronics.X-CUBE-AI.10.0.0
2026-08-21 01:36:43,921 [ERROR] Engine:466 - C:\Users\lthst\.stm32cubemx\thirdparties\pdsc\STMicroelectronics.FP-SNS-STBOX1.2.1.0.pdsc: PDSC version is not supported
2026-08-21 01:36:43,930 [WARN] PackLoader:240 - Cannot read IP mode file for STMicroelectronics.FP-SNS-SMARTAG2.1.2.0
2026-08-21 01:36:43,937 [WARN] PackLoader:240 - Cannot read IP mode file for STMicroelectronics.FP-SNS-FLIGHT1.5.1.0
2026-08-21 01:36:44,060 [WARN] PackLoader:240 - Cannot read IP mode file for STMicroelectronics.X-CUBE-MEMS1.11.1.0
2026-08-21 01:36:44,463 [INFO] LogOutputStream:77 - [STDOUT_REDIRECT] 1 : Invalid condition id : UX_CORESTACK_Condition cause : null
2026-08-21 01:36:44,464 [INFO] LogOutputStream:77 - [STDOUT_REDIRECT] 1 : Invalid condition id : UX_CORESTACK_Condition cause : null
2026-08-21 01:36:44,466 [INFO] LogOutputStream:77 - [STDOUT_REDIRECT] 1 : Invalid condition id : UX_CORESTACK_Condition cause : null
2026-08-21 01:36:44,468 [INFO] LogOutputStream:77 - [STDOUT_REDIRECT] 1 : Invalid condition id : UX_CORESTACK_Condition cause : null
2026-08-21 01:36:44,470 [INFO] LogOutputStream:77 - [STDOUT_REDIRECT] 1 : Invalid condition id : UX_CORESTACK_Condition cause : null
2026-08-21 01:36:44,474 [WARN] PackLoader:240 - Cannot read IP mode file for STMicroelectronics.X-CUBE-AZRTOS-WL.2.0.0
2026-08-21 01:36:44,486 [WARN] PackLoader:240 - Cannot read IP mode file for STMicroelectronics.FP-SNS-MOTENV1.5.0.0
2026-08-21 01:36:44,520 [WARN] PackLoader:240 - Cannot read IP mode file for STMicroelectronics.X-CUBE-AZRTOS-H7RS.1.2.0
2026-08-21 01:36:44,553 [WARN] PackLoader:240 - Cannot read IP mode file for WES.I-CUBE-Cesium.1.3.0
2026-08-21 01:36:44,567 [WARN] PackLoader:240 - Cannot read IP mode file for STMicroelectronics.X-CUBE-BLE2.3.3.0
2026-08-21 01:36:44,604 [WARN] PackLoader:240 - Cannot read IP mode file for STMicroelectronics.X-CUBE-NFC9.1.0.0
2026-08-21 01:36:44,617 [WARN] PackLoader:240 - Cannot read IP mode file for STMicroelectronics.X-CUBE-BLE1.7.1.0
2026-08-21 01:36:44,627 [WARN] PackLoader:240 - Cannot read IP mode file for wolfSSL.I-CUBE-wolfMQTT.1.19.2
2026-08-21 01:36:44,631 [ERROR] Engine:466 - C:\Users\lthst\.stm32cubemx\thirdparties\pdsc\STMicroelectronics.X-CUBE-FREERTOS.1.4.0.pdsc: PDSC version is not supported
2026-08-21 01:36:44,641 [WARN] PackLoader:240 - Cannot read IP mode file for STMicroelectronics.X-CUBE-EEPRMA1.5.2.0
2026-08-21 01:36:44,650 [ERROR] Engine:466 - C:\Users\lthst\.stm32cubemx\thirdparties\pdsc\STMicroelectronics.X-CUBE-ST67W61.1.1.0.pdsc: PDSC version is not supported
2026-08-21 01:36:44,656 [WARN] PackLoader:240 - Cannot read IP mode file for STMicroelectronics.X-CUBE-AI.10.1.0
2026-08-21 01:36:44,660 [ERROR] Engine:466 - C:\Users\lthst\.stm32cubemx\thirdparties\pdsc\STMicroelectronics.FP-SNS-STAIOTCFT.1.1.0.pdsc: PDSC version is not supported
2026-08-21 01:36:44,735 [WARN] PackLoader:240 - Cannot read IP mode file for STMicroelectronics.X-CUBE-MEMS1.12.0.0
2026-08-21 01:36:44,997 [WARN] PackLoader:240 - Cannot read IP mode file for STMicroelectronics.X-CUBE-MEMS1.11.2.0
2026-08-21 01:36:45,252 [WARN] PackLoader:240 - Cannot read IP mode file for STMicroelectronics.X-CUBE-AZRTOS-G0.1.1.0
2026-08-21 01:36:45,268 [WARN] PackLoader:240 - Cannot read IP mode file for STMicroelectronics.X-CUBE-SAFEA1.1.2.2
2026-08-21 01:36:45,281 [WARN] PackLoader:240 - Cannot read IP mode file for STMicroelectronics.X-CUBE-NFC4.3.0.0
2026-08-21 01:36:45,298 [WARN] PackLoader:240 - Cannot read IP mode file for EmbeddedOffice.I-CUBE-FS-RTOS.1.0.1
2026-08-21 01:36:45,306 [WARN] PackLoader:240 - Cannot read IP mode file for STMicroelectronics.X-CUBE-WB05N.2.0.0
2026-08-21 01:36:45,316 [WARN] PackLoader:240 - Cannot read IP mode file for wolfSSL.I-CUBE-wolfTPM.3.8.0
2026-08-21 01:36:45,326 [WARN] PackLoader:240 - Cannot read IP mode file for STMicroelectronics.X-CUBE-TCPP.4.2.0
2026-08-21 01:36:45,340 [WARN] PackLoader:240 - Cannot read IP mode file for RealThread.X-CUBE-RT-Thread_Nano.4.1.1
2026-08-21 01:36:45,352 [WARN] PackLoader:240 - Cannot read IP mode file for STMicroelectronics.FP-ATR-SIGFOX1.3.2.0
2026-08-21 01:36:45,372 [WARN] PackLoader:240 - Cannot read IP mode file for STMicroelectronics.X-CUBE-EEPRMA1.5.1.0
2026-08-21 01:36:45,384 [ERROR] Engine:466 - C:\Users\lthst\.stm32cubemx\thirdparties\pdsc\STMicroelectronics.X-CUBE-FREERTOS.1.5.0.pdsc: PDSC version is not supported
2026-08-21 01:36:45,396 [WARN] PackLoader:240 - Cannot read IP mode file for wolfSSL.I-CUBE-wolfSSL.5.7.6
2026-08-21 01:36:45,416 [WARN] PackLoader:240 - Cannot read IP mode file for ITTIA_DB.I-CUBE-ITTIADB.8.9.0
2026-08-21 01:36:45,429 [WARN] PackLoader:240 - Cannot read IP mode file for STMicroelectronics.X-CUBE-NFC6.3.2.0
2026-08-21 01:36:45,443 [WARN] PackLoader:240 - Cannot read IP mode file for STMicroelectronics.X-CUBE-ST67W61.1.0.0
2026-08-21 01:36:45,451 [WARN] PackLoader:240 - Cannot read IP mode file for STMicroelectronics.X-CUBE-AI.10.2.1
2026-08-21 01:36:45,456 [WARN] PackLoader:240 - Cannot read IP mode file for STMicroelectronics.X-CUBE-AI.10.2.0
2026-08-21 01:36:45,547 [WARN] PackLoader:240 - Cannot read IP mode file for STMicroelectronics.X-CUBE-MEMS1.12.1.0
2026-08-21 01:36:45,736 [WARN] PackLoader:240 - Cannot read IP mode file for SEGGER.I-CUBE-embOS.1.3.1
2026-08-21 01:36:45,815 [WARN] PackLoader:240 - Cannot read IP mode file for STMicroelectronics.X-CUBE-ALGOBUILD.1.4.0
2026-08-21 01:36:45,922 [WARN] PackLoader:240 - Cannot read IP mode file for STMicroelectronics.X-CUBE-MEMS1.11.3.0
2026-08-21 01:36:46,148 [WARN] PackLoader:240 - Cannot read IP mode file for STMicroelectronics.X-CUBE-NFC13.1.0.0
2026-08-21 01:36:46,158 [WARN] PackLoader:240 - Cannot read IP mode file for STMicroelectronics.X-CUBE-PM33A1.1.0.0
2026-08-21 01:36:46,183 [WARN] PackLoader:240 - Cannot read IP mode file for STMicroelectronics.X-CUBE-AZRTOS-F4.1.1.0
2026-08-21 01:36:46,194 [WARN] PackLoader:240 - Cannot read IP mode file for Avnet-IotConnect.X-CUBE-IoTC-DA16k-PMOD.1.0.0
2026-08-21 01:36:46,202 [WARN] PackLoader:240 - Cannot read IP mode file for STMicroelectronics.X-CUBE-ISPU.2.1.0
2026-08-21 01:36:46,210 [ERROR] Engine:466 - C:\Users\lthst\.stm32cubemx\thirdparties\pdsc\STMicroelectronics.X-CUBE-IPS.3.2.0.pdsc: PDSC version is not supported
2026-08-21 01:36:46,220 [WARN] PackLoader:240 - Cannot read IP mode file for STMicroelectronics.eDS-WB_DPC_TT-BIDIR.2.1.1
2026-08-21 01:36:46,237 [WARN] PackLoader:240 - Cannot read IP mode file for STMicroelectronics.X-CUBE-NFC12.1.0.0
2026-08-21 01:36:46,264 [WARN] PackLoader:240 - Cannot read IP mode file for STMicroelectronics.X-CUBE-AZRTOS-L5.2.0.0
2026-08-21 01:36:46,278 [WARN] PackLoader:240 - Cannot read IP mode file for STMicroelectronics.X-CUBE-NFC6.3.1.0
2026-08-21 01:36:46,289 [WARN] PackLoader:240 - Cannot read IP mode file for STMicroelectronics.X-CUBE-ALGOBUILD.1.5.0
2026-08-21 01:36:46,299 [WARN] PackLoader:240 - Cannot read IP mode file for STMicroelectronics.X-CUBE-DPower.1.2.0
2026-08-21 01:36:46,306 [WARN] PackLoader:240 - Cannot read IP mode file for STMicroelectronics.eDS-WB_DPC_VIENNA.1.2.0
2026-08-21 01:36:46,365 [WARN] PackLoader:240 - Cannot read IP mode file for STMicroelectronics.X-CUBE-MEMS1.13.0.0
2026-08-21 01:36:46,495 [WARN] PackLoader:240 - Cannot read IP mode file for STMicroelectronics.eDS-WB_DPC_3PH2L-BIDIR.1.1.1
2026-08-21 01:36:46,500 [ERROR] Engine:466 - C:\Users\lthst\.stm32cubemx\thirdparties\pdsc\STMicroelectronics.X-CUBE-ST67W61.1.3.0.pdsc: PDSC version is not supported
2026-08-21 01:36:46,510 [WARN] PackLoader:240 - Cannot read IP mode file for STMicroelectronics.X-CUBE-FREERTOS.1.3.1
2026-08-21 01:36:46,518 [WARN] PackLoader:240 - Cannot read IP mode file for STMicroelectronics.X-CUBE-FREERTOS.1.3.0
2026-08-21 01:36:46,526 [WARN] PackLoader:240 - Cannot read IP mode file for STMicroelectronics.X-CUBE-NFC7.1.0.1
2026-08-21 01:36:46,536 [WARN] PackLoader:240 - Cannot read IP mode file for STMicroelectronics.X-CUBE-TOUCHGFX.4.26.0
2026-08-21 01:36:46,541 [WARN] PackLoader:240 - Cannot read IP mode file for STMicroelectronics.X-CUBE-TOUCHGFX.4.26.1
2026-08-21 01:36:46,549 [WARN] PackLoader:240 - Cannot read IP mode file for STMicroelectronics.FP-SNS-STAIOTCFT.1.0.0
2026-08-21 01:36:46,556 [WARN] PackLoader:240 - Cannot read IP mode file for STMicroelectronics.X-CUBE-DPower.1.3.0
2026-08-21 01:36:46,585 [WARN] ConditionMgr:438 - getConditionDescription Invalid condition id : LAN8742 Phy interface Condition cause : null
2026-08-21 01:36:46,586 [WARN] PackLoader:240 - Cannot read IP mode file for STMicroelectronics.X-CUBE-AZRTOS-L4.2.0.0
2026-08-21 01:36:46,588 [WARN] ConditionMgr:1044 - genDependencies : Invalid condition id : LAN8742 Phy interface Condition cause : null
2026-08-21 01:36:46,589 [WARN] ConditionMgr:1044 - genDependencies : Invalid condition id : LAN8742 Phy interface Condition cause : null
2026-08-21 01:36:46,589 [WARN] ConditionMgr:1044 - genDependencies : Invalid condition id : LAN8742 Phy interface Condition cause : null
2026-08-21 01:36:46,625 [WARN] PackLoader:240 - Cannot read IP mode file for STMicroelectronics.X-CUBE-SFXS2LP1.4.0.0
2026-08-21 01:36:46,635 [WARN] PackLoader:240 - Cannot read IP mode file for STMicroelectronics.X-CUBE-WB05N.2.1.0
2026-08-21 01:36:46,641 [ERROR] Engine:466 - C:\Users\lthst\.stm32cubemx\thirdparties\pdsc\STMicroelectronics.X-CUBE-ST67W61.1.2.0.pdsc: PDSC version is not supported
2026-08-21 01:36:46,672 [WARN] PackLoader:240 - Cannot read IP mode file for STMicroelectronics.X-CUBE-AZRTOS-H7.3.3.0
2026-08-21 01:36:46,691 [WARN] PackLoader:240 - Cannot read IP mode file for STMicroelectronics.X-CUBE-BLEMGR.4.1.0
2026-08-21 01:36:46,720 [WARN] ConditionMgr:438 - getConditionDescription Invalid condition id : UX DEVICE CLASS RTOS Condition cause : null
2026-08-21 01:36:46,721 [WARN] ConditionMgr:438 - getConditionDescription Invalid condition id : UX DEVICE CLASS RTOS Condition cause : null
2026-08-21 01:36:46,724 [WARN] PackLoader:240 - Cannot read IP mode file for STMicroelectronics.X-CUBE-AZRTOS-WB.2.0.0
2026-08-21 01:36:46,725 [WARN] ConditionMgr:1044 - genDependencies : Invalid condition id : UX DEVICE CLASS RTOS Condition cause : null
2026-08-21 01:36:46,725 [WARN] ConditionMgr:1044 - genDependencies : Invalid condition id : UX DEVICE CLASS RTOS Condition cause : null
2026-08-21 01:36:46,726 [WARN] ConditionMgr:1044 - genDependencies : Invalid condition id : UX DEVICE CLASS RTOS Condition cause : null
2026-08-21 01:36:46,726 [WARN] ConditionMgr:1044 - genDependencies : Invalid condition id : UX DEVICE CLASS RTOS Condition cause : null
2026-08-21 01:36:46,726 [WARN] ConditionMgr:1044 - genDependencies : Invalid condition id : UX DEVICE CLASS RTOS Condition cause : null
2026-08-21 01:36:46,737 [WARN] PackLoader:240 - Cannot read IP mode file for STMicroelectronics.X-CUBE-GNSS1.7.0.1
2026-08-21 01:36:46,746 [WARN] PackLoader:240 - Cannot read IP mode file for STMicroelectronics.X-CUBE-TOUCHGFX.4.25.0
2026-08-21 01:36:46,755 [WARN] PackLoader:240 - Cannot read IP mode file for STMicroelectronics.FP-SNS-STBOX1.2.0.0
2026-08-21 01:36:46,774 [WARN] PackLoader:240 - Cannot read IP mode file for STMicroelectronics.X-CUBE-STSE01.2.0.0
2026-08-21 01:36:46,795 [WARN] PackLoader:240 - Cannot read IP mode file for STMicroelectronics.X-CUBE-SUBG2.5.0.0
2026-08-21 01:36:46,832 [WARN] PackLoader:240 - Cannot read IP mode file for STMicroelectronics.X-CUBE-AZRTOS-H7RS.1.1.0
2026-08-21 01:36:46,849 [WARN] PackLoader:240 - Cannot read IP mode file for Cesanta.I-CUBE-Mongoose.7.13.0
2026-08-21 01:36:46,875 [WARN] PackLoader:240 - Cannot read IP mode file for STMicroelectronics.X-CUBE-AZRTOS-G4.2.0.0
2026-08-21 01:36:46,886 [WARN] PackLoader:240 - Cannot read IP mode file for wolfSSL.I-CUBE-wolfSSH.1.4.20
2026-08-21 01:36:46,893 [WARN] PackLoader:240 - Cannot read IP mode file for STMicroelectronics.X-CUBE-NFC7.2.0.0
2026-08-21 01:36:46,909 [WARN] PackLoader:240 - Cannot read IP mode file for STMicroelectronics.X-CUBE-IPS.3.1.0
2026-08-21 01:36:46,923 [ERROR] Engine:466 - C:\Users\lthst\.stm32cubemx\thirdparties\pdsc\STMicroelectronics.X-CUBE-BLEMGR.4.2.0.pdsc: PDSC version is not supported
2026-08-21 01:36:46,931 [WARN] PackLoader:240 - Cannot read IP mode file for STMicroelectronics.X-CUBE-ALS.1.0.2
2026-08-21 01:36:46,941 [WARN] PackLoader:240 - Cannot read IP mode file for STMicroelectronics.X-CUBE-STSE01.1.0.0
2026-08-21 01:36:46,953 [WARN] PackLoader:240 - Cannot read IP mode file for portGmbH.I-Cube-SoM-uGOAL.1.1.0
2026-08-21 01:36:46,970 [WARN] PackLoader:240 - Cannot read IP mode file for STMicroelectronics.X-CUBE-TOF1.3.4.2
2026-08-21 01:36:46,996 [WARN] PackLoader:240 - Cannot read IP mode file for STMicroelectronics.X-CUBE-TOF1.3.4.3
2026-08-21 01:36:47,016 [INFO] ThirdParty:978 - Integrity check success = true
2026-08-21 01:36:47,016 [INFO] IntegrityCheckThread:100 - exiting critical section [integrity check]
2026-08-21 01:36:47,017 [INFO] IntegrityCheckThread:103 - End integrity checks thread
2026-08-21 01:38:03,173 [INFO] WebApp:194 - Connection lost
2026-08-21 01:38:03,379 [INFO] WebApp:191 - Connection restablished
2026-08-21 01:38:05,291 [INFO] WebApp:194 - Connection lost
2026-08-21 01:38:05,677 [INFO] WebApp:191 - Connection restablished
